Using GPU
Args in experiment:
[1mBasic Config[0m
  Task Name:          long_term_forecast  Is Training:        1                   
  Model ID:           ETTh2_336_336_p12_r10Model:              LUMA                

[1mData Loader[0m
  Data:               ETTh2               Root Path:          ./dataset/ETT-small/
  Data Path:          ETTh2.csv           Features:           M                   
  Target:             OT                  Freq:               h                   
  Checkpoints:        ./checkpoints/      

[1mForecasting Task[0m
  Seq Len:            336                 Label Len:          48                  
  Pred Len:           336                 Seasonal Patterns:  Monthly             
  Inverse:            0                   

[1mModel Parameters[0m
  Top k:              5                   Num Kernels:        6                   
  Enc In:             7                   Dec In:             7                   
  C Out:              7                   d model:            512                 
  n heads:            8                   e layers:           2                   
  d layers:           1                   d FF:               2048                
  Moving Avg:         25                  Factor:             1                   
  Distil:             1                   Dropout:            0.001               
  Embed:              timeF               Activation:         gelu                

[1mRun Parameters[0m
  Num Workers:        10                  Itr:                1                   
  Train Epochs:       30                  Batch Size:         256                 
  Patience:           5                   Learning Rate:      0.03                
  Des:                Exp                 Loss:               MSE                 
  Lradj:              type1               Use Amp:            0                   

[1mGPU[0m
  Use GPU:            1                   GPU:                0                   
  Use Multi GPU:      0                   Devices:            0,1,2,3             

[1mDe-stationary Projector Params[0m
  P Hidden Dims:      128, 128            P Hidden Layers:    2                   

Use GPU: cuda:0
[LUMA] period_len=12  rank=10  seg_x=28  seg_y=28  task=long_term_forecast
>>>>>>>start training : long_term_forecast_ETTh2_336_336_p12_r10_LUMA_ETTh2_ftM_sl336_ll48_pl336_dm512_nh8_el2_dl1_df2048_expand2_dc4_fc1_ebtimeF_dtTrue_Exp_0>>>>>>>>>>>>>>>>>>>>>>>>>>
+---------------+------------+
|    Modules    | Parameters |
+---------------+------------+
| conv1d.weight |     13     |
|   lowrank.U   |    280     |
|   lowrank.s   |     10     |
|   lowrank.V   |    280     |
+---------------+------------+
Total Trainable Params: 583
train 7969
val 2545
test 2545
Epoch: 1 cost time: 2.9420533180236816
Epoch: 1, Steps: 32 | Train Loss: 0.6489999 Vali Loss: 0.3863164 Test Loss: 0.3643821
Validation loss decreased (inf --> 0.386316).  Saving model ...
Updating learning rate to 0.03
Epoch: 2 cost time: 2.1437771320343018
Epoch: 2, Steps: 32 | Train Loss: 0.6216480 Vali Loss: 0.3686887 Test Loss: 0.3706589
Validation loss decreased (0.386316 --> 0.368689).  Saving model ...
Updating learning rate to 0.015
Epoch: 3 cost time: 1.9174842834472656
Epoch: 3, Steps: 32 | Train Loss: 0.6180066 Vali Loss: 0.3689038 Test Loss: 0.3678650
EarlyStopping counter: 1 out of 5
Updating learning rate to 0.0075
Epoch: 4 cost time: 1.6693377494812012
Epoch: 4, Steps: 32 | Train Loss: 0.6083235 Vali Loss: 0.3736783 Test Loss: 0.3630490
EarlyStopping counter: 2 out of 5
Updating learning rate to 0.00375
Epoch: 5 cost time: 1.1446630954742432
Epoch: 5, Steps: 32 | Train Loss: 0.6161486 Vali Loss: 0.3726898 Test Loss: 0.3632913
EarlyStopping counter: 3 out of 5
Updating learning rate to 0.001875
Epoch: 6 cost time: 1.3105955123901367
Epoch: 6, Steps: 32 | Train Loss: 0.6073496 Vali Loss: 0.3699322 Test Loss: 0.3663195
EarlyStopping counter: 4 out of 5
Updating learning rate to 0.0009375
Epoch: 7 cost time: 1.1259160041809082
Epoch: 7, Steps: 32 | Train Loss: 0.6102160 Vali Loss: 0.3729420 Test Loss: 0.3632336
EarlyStopping counter: 5 out of 5
Early stopping
>>>>>>>testing : long_term_forecast_ETTh2_336_336_p12_r10_LUMA_ETTh2_ftM_sl336_ll48_pl336_dm512_nh8_el2_dl1_df2048_expand2_dc4_fc1_ebtimeF_dtTrue_Exp_0<<<<<<<<<<<<<<<<<<<<<<<<<<<<<<<<<
test 2545
test shape: (2545, 336, 7) (2545, 336, 7)
test shape: (2545, 336, 7) (2545, 336, 7)
mse:0.36775919795036316, mae:0.400308221578598, dtw:Not calculated
