Using GPU
Args in experiment:
[1mBasic Config[0m
  Task Name:          long_term_forecast  Is Training:        1                   
  Model ID:           custom_336_96_p4_r10Model:              LUMA                

[1mData Loader[0m
  Data:               custom              Root Path:          ./dataset/ETT-small/
  Data Path:          ETTh2.csv           Features:           M                   
  Target:             OT                  Freq:               h                   
  Checkpoints:        ./checkpoints/      

[1mForecasting Task[0m
  Seq Len:            336                 Label Len:          48                  
  Pred Len:           96                  Seasonal Patterns:  Monthly             
  Inverse:            0                   

[1mModel Parameters[0m
  Top k:              5                   Num Kernels:        6                   
  Enc In:             7                   Dec In:             7                   
  C Out:              7                   d model:            512                 
  n heads:            8                   e layers:           2                   
  d layers:           1                   d FF:               2048                
  Moving Avg:         25                  Factor:             1                   
  Distil:             1                   Dropout:            0.001               
  Embed:              timeF               Activation:         gelu                

[1mRun Parameters[0m
  Num Workers:        10                  Itr:                1                   
  Train Epochs:       30                  Batch Size:         256                 
  Patience:           5                   Learning Rate:      0.03                
  Des:                Exp                 Loss:               MSE                 
  Lradj:              type1               Use Amp:            0                   

[1mGPU[0m
  Use GPU:            1                   GPU:                0                   
  Use Multi GPU:      0                   Devices:            0,1,2,3             

[1mDe-stationary Projector Params[0m
  P Hidden Dims:      128, 128            P Hidden Layers:    2                   

Use GPU: cuda:0
[LUMA] period_len=4  rank=10  seg_x=84  seg_y=24  task=long_term_forecast
>>>>>>>start training : long_term_forecast_custom_336_96_p4_r10_LUMA_custom_ftM_sl336_ll48_pl96_dm512_nh8_el2_dl1_df2048_expand2_dc4_fc1_ebtimeF_dtTrue_Exp_0>>>>>>>>>>>>>>>>>>>>>>>>>>
+---------------+------------+
|    Modules    | Parameters |
+---------------+------------+
| conv1d.weight |     5      |
|   lowrank.U   |    240     |
|   lowrank.s   |     10     |
|   lowrank.V   |    840     |
+---------------+------------+
Total Trainable Params: 1095
train 11763
val 1647
test 3389
Epoch: 1 cost time: 1.5981316566467285
Epoch: 1, Steps: 46 | Train Loss: 0.3171898 Vali Loss: 0.2650967 Test Loss: 0.1724368
Validation loss decreased (inf --> 0.265097).  Saving model ...
Updating learning rate to 0.03
Epoch: 2 cost time: 0.9137582778930664
Epoch: 2, Steps: 46 | Train Loss: 0.2928896 Vali Loss: 0.2563735 Test Loss: 0.1674466
Validation loss decreased (0.265097 --> 0.256373).  Saving model ...
Updating learning rate to 0.015
Epoch: 3 cost time: 0.872934103012085
Epoch: 3, Steps: 46 | Train Loss: 0.2883801 Vali Loss: 0.2448571 Test Loss: 0.1646173
Validation loss decreased (0.256373 --> 0.244857).  Saving model ...
Updating learning rate to 0.0075
Epoch: 4 cost time: 0.7529630661010742
Epoch: 4, Steps: 46 | Train Loss: 0.2863151 Vali Loss: 0.2454851 Test Loss: 0.1647806
EarlyStopping counter: 1 out of 5
Updating learning rate to 0.00375
Epoch: 5 cost time: 0.6928887367248535
Epoch: 5, Steps: 46 | Train Loss: 0.2848829 Vali Loss: 0.2442923 Test Loss: 0.1647194
Validation loss decreased (0.244857 --> 0.244292).  Saving model ...
Updating learning rate to 0.001875
Epoch: 6 cost time: 0.8280599117279053
Epoch: 6, Steps: 46 | Train Loss: 0.2843423 Vali Loss: 0.2474248 Test Loss: 0.1642307
EarlyStopping counter: 1 out of 5
Updating learning rate to 0.0009375
Epoch: 7 cost time: 0.7954785823822021
Epoch: 7, Steps: 46 | Train Loss: 0.2841667 Vali Loss: 0.2464437 Test Loss: 0.1643698
EarlyStopping counter: 2 out of 5
Updating learning rate to 0.00046875
Epoch: 8 cost time: 0.7423834800720215
Epoch: 8, Steps: 46 | Train Loss: 0.2839119 Vali Loss: 0.2460313 Test Loss: 0.1643579
EarlyStopping counter: 3 out of 5
Updating learning rate to 0.000234375
Epoch: 9 cost time: 0.8474111557006836
Epoch: 9, Steps: 46 | Train Loss: 0.2838053 Vali Loss: 0.2483514 Test Loss: 0.1645106
EarlyStopping counter: 4 out of 5
Updating learning rate to 0.0001171875
Epoch: 10 cost time: 0.8037676811218262
Epoch: 10, Steps: 46 | Train Loss: 0.2838838 Vali Loss: 0.2481614 Test Loss: 0.1644944
EarlyStopping counter: 5 out of 5
Early stopping
>>>>>>>testing : long_term_forecast_custom_336_96_p4_r10_LUMA_custom_ftM_sl336_ll48_pl96_dm512_nh8_el2_dl1_df2048_expand2_dc4_fc1_ebtimeF_dtTrue_Exp_0<<<<<<<<<<<<<<<<<<<<<<<<<<<<<<<<<
test 3389
test shape: (3389, 96, 7) (3389, 96, 7)
test shape: (3389, 96, 7) (3389, 96, 7)
mse:0.1686200052499771, mae:0.28040236234664917, dtw:Not calculated
