Using GPU
Args in experiment:
[1mBasic Config[0m
  Task Name:          long_term_forecast  Is Training:        1                   
  Model ID:           ETTh2_336_192_p8_r8 Model:              LUMA                

[1mData Loader[0m
  Data:               ETTh2               Root Path:          ./dataset/ETT-small/
  Data Path:          ETTh2.csv           Features:           M                   
  Target:             OT                  Freq:               h                   
  Checkpoints:        ./checkpoints/      

[1mForecasting Task[0m
  Seq Len:            336                 Label Len:          48                  
  Pred Len:           192                 Seasonal Patterns:  Monthly             
  Inverse:            0                   

[1mModel Parameters[0m
  Top k:              5                   Num Kernels:        6                   
  Enc In:             7                   Dec In:             7                   
  C Out:              7                   d model:            512                 
  n heads:            8                   e layers:           2                   
  d layers:           1                   d FF:               2048                
  Moving Avg:         25                  Factor:             1                   
  Distil:             1                   Dropout:            0.001               
  Embed:              timeF               Activation:         gelu                

[1mRun Parameters[0m
  Num Workers:        10                  Itr:                1                   
  Train Epochs:       30                  Batch Size:         256                 
  Patience:           5                   Learning Rate:      0.03                
  Des:                Exp                 Loss:               MSE                 
  Lradj:              type1               Use Amp:            0                   

[1mGPU[0m
  Use GPU:            1                   GPU:                0                   
  Use Multi GPU:      0                   Devices:            0,1,2,3             

[1mDe-stationary Projector Params[0m
  P Hidden Dims:      128, 128            P Hidden Layers:    2                   

Use GPU: cuda:0
[LUMA] period_len=8  rank=8  seg_x=42  seg_y=24  task=long_term_forecast
>>>>>>>start training : long_term_forecast_ETTh2_336_192_p8_r8_LUMA_ETTh2_ftM_sl336_ll48_pl192_dm512_nh8_el2_dl1_df2048_expand2_dc4_fc1_ebtimeF_dtTrue_Exp_0>>>>>>>>>>>>>>>>>>>>>>>>>>
+---------------+------------+
|    Modules    | Parameters |
+---------------+------------+
| conv1d.weight |     9      |
|   lowrank.U   |    192     |
|   lowrank.s   |     8      |
|   lowrank.V   |    336     |
+---------------+------------+
Total Trainable Params: 545
train 8113
val 2689
test 2689
Epoch: 1 cost time: 1.854750394821167
Epoch: 1, Steps: 32 | Train Loss: 0.5602545 Vali Loss: 0.2899328 Test Loss: 0.3577123
Validation loss decreased (inf --> 0.289933).  Saving model ...
Updating learning rate to 0.03
Epoch: 2 cost time: 0.9712746143341064
Epoch: 2, Steps: 32 | Train Loss: 0.5196890 Vali Loss: 0.2842805 Test Loss: 0.3571178
Validation loss decreased (0.289933 --> 0.284281).  Saving model ...
Updating learning rate to 0.015
Epoch: 3 cost time: 1.3184351921081543
Epoch: 3, Steps: 32 | Train Loss: 0.5131414 Vali Loss: 0.2828726 Test Loss: 0.3584071
Validation loss decreased (0.284281 --> 0.282873).  Saving model ...
Updating learning rate to 0.0075
Epoch: 4 cost time: 1.3040144443511963
Epoch: 4, Steps: 32 | Train Loss: 0.5125105 Vali Loss: 0.2757144 Test Loss: 0.3604371
Validation loss decreased (0.282873 --> 0.275714).  Saving model ...
Updating learning rate to 0.00375
Epoch: 5 cost time: 1.1096794605255127
Epoch: 5, Steps: 32 | Train Loss: 0.5109127 Vali Loss: 0.2773262 Test Loss: 0.3571375
EarlyStopping counter: 1 out of 5
Updating learning rate to 0.001875
Epoch: 6 cost time: 1.3043577671051025
Epoch: 6, Steps: 32 | Train Loss: 0.5094342 Vali Loss: 0.2778789 Test Loss: 0.3578597
EarlyStopping counter: 2 out of 5
Updating learning rate to 0.0009375
Epoch: 7 cost time: 1.453190803527832
Epoch: 7, Steps: 32 | Train Loss: 0.5114579 Vali Loss: 0.2797612 Test Loss: 0.3574686
EarlyStopping counter: 3 out of 5
Updating learning rate to 0.00046875
Epoch: 8 cost time: 1.1132123470306396
Epoch: 8, Steps: 32 | Train Loss: 0.5098643 Vali Loss: 0.2771971 Test Loss: 0.3576973
EarlyStopping counter: 4 out of 5
Updating learning rate to 0.000234375
Epoch: 9 cost time: 2.369697332382202
Epoch: 9, Steps: 32 | Train Loss: 0.5110962 Vali Loss: 0.2772667 Test Loss: 0.3577400
EarlyStopping counter: 5 out of 5
Early stopping
>>>>>>>testing : long_term_forecast_ETTh2_336_192_p8_r8_LUMA_ETTh2_ftM_sl336_ll48_pl192_dm512_nh8_el2_dl1_df2048_expand2_dc4_fc1_ebtimeF_dtTrue_Exp_0<<<<<<<<<<<<<<<<<<<<<<<<<<<<<<<<<
test 2689
test shape: (2689, 192, 7) (2689, 192, 7)
test shape: (2689, 192, 7) (2689, 192, 7)
mse:0.3413739502429962, mae:0.37752118706703186, dtw:Not calculated
