Using GPU
Args in experiment:
[1mBasic Config[0m
  Task Name:          long_term_forecast  Is Training:        1                   
  Model ID:           custom_336_192_p2_r10Model:              LUMA                

[1mData Loader[0m
  Data:               custom              Root Path:          ./dataset/ETT-small/
  Data Path:          ETTm2.csv           Features:           M                   
  Target:             OT                  Freq:               t                   
  Checkpoints:        ./checkpoints/      

[1mForecasting Task[0m
  Seq Len:            336                 Label Len:          48                  
  Pred Len:           192                 Seasonal Patterns:  Monthly             
  Inverse:            0                   

[1mModel Parameters[0m
  Top k:              5                   Num Kernels:        6                   
  Enc In:             7                   Dec In:             7                   
  C Out:              7                   d model:            512                 
  n heads:            8                   e layers:           2                   
  d layers:           1                   d FF:               2048                
  Moving Avg:         25                  Factor:             1                   
  Distil:             1                   Dropout:            0.001               
  Embed:              timeF               Activation:         gelu                

[1mRun Parameters[0m
  Num Workers:        10                  Itr:                1                   
  Train Epochs:       30                  Batch Size:         256                 
  Patience:           5                   Learning Rate:      0.03                
  Des:                Exp                 Loss:               MSE                 
  Lradj:              type1               Use Amp:            0                   

[1mGPU[0m
  Use GPU:            1                   GPU:                0                   
  Use Multi GPU:      0                   Devices:            0,1,2,3             

[1mDe-stationary Projector Params[0m
  P Hidden Dims:      128, 128            P Hidden Layers:    2                   

Use GPU: cuda:0
[LUMA] period_len=2  rank=10  seg_x=168  seg_y=96  task=long_term_forecast
>>>>>>>start training : long_term_forecast_custom_336_192_p2_r10_LUMA_custom_ftM_sl336_ll48_pl192_dm512_nh8_el2_dl1_df2048_expand2_dc4_fc1_ebtimeF_dtTrue_Exp_0>>>>>>>>>>>>>>>>>>>>>>>>>>
+---------------+------------+
|    Modules    | Parameters |
+---------------+------------+
| conv1d.weight |     3      |
|   lowrank.U   |    960     |
|   lowrank.s   |     10     |
|   lowrank.V   |    1680    |
+---------------+------------+
Total Trainable Params: 2653
train 48249
val 6777
test 13745
	iters: 100, epoch: 1 | loss: 0.1921558
	speed: 0.0312s/iter; left time: 173.9511s
Epoch: 1 cost time: 3.2856106758117676
Epoch: 1, Steps: 189 | Train Loss: 0.2215812 Vali Loss: 0.2056708 Test Loss: 0.1488011
Validation loss decreased (inf --> 0.205671).  Saving model ...
Updating learning rate to 0.03
	iters: 100, epoch: 2 | loss: 0.2136808
	speed: 0.0426s/iter; left time: 229.3685s
Epoch: 2 cost time: 2.5065255165100098
Epoch: 2, Steps: 189 | Train Loss: 0.2158160 Vali Loss: 0.2108705 Test Loss: 0.1536195
EarlyStopping counter: 1 out of 5
Updating learning rate to 0.015
	iters: 100, epoch: 3 | loss: 0.1760669
	speed: 0.0399s/iter; left time: 207.2001s
Epoch: 3 cost time: 2.3729660511016846
Epoch: 3, Steps: 189 | Train Loss: 0.2120888 Vali Loss: 0.2033983 Test Loss: 0.1440638
Validation loss decreased (0.205671 --> 0.203398).  Saving model ...
Updating learning rate to 0.0075
	iters: 100, epoch: 4 | loss: 0.2598304
	speed: 0.0432s/iter; left time: 216.1775s
Epoch: 4 cost time: 2.69160795211792
Epoch: 4, Steps: 189 | Train Loss: 0.2108985 Vali Loss: 0.2023745 Test Loss: 0.1463748
Validation loss decreased (0.203398 --> 0.202374).  Saving model ...
Updating learning rate to 0.00375
	iters: 100, epoch: 5 | loss: 0.1600488
	speed: 0.0412s/iter; left time: 198.2186s
Epoch: 5 cost time: 2.3488590717315674
Epoch: 5, Steps: 189 | Train Loss: 0.2104302 Vali Loss: 0.1980193 Test Loss: 0.1432582
Validation loss decreased (0.202374 --> 0.198019).  Saving model ...
Updating learning rate to 0.001875
	iters: 100, epoch: 6 | loss: 0.2719274
	speed: 0.0403s/iter; left time: 186.5808s
Epoch: 6 cost time: 2.4341187477111816
Epoch: 6, Steps: 189 | Train Loss: 0.2104212 Vali Loss: 0.1985890 Test Loss: 0.1437348
EarlyStopping counter: 1 out of 5
Updating learning rate to 0.0009375
	iters: 100, epoch: 7 | loss: 0.2213804
	speed: 0.0428s/iter; left time: 189.8598s
Epoch: 7 cost time: 2.2175333499908447
Epoch: 7, Steps: 189 | Train Loss: 0.2096718 Vali Loss: 0.1992830 Test Loss: 0.1442774
EarlyStopping counter: 2 out of 5
Updating learning rate to 0.00046875
	iters: 100, epoch: 8 | loss: 0.1844401
	speed: 0.0399s/iter; left time: 169.6445s
Epoch: 8 cost time: 2.2871053218841553
