Using GPU
Args in experiment:
[1mBasic Config[0m
  Task Name:          long_term_forecast  Is Training:        1                   
  Model ID:           custom_336_96_p2_r10Model:              LUMA                

[1mData Loader[0m
  Data:               custom              Root Path:          ./dataset/ETT-small/
  Data Path:          ETTm2.csv           Features:           M                   
  Target:             OT                  Freq:               t                   
  Checkpoints:        ./checkpoints/      

[1mForecasting Task[0m
  Seq Len:            336                 Label Len:          48                  
  Pred Len:           96                  Seasonal Patterns:  Monthly             
  Inverse:            0                   

[1mModel Parameters[0m
  Top k:              5                   Num Kernels:        6                   
  Enc In:             7                   Dec In:             7                   
  C Out:              7                   d model:            512                 
  n heads:            8                   e layers:           2                   
  d layers:           1                   d FF:               2048                
  Moving Avg:         25                  Factor:             1                   
  Distil:             1                   Dropout:            0.001               
  Embed:              timeF               Activation:         gelu                

[1mRun Parameters[0m
  Num Workers:        10                  Itr:                1                   
  Train Epochs:       30                  Batch Size:         256                 
  Patience:           5                   Learning Rate:      0.03                
  Des:                Exp                 Loss:               MSE                 
  Lradj:              type1               Use Amp:            0                   

[1mGPU[0m
  Use GPU:            1                   GPU:                0                   
  Use Multi GPU:      0                   Devices:            0,1,2,3             

[1mDe-stationary Projector Params[0m
  P Hidden Dims:      128, 128            P Hidden Layers:    2                   

Use GPU: cuda:0
[LUMA] period_len=2  rank=10  seg_x=168  seg_y=48  task=long_term_forecast
>>>>>>>start training : long_term_forecast_custom_336_96_p2_r10_LUMA_custom_ftM_sl336_ll48_pl96_dm512_nh8_el2_dl1_df2048_expand2_dc4_fc1_ebtimeF_dtTrue_Exp_0>>>>>>>>>>>>>>>>>>>>>>>>>>
+---------------+------------+
|    Modules    | Parameters |
+---------------+------------+
| conv1d.weight |     3      |
|   lowrank.U   |    480     |
|   lowrank.s   |     10     |
|   lowrank.V   |    1680    |
+---------------+------------+
Total Trainable Params: 2173
train 48345
val 6873
test 13841
	iters: 100, epoch: 1 | loss: 0.1347103
	speed: 0.0291s/iter; left time: 162.3529s
Epoch: 1 cost time: 2.844987392425537
Epoch: 1, Steps: 189 | Train Loss: 0.1639870 Vali Loss: 0.1482560 Test Loss: 0.1203156
Validation loss decreased (inf --> 0.148256).  Saving model ...
Updating learning rate to 0.03
	iters: 100, epoch: 2 | loss: 0.1363537
	speed: 0.0363s/iter; left time: 195.5376s
Epoch: 2 cost time: 2.187138319015503
Epoch: 2, Steps: 189 | Train Loss: 0.1543951 Vali Loss: 0.1501504 Test Loss: 0.1172642
EarlyStopping counter: 1 out of 5
Updating learning rate to 0.015
	iters: 100, epoch: 3 | loss: 0.1531824
	speed: 0.0378s/iter; left time: 196.0783s
Epoch: 3 cost time: 2.164787769317627
Epoch: 3, Steps: 189 | Train Loss: 0.1511140 Vali Loss: 0.1477419 Test Loss: 0.1144294
Validation loss decreased (0.148256 --> 0.147742).  Saving model ...
Updating learning rate to 0.0075
	iters: 100, epoch: 4 | loss: 0.1397400
	speed: 0.0347s/iter; left time: 173.6265s
Epoch: 4 cost time: 2.0759177207946777
Epoch: 4, Steps: 189 | Train Loss: 0.1502992 Vali Loss: 0.1452764 Test Loss: 0.1151378
Validation loss decreased (0.147742 --> 0.145276).  Saving model ...
Updating learning rate to 0.00375
	iters: 100, epoch: 5 | loss: 0.1504551
	speed: 0.0362s/iter; left time: 174.1896s
Epoch: 5 cost time: 2.0615761280059814
Epoch: 5, Steps: 189 | Train Loss: 0.1498820 Vali Loss: 0.1456647 Test Loss: 0.1150257
EarlyStopping counter: 1 out of 5
Updating learning rate to 0.001875
	iters: 100, epoch: 6 | loss: 0.1484429
	speed: 0.0349s/iter; left time: 161.6676s
Epoch: 6 cost time: 1.953474998474121
Epoch: 6, Steps: 189 | Train Loss: 0.1495403 Vali Loss: 0.1456906 Test Loss: 0.1161869
EarlyStopping counter: 2 out of 5
Updating learning rate to 0.0009375
	iters: 100, epoch: 7 | loss: 0.1938111
	speed: 0.0368s/iter; left time: 163.3725s
Epoch: 7 cost time: 2.2296156883239746
Epoch: 7, Steps: 189 | Train Loss: 0.1494177 Vali Loss: 0.1463940 Test Loss: 0.1164505
EarlyStopping counter: 3 out of 5
Updating learning rate to 0.00046875
	iters: 100, epoch: 8 | loss: 0.1688981
	speed: 0.0359s/iter; left time: 152.3056s
Epoch: 8 cost time: 2.376727342605591
Epoch: 8, Steps: 189 | Train Loss: 0.1493647 Vali Loss: 0.1453676 Test Loss: 0.1152351
EarlyStopping counter: 4 out of 5
Updating learning rate to 0.000234375
	iters: 100, epoch: 9 | loss: 0.1350168
	speed: 0.0383s/iter; left time: 155.4812s
Epoch: 9 cost time: 1.9596810340881348
Epoch: 9, Steps: 189 | Train Loss: 0.1492502 Vali Loss: 0.1459620 Test Loss: 0.1158088
EarlyStopping counter: 5 out of 5
Early stopping
>>>>>>>testing : long_term_forecast_custom_336_96_p2_r10_LUMA_custom_ftM_sl336_ll48_pl96_dm512_nh8_el2_dl1_df2048_expand2_dc4_fc1_ebtimeF_dtTrue_Exp_0<<<<<<<<<<<<<<<<<<<<<<<<<<<<<<<<<
test 13841
test shape: (13841, 96, 7) (13841, 96, 7)
test shape: (13841, 96, 7) (13841, 96, 7)
mse:0.11557722836732864, mae:0.2298389971256256, dtw:Not calculated
