Using GPU
Args in experiment:
[1mBasic Config[0m
  Task Name:          long_term_forecast  Is Training:        1                   
  Model ID:           ETTh2_192_p8_r8     Model:              LUMA                

[1mData Loader[0m
  Data:               ETTh2               Root Path:          ./dataset/ETT-small/
  Data Path:          ETTh2.csv           Features:           M                   
  Target:             OT                  Freq:               h                   
  Checkpoints:        ./checkpoints/      

[1mForecasting Task[0m
  Seq Len:            720                 Label Len:          48                  
  Pred Len:           192                 Seasonal Patterns:  Monthly             
  Inverse:            0                   

[1mModel Parameters[0m
  Top k:              5                   Num Kernels:        6                   
  Enc In:             7                   Dec In:             7                   
  C Out:              7                   d model:            512                 
  n heads:            8                   e layers:           2                   
  d layers:           1                   d FF:               2048                
  Moving Avg:         25                  Factor:             1                   
  Distil:             1                   Dropout:            0.001               
  Embed:              timeF               Activation:         gelu                

[1mRun Parameters[0m
  Num Workers:        10                  Itr:                1                   
  Train Epochs:       30                  Batch Size:         256                 
  Patience:           5                   Learning Rate:      0.02                
  Des:                Exp                 Loss:               MSE                 
  Lradj:              type1               Use Amp:            0                   

[1mGPU[0m
  Use GPU:            1                   GPU:                0                   
  Use Multi GPU:      0                   Devices:            0,1,2,3             

[1mDe-stationary Projector Params[0m
  P Hidden Dims:      128, 128            P Hidden Layers:    2                   

Use GPU: cuda:0
[LUMA] period_len=8  rank=8  seg_x=90  seg_y=24  task=long_term_forecast
>>>>>>>start training : long_term_forecast_ETTh2_192_p8_r8_LUMA_ETTh2_ftM_sl720_ll48_pl192_dm512_nh8_el2_dl1_df2048_expand2_dc4_fc1_ebtimeF_dtTrue_Exp_0>>>>>>>>>>>>>>>>>>>>>>>>>>
+---------------+------------+
|    Modules    | Parameters |
+---------------+------------+
| conv1d.weight |     9      |
|   lowrank.U   |    192     |
|   lowrank.s   |     8      |
|   lowrank.V   |    720     |
+---------------+------------+
Total Trainable Params: 929
train 7729
val 2689
test 2689
Epoch: 1 cost time: 1.6356182098388672
Epoch: 1, Steps: 31 | Train Loss: 0.6042763 Vali Loss: 0.2938818 Test Loss: 0.3649669
Validation loss decreased (inf --> 0.293882).  Saving model ...
Updating learning rate to 0.02
Epoch: 2 cost time: 0.8477022647857666
Epoch: 2, Steps: 31 | Train Loss: 0.5280419 Vali Loss: 0.2893772 Test Loss: 0.3600284
Validation loss decreased (0.293882 --> 0.289377).  Saving model ...
Updating learning rate to 0.01
Epoch: 3 cost time: 0.7124528884887695
Epoch: 3, Steps: 31 | Train Loss: 0.5248730 Vali Loss: 0.2848161 Test Loss: 0.3537955
Validation loss decreased (0.289377 --> 0.284816).  Saving model ...
Updating learning rate to 0.005
Epoch: 4 cost time: 0.8062901496887207
Epoch: 4, Steps: 31 | Train Loss: 0.5157273 Vali Loss: 0.2808420 Test Loss: 0.3558082
Validation loss decreased (0.284816 --> 0.280842).  Saving model ...
Updating learning rate to 0.0025
Epoch: 5 cost time: 0.9534339904785156
Epoch: 5, Steps: 31 | Train Loss: 0.5200715 Vali Loss: 0.2786357 Test Loss: 0.3565191
Validation loss decreased (0.280842 --> 0.278636).  Saving model ...
Updating learning rate to 0.00125
Epoch: 6 cost time: 0.8553123474121094
Epoch: 6, Steps: 31 | Train Loss: 0.5225030 Vali Loss: 0.2780839 Test Loss: 0.3559576
Validation loss decreased (0.278636 --> 0.278084).  Saving model ...
Updating learning rate to 0.000625
Epoch: 7 cost time: 0.8378305435180664
Epoch: 7, Steps: 31 | Train Loss: 0.5186659 Vali Loss: 0.2783424 Test Loss: 0.3558009
EarlyStopping counter: 1 out of 5
Updating learning rate to 0.0003125
Epoch: 8 cost time: 0.88948655128479
Epoch: 8, Steps: 31 | Train Loss: 0.5185620 Vali Loss: 0.2790628 Test Loss: 0.3555716
EarlyStopping counter: 2 out of 5
Updating learning rate to 0.00015625
Epoch: 9 cost time: 0.7457354068756104
Epoch: 9, Steps: 31 | Train Loss: 0.5216415 Vali Loss: 0.2796875 Test Loss: 0.3555034
EarlyStopping counter: 3 out of 5
Updating learning rate to 7.8125e-05
Epoch: 10 cost time: 0.8257930278778076
Epoch: 10, Steps: 31 | Train Loss: 0.5142840 Vali Loss: 0.2794234 Test Loss: 0.3555841
EarlyStopping counter: 4 out of 5
Updating learning rate to 3.90625e-05
Epoch: 11 cost time: 0.7874157428741455
Epoch: 11, Steps: 31 | Train Loss: 0.5197881 Vali Loss: 0.2787480 Test Loss: 0.3556108
EarlyStopping counter: 5 out of 5
Early stopping
>>>>>>>testing : long_term_forecast_ETTh2_192_p8_r8_LUMA_ETTh2_ftM_sl720_ll48_pl192_dm512_nh8_el2_dl1_df2048_expand2_dc4_fc1_ebtimeF_dtTrue_Exp_0<<<<<<<<<<<<<<<<<<<<<<<<<<<<<<<<<
test 2689
test shape: (2689, 192, 7) (2689, 192, 7)
test shape: (2689, 192, 7) (2689, 192, 7)
mse:0.33424699306488037, mae:0.3743930459022522, dtw:Not calculated
