Using GPU
Args in experiment:
[1mBasic Config[0m
  Task Name:          long_term_forecast  Is Training:        1                   
  Model ID:           ETTh2_336_p12_r10   Model:              LUMA                

[1mData Loader[0m
  Data:               ETTh2               Root Path:          ./dataset/ETT-small/
  Data Path:          ETTh2.csv           Features:           M                   
  Target:             OT                  Freq:               h                   
  Checkpoints:        ./checkpoints/      

[1mForecasting Task[0m
  Seq Len:            720                 Label Len:          48                  
  Pred Len:           336                 Seasonal Patterns:  Monthly             
  Inverse:            0                   

[1mModel Parameters[0m
  Top k:              5                   Num Kernels:        6                   
  Enc In:             7                   Dec In:             7                   
  C Out:              7                   d model:            512                 
  n heads:            8                   e layers:           2                   
  d layers:           1                   d FF:               2048                
  Moving Avg:         25                  Factor:             1                   
  Distil:             1                   Dropout:            0.001               
  Embed:              timeF               Activation:         gelu                

[1mRun Parameters[0m
  Num Workers:        10                  Itr:                1                   
  Train Epochs:       30                  Batch Size:         256                 
  Patience:           5                   Learning Rate:      0.02                
  Des:                Exp                 Loss:               MSE                 
  Lradj:              type1               Use Amp:            0                   

[1mGPU[0m
  Use GPU:            1                   GPU:                0                   
  Use Multi GPU:      0                   Devices:            0,1,2,3             

[1mDe-stationary Projector Params[0m
  P Hidden Dims:      128, 128            P Hidden Layers:    2                   

Use GPU: cuda:0
[LUMA] period_len=12  rank=10  seg_x=60  seg_y=28  task=long_term_forecast
>>>>>>>start training : long_term_forecast_ETTh2_336_p12_r10_LUMA_ETTh2_ftM_sl720_ll48_pl336_dm512_nh8_el2_dl1_df2048_expand2_dc4_fc1_ebtimeF_dtTrue_Exp_0>>>>>>>>>>>>>>>>>>>>>>>>>>
+---------------+------------+
|    Modules    | Parameters |
+---------------+------------+
| conv1d.weight |     13     |
|   lowrank.U   |    280     |
|   lowrank.s   |     10     |
|   lowrank.V   |    600     |
+---------------+------------+
Total Trainable Params: 903
train 7585
val 2545
test 2545
Epoch: 1 cost time: 1.7192943096160889
Epoch: 1, Steps: 30 | Train Loss: 0.6953575 Vali Loss: 0.3865248 Test Loss: 0.3678303
Validation loss decreased (inf --> 0.386525).  Saving model ...
Updating learning rate to 0.02
Epoch: 2 cost time: 0.8302233219146729
Epoch: 2, Steps: 30 | Train Loss: 0.6340013 Vali Loss: 0.3759589 Test Loss: 0.3618525
Validation loss decreased (0.386525 --> 0.375959).  Saving model ...
Updating learning rate to 0.01
Epoch: 3 cost time: 0.8746793270111084
Epoch: 3, Steps: 30 | Train Loss: 0.6256129 Vali Loss: 0.3786074 Test Loss: 0.3593427
EarlyStopping counter: 1 out of 5
Updating learning rate to 0.005
Epoch: 4 cost time: 0.8286223411560059
Epoch: 4, Steps: 30 | Train Loss: 0.6249004 Vali Loss: 0.3776543 Test Loss: 0.3573756
EarlyStopping counter: 2 out of 5
Updating learning rate to 0.0025
Epoch: 5 cost time: 0.8076481819152832
Epoch: 5, Steps: 30 | Train Loss: 0.6201467 Vali Loss: 0.3788351 Test Loss: 0.3567967
EarlyStopping counter: 3 out of 5
Updating learning rate to 0.00125
Epoch: 6 cost time: 0.8353359699249268
Epoch: 6, Steps: 30 | Train Loss: 0.6224931 Vali Loss: 0.3786979 Test Loss: 0.3573640
EarlyStopping counter: 4 out of 5
Updating learning rate to 0.000625
Epoch: 7 cost time: 0.8031919002532959
Epoch: 7, Steps: 30 | Train Loss: 0.6232793 Vali Loss: 0.3740385 Test Loss: 0.3581024
Validation loss decreased (0.375959 --> 0.374039).  Saving model ...
Updating learning rate to 0.0003125
Epoch: 8 cost time: 0.8891901969909668
Epoch: 8, Steps: 30 | Train Loss: 0.6192213 Vali Loss: 0.3754485 Test Loss: 0.3576908
EarlyStopping counter: 1 out of 5
Updating learning rate to 0.00015625
Epoch: 9 cost time: 0.8124897480010986
Epoch: 9, Steps: 30 | Train Loss: 0.6205102 Vali Loss: 0.3748001 Test Loss: 0.3579376
EarlyStopping counter: 2 out of 5
Updating learning rate to 7.8125e-05
Epoch: 10 cost time: 1.010556697845459
Epoch: 10, Steps: 30 | Train Loss: 0.6208584 Vali Loss: 0.3746357 Test Loss: 0.3579369
EarlyStopping counter: 3 out of 5
Updating learning rate to 3.90625e-05
Epoch: 11 cost time: 0.8795266151428223
Epoch: 11, Steps: 30 | Train Loss: 0.6226730 Vali Loss: 0.3746028 Test Loss: 0.3579254
EarlyStopping counter: 4 out of 5
Updating learning rate to 1.953125e-05
Epoch: 12 cost time: 0.9326775074005127
Epoch: 12, Steps: 30 | Train Loss: 0.6208395 Vali Loss: 0.3745726 Test Loss: 0.3579288
EarlyStopping counter: 5 out of 5
Early stopping
>>>>>>>testing : long_term_forecast_ETTh2_336_p12_r10_LUMA_ETTh2_ftM_sl720_ll48_pl336_dm512_nh8_el2_dl1_df2048_expand2_dc4_fc1_ebtimeF_dtTrue_Exp_0<<<<<<<<<<<<<<<<<<<<<<<<<<<<<<<<<
test 2545
test shape: (2545, 336, 7) (2545, 336, 7)
test shape: (2545, 336, 7) (2545, 336, 7)
mse:0.355350136756897, mae:0.3947471082210541, dtw:Not calculated
