Using GPU
Args in experiment:
[1mBasic Config[0m
  Task Name:          long_term_forecast  Is Training:        1                   
  Model ID:           ETTm2_192_p2_r10    Model:              LUMA                

[1mData Loader[0m
  Data:               ETTm2               Root Path:          ./dataset/ETT-small/
  Data Path:          ETTm2.csv           Features:           M                   
  Target:             OT                  Freq:               t                   
  Checkpoints:        ./checkpoints/      

[1mForecasting Task[0m
  Seq Len:            720                 Label Len:          48                  
  Pred Len:           192                 Seasonal Patterns:  Monthly             
  Inverse:            0                   

[1mModel Parameters[0m
  Top k:              5                   Num Kernels:        6                   
  Enc In:             7                   Dec In:             7                   
  C Out:              7                   d model:            512                 
  n heads:            8                   e layers:           2                   
  d layers:           1                   d FF:               2048                
  Moving Avg:         25                  Factor:             1                   
  Distil:             1                   Dropout:            0.001               
  Embed:              timeF               Activation:         gelu                

[1mRun Parameters[0m
  Num Workers:        10                  Itr:                1                   
  Train Epochs:       30                  Batch Size:         256                 
  Patience:           5                   Learning Rate:      0.02                
  Des:                Exp                 Loss:               MSE                 
  Lradj:              type1               Use Amp:            0                   

[1mGPU[0m
  Use GPU:            1                   GPU:                0                   
  Use Multi GPU:      0                   Devices:            0,1,2,3             

[1mDe-stationary Projector Params[0m
  P Hidden Dims:      128, 128            P Hidden Layers:    2                   

Use GPU: cuda:0
[LUMA] period_len=2  rank=10  seg_x=360  seg_y=96  task=long_term_forecast
>>>>>>>start training : long_term_forecast_ETTm2_192_p2_r10_LUMA_ETTm2_ftM_sl720_ll48_pl192_dm512_nh8_el2_dl1_df2048_expand2_dc4_fc1_ebtimeF_dtTrue_Exp_0>>>>>>>>>>>>>>>>>>>>>>>>>>
+---------------+------------+
|    Modules    | Parameters |
+---------------+------------+
| conv1d.weight |     3      |
|   lowrank.U   |    960     |
|   lowrank.s   |     10     |
|   lowrank.V   |    3600    |
+---------------+------------+
Total Trainable Params: 4573
train 33649
val 11329
test 11329
	iters: 100, epoch: 1 | loss: 0.2511373
	speed: 0.0388s/iter; left time: 149.7267s
Epoch: 1 cost time: 3.253197193145752
Epoch: 1, Steps: 132 | Train Loss: 0.3279538 Vali Loss: 0.1586928 Test Loss: 0.2211228
Validation loss decreased (inf --> 0.158693).  Saving model ...
Updating learning rate to 0.02
	iters: 100, epoch: 2 | loss: 0.3074368
	speed: 0.0438s/iter; left time: 163.1701s
Epoch: 2 cost time: 2.50435471534729
Epoch: 2, Steps: 132 | Train Loss: 0.3034640 Vali Loss: 0.1568493 Test Loss: 0.2218723
Validation loss decreased (0.158693 --> 0.156849).  Saving model ...
Updating learning rate to 0.01
	iters: 100, epoch: 3 | loss: 0.2326763
	speed: 0.0441s/iter; left time: 158.7238s
Epoch: 3 cost time: 2.2951695919036865
Epoch: 3, Steps: 132 | Train Loss: 0.2983284 Vali Loss: 0.1566840 Test Loss: 0.2179531
Validation loss decreased (0.156849 --> 0.156684).  Saving model ...
Updating learning rate to 0.005
	iters: 100, epoch: 4 | loss: 0.2272745
	speed: 0.0479s/iter; left time: 166.0541s
Epoch: 4 cost time: 2.430452823638916
Epoch: 4, Steps: 132 | Train Loss: 0.2955355 Vali Loss: 0.1555648 Test Loss: 0.2174889
Validation loss decreased (0.156684 --> 0.155565).  Saving model ...
Updating learning rate to 0.0025
	iters: 100, epoch: 5 | loss: 0.2777299
	speed: 0.0459s/iter; left time: 152.9844s
Epoch: 5 cost time: 2.351463794708252
Epoch: 5, Steps: 132 | Train Loss: 0.2946143 Vali Loss: 0.1551652 Test Loss: 0.2180865
Validation loss decreased (0.155565 --> 0.155165).  Saving model ...
Updating learning rate to 0.00125
	iters: 100, epoch: 6 | loss: 0.2950802
	speed: 0.0460s/iter; left time: 147.0892s
Epoch: 6 cost time: 2.3830153942108154
Epoch: 6, Steps: 132 | Train Loss: 0.2938243 Vali Loss: 0.1552262 Test Loss: 0.2175201
EarlyStopping counter: 1 out of 5
Updating learning rate to 0.000625
	iters: 100, epoch: 7 | loss: 0.2708389
	speed: 0.0472s/iter; left time: 144.9542s
Epoch: 7 cost time: 2.586514949798584
Epoch: 7, Steps: 132 | Train Loss: 0.2934594 Vali Loss: 0.1547459 Test Loss: 0.2170958
Validation loss decreased (0.155165 --> 0.154746).  Saving model ...
Updating learning rate to 0.0003125
	iters: 100, epoch: 8 | loss: 0.2482819
	speed: 0.0503s/iter; left time: 147.7980s
Epoch: 8 cost time: 2.655060291290283
Epoch: 8, Steps: 132 | Train Loss: 0.2934007 Vali Loss: 0.1548474 Test Loss: 0.2171760
EarlyStopping counter: 1 out of 5
Updating learning rate to 0.00015625
	iters: 100, epoch: 9 | loss: 0.3591682
	speed: 0.0478s/iter; left time: 134.0952s
Epoch: 9 cost time: 2.5997729301452637
Epoch: 9, Steps: 132 | Train Loss: 0.2934603 Vali Loss: 0.1544811 Test Loss: 0.2171871
Validation loss decreased (0.154746 --> 0.154481).  Saving model ...
Updating learning rate to 7.8125e-05
	iters: 100, epoch: 10 | loss: 0.2637410
	speed: 0.0499s/iter; left time: 133.5106s
Epoch: 10 cost time: 2.373845100402832
Epoch: 10, Steps: 132 | Train Loss: 0.2932190 Vali Loss: 0.1545928 Test Loss: 0.2172240
EarlyStopping counter: 1 out of 5
Updating learning rate to 3.90625e-05
	iters: 100, epoch: 11 | loss: 0.3430100
	speed: 0.0446s/iter; left time: 113.2268s
Epoch: 11 cost time: 2.148564338684082
Epoch: 11, Steps: 132 | Train Loss: 0.2934016 Vali Loss: 0.1547590 Test Loss: 0.2172264
EarlyStopping counter: 2 out of 5
Updating learning rate to 1.953125e-05
	iters: 100, epoch: 12 | loss: 0.2382032
	speed: 0.0455s/iter; left time: 109.7076s
Epoch: 12 cost time: 2.2924587726593018
Epoch: 12, Steps: 132 | Train Loss: 0.2930139 Vali Loss: 0.1546741 Test Loss: 0.2172104
EarlyStopping counter: 3 out of 5
Updating learning rate to 9.765625e-06
	iters: 100, epoch: 13 | loss: 0.2561350
	speed: 0.0457s/iter; left time: 103.9616s
Epoch: 13 cost time: 2.5377657413482666
Epoch: 13, Steps: 132 | Train Loss: 0.2938272 Vali Loss: 0.1548602 Test Loss: 0.2172132
EarlyStopping counter: 4 out of 5
Updating learning rate to 4.8828125e-06
	iters: 100, epoch: 14 | loss: 0.1996829
	speed: 0.0467s/iter; left time: 100.2511s
Epoch: 14 cost time: 2.269655466079712
Epoch: 14, Steps: 132 | Train Loss: 0.2930021 Vali Loss: 0.1549045 Test Loss: 0.2172142
EarlyStopping counter: 5 out of 5
Early stopping
>>>>>>>testing : long_term_forecast_ETTm2_192_p2_r10_LUMA_ETTm2_ftM_sl720_ll48_pl192_dm512_nh8_el2_dl1_df2048_expand2_dc4_fc1_ebtimeF_dtTrue_Exp_0<<<<<<<<<<<<<<<<<<<<<<<<<<<<<<<<<
test 11329
test shape: (11329, 192, 7) (11329, 192, 7)
test shape: (11329, 192, 7) (11329, 192, 7)
mse:0.218937948346138, mae:0.2934403121471405, dtw:Not calculated
