Using GPU
Args in experiment:
[1mBasic Config[0m
  Task Name:          long_term_forecast  Is Training:        1                   
  Model ID:           ETTh1_pred336_L336_p24_r4Model:              LUMA                

[1mData Loader[0m
  Data:               ETTh1               Root Path:          ./dataset/ETT-small/
  Data Path:          ETTh1.csv           Features:           M                   
  Target:             OT                  Freq:               h                   
  Checkpoints:        ./checkpoints/      

[1mForecasting Task[0m
  Seq Len:            336                 Label Len:          48                  
  Pred Len:           336                 Seasonal Patterns:  Monthly             
  Inverse:            0                   

[1mModel Parameters[0m
  Top k:              5                   Num Kernels:        6                   
  Enc In:             7                   Dec In:             7                   
  C Out:              7                   d model:            512                 
  n heads:            8                   e layers:           2                   
  d layers:           1                   d FF:               2048                
  Moving Avg:         25                  Factor:             1                   
  Distil:             1                   Dropout:            0.001               
  Embed:              timeF               Activation:         gelu                

[1mRun Parameters[0m
  Num Workers:        10                  Itr:                1                   
  Train Epochs:       30                  Batch Size:         256                 
  Patience:           5                   Learning Rate:      0.02                
  Des:                Exp                 Loss:               MSE                 
  Lradj:              type1               Use Amp:            0                   

[1mGPU[0m
  Use GPU:            1                   GPU:                0                   
  Use Multi GPU:      0                   Devices:            0,1,2,3             

[1mDe-stationary Projector Params[0m
  P Hidden Dims:      128, 128            P Hidden Layers:    2                   

Use GPU: cuda:0
[LUMA] period_len=24  rank=4  seg_x=14  seg_y=14  task=long_term_forecast
>>>>>>>start training : long_term_forecast_ETTh1_pred336_L336_p24_r4_LUMA_ETTh1_ftM_sl336_ll48_pl336_dm512_nh8_el2_dl1_df2048_expand2_dc4_fc1_ebtimeF_dtTrue_Exp_0>>>>>>>>>>>>>>>>>>>>>>>>>>
+---------------+------------+
|    Modules    | Parameters |
+---------------+------------+
| conv1d.weight |     25     |
|   lowrank.U   |     56     |
|   lowrank.s   |     4      |
|   lowrank.V   |     56     |
+---------------+------------+
Total Trainable Params: 141
train 7969
val 2545
test 2545
Epoch: 1 cost time: 1.5749108791351318
Epoch: 1, Steps: 32 | Train Loss: 0.5203041 Vali Loss: 1.1950216 Test Loss: 0.4273736
Validation loss decreased (inf --> 1.195022).  Saving model ...
Updating learning rate to 0.02
Epoch: 2 cost time: 0.7571990489959717
Epoch: 2, Steps: 32 | Train Loss: 0.4635032 Vali Loss: 1.1865662 Test Loss: 0.4227409
Validation loss decreased (1.195022 --> 1.186566).  Saving model ...
Updating learning rate to 0.01
Epoch: 3 cost time: 0.7389371395111084
Epoch: 3, Steps: 32 | Train Loss: 0.4638878 Vali Loss: 1.1851622 Test Loss: 0.4223560
Validation loss decreased (1.186566 --> 1.185162).  Saving model ...
Updating learning rate to 0.005
Epoch: 4 cost time: 0.7247018814086914
Epoch: 4, Steps: 32 | Train Loss: 0.4635610 Vali Loss: 1.1868041 Test Loss: 0.4231386
EarlyStopping counter: 1 out of 5
Updating learning rate to 0.0025
Epoch: 5 cost time: 0.767920970916748
Epoch: 5, Steps: 32 | Train Loss: 0.4633671 Vali Loss: 1.1859941 Test Loss: 0.4228001
EarlyStopping counter: 2 out of 5
Updating learning rate to 0.00125
Epoch: 6 cost time: 0.6666707992553711
Epoch: 6, Steps: 32 | Train Loss: 0.4643462 Vali Loss: 1.1867437 Test Loss: 0.4227934
EarlyStopping counter: 3 out of 5
Updating learning rate to 0.000625
Epoch: 7 cost time: 0.7261455059051514
Epoch: 7, Steps: 32 | Train Loss: 0.4634666 Vali Loss: 1.1869645 Test Loss: 0.4227582
EarlyStopping counter: 4 out of 5
Updating learning rate to 0.0003125
Epoch: 8 cost time: 0.6889777183532715
Epoch: 8, Steps: 32 | Train Loss: 0.4614027 Vali Loss: 1.1867427 Test Loss: 0.4227295
EarlyStopping counter: 5 out of 5
Early stopping
>>>>>>>testing : long_term_forecast_ETTh1_pred336_L336_p24_r4_LUMA_ETTh1_ftM_sl336_ll48_pl336_dm512_nh8_el2_dl1_df2048_expand2_dc4_fc1_ebtimeF_dtTrue_Exp_0<<<<<<<<<<<<<<<<<<<<<<<<<<<<<<<<<
test 2545
test shape: (2545, 336, 7) (2545, 336, 7)
test shape: (2545, 336, 7) (2545, 336, 7)
mse:0.4205610156059265, mae:0.42177167534828186, dtw:Not calculated
