Using GPU
Args in experiment:
[1mBasic Config[0m
  Task Name:          long_term_forecast  Is Training:        1                   
  Model ID:           ETTh2_pred96_L720_p4_r10Model:              LUMA                

[1mData Loader[0m
  Data:               ETTh2               Root Path:          ./dataset/ETT-small/
  Data Path:          ETTh2.csv           Features:           M                   
  Target:             OT                  Freq:               h                   
  Checkpoints:        ./checkpoints/      

[1mForecasting Task[0m
  Seq Len:            720                 Label Len:          48                  
  Pred Len:           96                  Seasonal Patterns:  Monthly             
  Inverse:            0                   

[1mModel Parameters[0m
  Top k:              5                   Num Kernels:        6                   
  Enc In:             7                   Dec In:             7                   
  C Out:              7                   d model:            512                 
  n heads:            8                   e layers:           2                   
  d layers:           1                   d FF:               2048                
  Moving Avg:         25                  Factor:             1                   
  Distil:             1                   Dropout:            0.001               
  Embed:              timeF               Activation:         gelu                

[1mRun Parameters[0m
  Num Workers:        10                  Itr:                1                   
  Train Epochs:       30                  Batch Size:         256                 
  Patience:           5                   Learning Rate:      0.02                
  Des:                Exp                 Loss:               MSE                 
  Lradj:              type1               Use Amp:            0                   

[1mGPU[0m
  Use GPU:            1                   GPU:                0                   
  Use Multi GPU:      0                   Devices:            0,1,2,3             

[1mDe-stationary Projector Params[0m
  P Hidden Dims:      128, 128            P Hidden Layers:    2                   

Use GPU: cuda:0
[LUMA] period_len=4  rank=10  seg_x=180  seg_y=24  task=long_term_forecast
>>>>>>>start training : long_term_forecast_ETTh2_pred96_L720_p4_r10_LUMA_ETTh2_ftM_sl720_ll48_pl96_dm512_nh8_el2_dl1_df2048_expand2_dc4_fc1_ebtimeF_dtTrue_Exp_0>>>>>>>>>>>>>>>>>>>>>>>>>>
+---------------+------------+
|    Modules    | Parameters |
+---------------+------------+
| conv1d.weight |     5      |
|   lowrank.U   |    240     |
|   lowrank.s   |     10     |
|   lowrank.V   |    1800    |
+---------------+------------+
Total Trainable Params: 2055
train 7825
val 2785
test 2785
Epoch: 1 cost time: 1.5819251537322998
Epoch: 1, Steps: 31 | Train Loss: 0.5064923 Vali Loss: 0.2260543 Test Loss: 0.2936371
Validation loss decreased (inf --> 0.226054).  Saving model ...
Updating learning rate to 0.02
Epoch: 2 cost time: 0.7540533542633057
Epoch: 2, Steps: 31 | Train Loss: 0.4259292 Vali Loss: 0.2140080 Test Loss: 0.2836176
Validation loss decreased (0.226054 --> 0.214008).  Saving model ...
Updating learning rate to 0.01
Epoch: 3 cost time: 0.7914731502532959
Epoch: 3, Steps: 31 | Train Loss: 0.4153832 Vali Loss: 0.2135839 Test Loss: 0.2806139
Validation loss decreased (0.214008 --> 0.213584).  Saving model ...
Updating learning rate to 0.005
Epoch: 4 cost time: 0.7587249279022217
Epoch: 4, Steps: 31 | Train Loss: 0.4131551 Vali Loss: 0.2146802 Test Loss: 0.2783791
EarlyStopping counter: 1 out of 5
Updating learning rate to 0.0025
Epoch: 5 cost time: 0.7611191272735596
Epoch: 5, Steps: 31 | Train Loss: 0.4112853 Vali Loss: 0.2137344 Test Loss: 0.2771061
EarlyStopping counter: 2 out of 5
Updating learning rate to 0.00125
Epoch: 6 cost time: 0.7784876823425293
Epoch: 6, Steps: 31 | Train Loss: 0.4110604 Vali Loss: 0.2133297 Test Loss: 0.2764427
Validation loss decreased (0.213584 --> 0.213330).  Saving model ...
Updating learning rate to 0.000625
Epoch: 7 cost time: 0.7416725158691406
Epoch: 7, Steps: 31 | Train Loss: 0.4100000 Vali Loss: 0.2144308 Test Loss: 0.2763463
EarlyStopping counter: 1 out of 5
Updating learning rate to 0.0003125
Epoch: 8 cost time: 0.7763266563415527
Epoch: 8, Steps: 31 | Train Loss: 0.4081453 Vali Loss: 0.2123993 Test Loss: 0.2763675
Validation loss decreased (0.213330 --> 0.212399).  Saving model ...
Updating learning rate to 0.00015625
Epoch: 9 cost time: 0.7128701210021973
Epoch: 9, Steps: 31 | Train Loss: 0.4068762 Vali Loss: 0.2128540 Test Loss: 0.2763087
EarlyStopping counter: 1 out of 5
Updating learning rate to 7.8125e-05
Epoch: 10 cost time: 0.7835981845855713
Epoch: 10, Steps: 31 | Train Loss: 0.4097593 Vali Loss: 0.2126461 Test Loss: 0.2763636
EarlyStopping counter: 2 out of 5
Updating learning rate to 3.90625e-05
Epoch: 11 cost time: 0.7986841201782227
Epoch: 11, Steps: 31 | Train Loss: 0.4086880 Vali Loss: 0.2129043 Test Loss: 0.2763622
EarlyStopping counter: 3 out of 5
Updating learning rate to 1.953125e-05
Epoch: 12 cost time: 0.9748315811157227
Epoch: 12, Steps: 31 | Train Loss: 0.4079718 Vali Loss: 0.2127259 Test Loss: 0.2763604
EarlyStopping counter: 4 out of 5
Updating learning rate to 9.765625e-06
Epoch: 13 cost time: 0.8163166046142578
Epoch: 13, Steps: 31 | Train Loss: 0.4097367 Vali Loss: 0.2128314 Test Loss: 0.2763620
EarlyStopping counter: 5 out of 5
Early stopping
>>>>>>>testing : long_term_forecast_ETTh2_pred96_L720_p4_r10_LUMA_ETTh2_ftM_sl720_ll48_pl96_dm512_nh8_el2_dl1_df2048_expand2_dc4_fc1_ebtimeF_dtTrue_Exp_0<<<<<<<<<<<<<<<<<<<<<<<<<<<<<<<<<
test 2785
test shape: (2785, 96, 7) (2785, 96, 7)
test shape: (2785, 96, 7) (2785, 96, 7)
mse:0.2742787003517151, mae:0.3368261754512787, dtw:Not calculated
