Using GPU
Args in experiment:
[1mBasic Config[0m
  Task Name:          long_term_forecast  Is Training:        1                   
  Model ID:           ETTh1_pred336_L96_p24_r4Model:              LUMA                

[1mData Loader[0m
  Data:               ETTh1               Root Path:          ./dataset/ETT-small/
  Data Path:          ETTh1.csv           Features:           M                   
  Target:             OT                  Freq:               h                   
  Checkpoints:        ./checkpoints/      

[1mForecasting Task[0m
  Seq Len:            96                  Label Len:          48                  
  Pred Len:           336                 Seasonal Patterns:  Monthly             
  Inverse:            0                   

[1mModel Parameters[0m
  Top k:              5                   Num Kernels:        6                   
  Enc In:             7                   Dec In:             7                   
  C Out:              7                   d model:            512                 
  n heads:            8                   e layers:           2                   
  d layers:           1                   d FF:               2048                
  Moving Avg:         25                  Factor:             1                   
  Distil:             1                   Dropout:            0.001               
  Embed:              timeF               Activation:         gelu                

[1mRun Parameters[0m
  Num Workers:        10                  Itr:                1                   
  Train Epochs:       30                  Batch Size:         256                 
  Patience:           5                   Learning Rate:      0.02                
  Des:                Exp                 Loss:               MSE                 
  Lradj:              type1               Use Amp:            0                   

[1mGPU[0m
  Use GPU:            1                   GPU:                0                   
  Use Multi GPU:      0                   Devices:            0,1,2,3             

[1mDe-stationary Projector Params[0m
  P Hidden Dims:      128, 128            P Hidden Layers:    2                   

Use GPU: cuda:0
[LUMA] period_len=24  rank=4  seg_x=4  seg_y=14  task=long_term_forecast
>>>>>>>start training : long_term_forecast_ETTh1_pred336_L96_p24_r4_LUMA_ETTh1_ftM_sl96_ll48_pl336_dm512_nh8_el2_dl1_df2048_expand2_dc4_fc1_ebtimeF_dtTrue_Exp_0>>>>>>>>>>>>>>>>>>>>>>>>>>
+---------------+------------+
|    Modules    | Parameters |
+---------------+------------+
| conv1d.weight |     25     |
|   lowrank.U   |     56     |
|   lowrank.s   |     4      |
|   lowrank.V   |     16     |
+---------------+------------+
Total Trainable Params: 101
train 8209
val 2545
test 2545
Epoch: 1 cost time: 1.4834742546081543
Epoch: 1, Steps: 33 | Train Loss: 0.5380141 Vali Loss: 1.3407133 Test Loss: 0.4797144
Validation loss decreased (inf --> 1.340713).  Saving model ...
Updating learning rate to 0.02
Epoch: 2 cost time: 0.6615312099456787
Epoch: 2, Steps: 33 | Train Loss: 0.4918364 Vali Loss: 1.3244450 Test Loss: 0.4741610
Validation loss decreased (1.340713 --> 1.324445).  Saving model ...
Updating learning rate to 0.01
Epoch: 3 cost time: 0.6550281047821045
Epoch: 3, Steps: 33 | Train Loss: 0.4911557 Vali Loss: 1.3211573 Test Loss: 0.4758115
Validation loss decreased (1.324445 --> 1.321157).  Saving model ...
Updating learning rate to 0.005
Epoch: 4 cost time: 0.6897737979888916
Epoch: 4, Steps: 33 | Train Loss: 0.4908545 Vali Loss: 1.3218718 Test Loss: 0.4749554
EarlyStopping counter: 1 out of 5
Updating learning rate to 0.0025
Epoch: 5 cost time: 0.6958565711975098
Epoch: 5, Steps: 33 | Train Loss: 0.4907251 Vali Loss: 1.3206806 Test Loss: 0.4768613
Validation loss decreased (1.321157 --> 1.320681).  Saving model ...
Updating learning rate to 0.00125
Epoch: 6 cost time: 0.6998326778411865
Epoch: 6, Steps: 33 | Train Loss: 0.4941469 Vali Loss: 1.3208829 Test Loss: 0.4755724
EarlyStopping counter: 1 out of 5
Updating learning rate to 0.000625
Epoch: 7 cost time: 0.7137930393218994
Epoch: 7, Steps: 33 | Train Loss: 0.4904514 Vali Loss: 1.3209972 Test Loss: 0.4762773
EarlyStopping counter: 2 out of 5
Updating learning rate to 0.0003125
Epoch: 8 cost time: 0.6990640163421631
Epoch: 8, Steps: 33 | Train Loss: 0.4896965 Vali Loss: 1.3214796 Test Loss: 0.4759569
EarlyStopping counter: 3 out of 5
Updating learning rate to 0.00015625
Epoch: 9 cost time: 0.7041041851043701
Epoch: 9, Steps: 33 | Train Loss: 0.4928171 Vali Loss: 1.3212011 Test Loss: 0.4760988
EarlyStopping counter: 4 out of 5
Updating learning rate to 7.8125e-05
Epoch: 10 cost time: 0.7219610214233398
Epoch: 10, Steps: 33 | Train Loss: 0.4897786 Vali Loss: 1.3208724 Test Loss: 0.4762329
EarlyStopping counter: 5 out of 5
Early stopping
>>>>>>>testing : long_term_forecast_ETTh1_pred336_L96_p24_r4_LUMA_ETTh1_ftM_sl96_ll48_pl336_dm512_nh8_el2_dl1_df2048_expand2_dc4_fc1_ebtimeF_dtTrue_Exp_0<<<<<<<<<<<<<<<<<<<<<<<<<<<<<<<<<
test 2545
test shape: (2545, 336, 7) (2545, 336, 7)
test shape: (2545, 336, 7) (2545, 336, 7)
mse:0.47523754835128784, mae:0.4399572014808655, dtw:Not calculated
