Using GPU
Args in experiment:
[1mBasic Config[0m
  Task Name:          long_term_forecast  Is Training:        1                   
  Model ID:           ETTh1_pred96_L336_p24_r3Model:              LUMA                

[1mData Loader[0m
  Data:               ETTh1               Root Path:          ./dataset/ETT-small/
  Data Path:          ETTh1.csv           Features:           M                   
  Target:             OT                  Freq:               h                   
  Checkpoints:        ./checkpoints/      

[1mForecasting Task[0m
  Seq Len:            336                 Label Len:          48                  
  Pred Len:           96                  Seasonal Patterns:  Monthly             
  Inverse:            0                   

[1mModel Parameters[0m
  Top k:              5                   Num Kernels:        6                   
  Enc In:             7                   Dec In:             7                   
  C Out:              7                   d model:            512                 
  n heads:            8                   e layers:           2                   
  d layers:           1                   d FF:               2048                
  Moving Avg:         25                  Factor:             1                   
  Distil:             1                   Dropout:            0.001               
  Embed:              timeF               Activation:         gelu                

[1mRun Parameters[0m
  Num Workers:        10                  Itr:                1                   
  Train Epochs:       30                  Batch Size:         256                 
  Patience:           5                   Learning Rate:      0.02                
  Des:                Exp                 Loss:               MSE                 
  Lradj:              type1               Use Amp:            0                   

[1mGPU[0m
  Use GPU:            1                   GPU:                0                   
  Use Multi GPU:      0                   Devices:            0,1,2,3             

[1mDe-stationary Projector Params[0m
  P Hidden Dims:      128, 128            P Hidden Layers:    2                   

Use GPU: cuda:0
[LUMA] period_len=24  rank=3  seg_x=14  seg_y=4  task=long_term_forecast
>>>>>>>start training : long_term_forecast_ETTh1_pred96_L336_p24_r3_LUMA_ETTh1_ftM_sl336_ll48_pl96_dm512_nh8_el2_dl1_df2048_expand2_dc4_fc1_ebtimeF_dtTrue_Exp_0>>>>>>>>>>>>>>>>>>>>>>>>>>
+---------------+------------+
|    Modules    | Parameters |
+---------------+------------+
| conv1d.weight |     25     |
|   lowrank.U   |     12     |
|   lowrank.s   |     3      |
|   lowrank.V   |     42     |
+---------------+------------+
Total Trainable Params: 82
train 8209
val 2785
test 2785
Epoch: 1 cost time: 1.6036884784698486
Epoch: 1, Steps: 33 | Train Loss: 0.4505601 Vali Loss: 0.8231383 Test Loss: 0.3815250
Validation loss decreased (inf --> 0.823138).  Saving model ...
Updating learning rate to 0.02
Epoch: 2 cost time: 0.6457772254943848
Epoch: 2, Steps: 33 | Train Loss: 0.3656050 Vali Loss: 0.7273796 Test Loss: 0.3687055
Validation loss decreased (0.823138 --> 0.727380).  Saving model ...
Updating learning rate to 0.01
Epoch: 3 cost time: 0.7383747100830078
Epoch: 3, Steps: 33 | Train Loss: 0.3583629 Vali Loss: 0.7221821 Test Loss: 0.3638386
Validation loss decreased (0.727380 --> 0.722182).  Saving model ...
Updating learning rate to 0.005
Epoch: 4 cost time: 0.6557469367980957
Epoch: 4, Steps: 33 | Train Loss: 0.3556148 Vali Loss: 0.7158998 Test Loss: 0.3647964
Validation loss decreased (0.722182 --> 0.715900).  Saving model ...
Updating learning rate to 0.0025
Epoch: 5 cost time: 0.6051063537597656
Epoch: 5, Steps: 33 | Train Loss: 0.3533972 Vali Loss: 0.7169719 Test Loss: 0.3637837
EarlyStopping counter: 1 out of 5
Updating learning rate to 0.00125
Epoch: 6 cost time: 0.7467408180236816
Epoch: 6, Steps: 33 | Train Loss: 0.3554279 Vali Loss: 0.7151123 Test Loss: 0.3648072
Validation loss decreased (0.715900 --> 0.715112).  Saving model ...
Updating learning rate to 0.000625
Epoch: 7 cost time: 0.6751101016998291
Epoch: 7, Steps: 33 | Train Loss: 0.3547933 Vali Loss: 0.7146884 Test Loss: 0.3641901
Validation loss decreased (0.715112 --> 0.714688).  Saving model ...
Updating learning rate to 0.0003125
Epoch: 8 cost time: 0.7707648277282715
Epoch: 8, Steps: 33 | Train Loss: 0.3538755 Vali Loss: 0.7141866 Test Loss: 0.3645030
Validation loss decreased (0.714688 --> 0.714187).  Saving model ...
Updating learning rate to 0.00015625
Epoch: 9 cost time: 0.6515941619873047
Epoch: 9, Steps: 33 | Train Loss: 0.3548913 Vali Loss: 0.7155846 Test Loss: 0.3645509
EarlyStopping counter: 1 out of 5
Updating learning rate to 7.8125e-05
Epoch: 10 cost time: 0.7226607799530029
Epoch: 10, Steps: 33 | Train Loss: 0.3526353 Vali Loss: 0.7158341 Test Loss: 0.3644724
EarlyStopping counter: 2 out of 5
Updating learning rate to 3.90625e-05
Epoch: 11 cost time: 0.8335745334625244
Epoch: 11, Steps: 33 | Train Loss: 0.3574331 Vali Loss: 0.7154542 Test Loss: 0.3644876
EarlyStopping counter: 3 out of 5
Updating learning rate to 1.953125e-05
Epoch: 12 cost time: 0.5814409255981445
Epoch: 12, Steps: 33 | Train Loss: 0.3529557 Vali Loss: 0.7141459 Test Loss: 0.3644811
Validation loss decreased (0.714187 --> 0.714146).  Saving model ...
Updating learning rate to 9.765625e-06
Epoch: 13 cost time: 0.7189342975616455
Epoch: 13, Steps: 33 | Train Loss: 0.3561821 Vali Loss: 0.7143471 Test Loss: 0.3644693
EarlyStopping counter: 1 out of 5
Updating learning rate to 4.8828125e-06
Epoch: 14 cost time: 0.7128241062164307
Epoch: 14, Steps: 33 | Train Loss: 0.3541235 Vali Loss: 0.7151770 Test Loss: 0.3644554
EarlyStopping counter: 2 out of 5
Updating learning rate to 2.44140625e-06
Epoch: 15 cost time: 0.7306818962097168
Epoch: 15, Steps: 33 | Train Loss: 0.3526944 Vali Loss: 0.7151846 Test Loss: 0.3644534
EarlyStopping counter: 3 out of 5
Updating learning rate to 1.220703125e-06
Epoch: 16 cost time: 0.7444567680358887
Epoch: 16, Steps: 33 | Train Loss: 0.3520417 Vali Loss: 0.7152283 Test Loss: 0.3644544
EarlyStopping counter: 4 out of 5
Updating learning rate to 6.103515625e-07
Epoch: 17 cost time: 0.5972123146057129
Epoch: 17, Steps: 33 | Train Loss: 0.3528690 Vali Loss: 0.7148226 Test Loss: 0.3644546
EarlyStopping counter: 5 out of 5
Early stopping
>>>>>>>testing : long_term_forecast_ETTh1_pred96_L336_p24_r3_LUMA_ETTh1_ftM_sl336_ll48_pl96_dm512_nh8_el2_dl1_df2048_expand2_dc4_fc1_ebtimeF_dtTrue_Exp_0<<<<<<<<<<<<<<<<<<<<<<<<<<<<<<<<<
test 2785
test shape: (2785, 96, 7) (2785, 96, 7)
test shape: (2785, 96, 7) (2785, 96, 7)
mse:0.36338484287261963, mae:0.3865845799446106, dtw:Not calculated
