Using GPU
Args in experiment:
[1mBasic Config[0m
  Task Name:          long_term_forecast  Is Training:        1                   
  Model ID:           ETTh1_pred192_L720_p24_r4Model:              LUMA                

[1mData Loader[0m
  Data:               ETTh1               Root Path:          ./dataset/ETT-small/
  Data Path:          ETTh1.csv           Features:           M                   
  Target:             OT                  Freq:               h                   
  Checkpoints:        ./checkpoints/      

[1mForecasting Task[0m
  Seq Len:            720                 Label Len:          48                  
  Pred Len:           192                 Seasonal Patterns:  Monthly             
  Inverse:            0                   

[1mModel Parameters[0m
  Top k:              5                   Num Kernels:        6                   
  Enc In:             7                   Dec In:             7                   
  C Out:              7                   d model:            512                 
  n heads:            8                   e layers:           2                   
  d layers:           1                   d FF:               2048                
  Moving Avg:         25                  Factor:             1                   
  Distil:             1                   Dropout:            0.001               
  Embed:              timeF               Activation:         gelu                

[1mRun Parameters[0m
  Num Workers:        10                  Itr:                1                   
  Train Epochs:       30                  Batch Size:         256                 
  Patience:           5                   Learning Rate:      0.02                
  Des:                Exp                 Loss:               MSE                 
  Lradj:              type1               Use Amp:            0                   

[1mGPU[0m
  Use GPU:            1                   GPU:                0                   
  Use Multi GPU:      0                   Devices:            0,1,2,3             

[1mDe-stationary Projector Params[0m
  P Hidden Dims:      128, 128            P Hidden Layers:    2                   

Use GPU: cuda:0
[LUMA] period_len=24  rank=4  seg_x=30  seg_y=8  task=long_term_forecast
>>>>>>>start training : long_term_forecast_ETTh1_pred192_L720_p24_r4_LUMA_ETTh1_ftM_sl720_ll48_pl192_dm512_nh8_el2_dl1_df2048_expand2_dc4_fc1_ebtimeF_dtTrue_Exp_0>>>>>>>>>>>>>>>>>>>>>>>>>>
+---------------+------------+
|    Modules    | Parameters |
+---------------+------------+
| conv1d.weight |     25     |
|   lowrank.U   |     32     |
|   lowrank.s   |     4      |
|   lowrank.V   |    120     |
+---------------+------------+
Total Trainable Params: 181
train 7729
val 2689
test 2689
Epoch: 1 cost time: 1.6058735847473145
Epoch: 1, Steps: 31 | Train Loss: 0.5199667 Vali Loss: 1.0413983 Test Loss: 0.4200560
Validation loss decreased (inf --> 1.041398).  Saving model ...
Updating learning rate to 0.02
Epoch: 2 cost time: 0.9289805889129639
Epoch: 2, Steps: 31 | Train Loss: 0.3994802 Vali Loss: 0.9841146 Test Loss: 0.4058590
Validation loss decreased (1.041398 --> 0.984115).  Saving model ...
Updating learning rate to 0.01
Epoch: 3 cost time: 0.8927030563354492
Epoch: 3, Steps: 31 | Train Loss: 0.3922919 Vali Loss: 0.9736251 Test Loss: 0.4026165
Validation loss decreased (0.984115 --> 0.973625).  Saving model ...
Updating learning rate to 0.005
Epoch: 4 cost time: 0.8700821399688721
Epoch: 4, Steps: 31 | Train Loss: 0.3924385 Vali Loss: 0.9686248 Test Loss: 0.4020443
Validation loss decreased (0.973625 --> 0.968625).  Saving model ...
Updating learning rate to 0.0025
Epoch: 5 cost time: 0.8304789066314697
Epoch: 5, Steps: 31 | Train Loss: 0.3920378 Vali Loss: 0.9579237 Test Loss: 0.4000511
Validation loss decreased (0.968625 --> 0.957924).  Saving model ...
Updating learning rate to 0.00125
Epoch: 6 cost time: 0.86081862449646
Epoch: 6, Steps: 31 | Train Loss: 0.3916477 Vali Loss: 0.9611691 Test Loss: 0.4000896
EarlyStopping counter: 1 out of 5
Updating learning rate to 0.000625
Epoch: 7 cost time: 0.859175443649292
Epoch: 7, Steps: 31 | Train Loss: 0.3914621 Vali Loss: 0.9644697 Test Loss: 0.4008973
EarlyStopping counter: 2 out of 5
Updating learning rate to 0.0003125
Epoch: 8 cost time: 0.903148889541626
Epoch: 8, Steps: 31 | Train Loss: 0.3912259 Vali Loss: 0.9643295 Test Loss: 0.4010599
EarlyStopping counter: 3 out of 5
Updating learning rate to 0.00015625
Epoch: 9 cost time: 0.8822941780090332
Epoch: 9, Steps: 31 | Train Loss: 0.3899287 Vali Loss: 0.9649321 Test Loss: 0.4011003
EarlyStopping counter: 4 out of 5
Updating learning rate to 7.8125e-05
Epoch: 10 cost time: 0.8399710655212402
Epoch: 10, Steps: 31 | Train Loss: 0.3897647 Vali Loss: 0.9653419 Test Loss: 0.4011292
EarlyStopping counter: 5 out of 5
Early stopping
>>>>>>>testing : long_term_forecast_ETTh1_pred192_L720_p24_r4_LUMA_ETTh1_ftM_sl720_ll48_pl192_dm512_nh8_el2_dl1_df2048_expand2_dc4_fc1_ebtimeF_dtTrue_Exp_0<<<<<<<<<<<<<<<<<<<<<<<<<<<<<<<<<
test 2689
test shape: (2689, 192, 7) (2689, 192, 7)
test shape: (2689, 192, 7) (2689, 192, 7)
mse:0.39477741718292236, mae:0.4081469476222992, dtw:Not calculated
