Using GPU
Args in experiment:
[1mBasic Config[0m
  Task Name:          long_term_forecast  Is Training:        1                   
  Model ID:           ETTh1_pred720_L336_p24_r2Model:              LUMA                

[1mData Loader[0m
  Data:               ETTh1               Root Path:          ./dataset/ETT-small/
  Data Path:          ETTh1.csv           Features:           M                   
  Target:             OT                  Freq:               h                   
  Checkpoints:        ./checkpoints/      

[1mForecasting Task[0m
  Seq Len:            336                 Label Len:          48                  
  Pred Len:           720                 Seasonal Patterns:  Monthly             
  Inverse:            0                   

[1mModel Parameters[0m
  Top k:              5                   Num Kernels:        6                   
  Enc In:             7                   Dec In:             7                   
  C Out:              7                   d model:            512                 
  n heads:            8                   e layers:           2                   
  d layers:           1                   d FF:               2048                
  Moving Avg:         25                  Factor:             1                   
  Distil:             1                   Dropout:            0.001               
  Embed:              timeF               Activation:         gelu                

[1mRun Parameters[0m
  Num Workers:        10                  Itr:                1                   
  Train Epochs:       30                  Batch Size:         256                 
  Patience:           5                   Learning Rate:      0.02                
  Des:                Exp                 Loss:               MSE                 
  Lradj:              type1               Use Amp:            0                   

[1mGPU[0m
  Use GPU:            1                   GPU:                0                   
  Use Multi GPU:      0                   Devices:            0,1,2,3             

[1mDe-stationary Projector Params[0m
  P Hidden Dims:      128, 128            P Hidden Layers:    2                   

Use GPU: cuda:0
[LUMA] period_len=24  rank=2  seg_x=14  seg_y=30  task=long_term_forecast
>>>>>>>start training : long_term_forecast_ETTh1_pred720_L336_p24_r2_LUMA_ETTh1_ftM_sl336_ll48_pl720_dm512_nh8_el2_dl1_df2048_expand2_dc4_fc1_ebtimeF_dtTrue_Exp_0>>>>>>>>>>>>>>>>>>>>>>>>>>
+---------------+------------+
|    Modules    | Parameters |
+---------------+------------+
| conv1d.weight |     25     |
|   lowrank.U   |     60     |
|   lowrank.s   |     2      |
|   lowrank.V   |     28     |
+---------------+------------+
Total Trainable Params: 115
train 7585
val 2161
test 2161
Epoch: 1 cost time: 1.6366937160491943
Epoch: 1, Steps: 30 | Train Loss: 0.6696805 Vali Loss: 1.4942999 Test Loss: 0.4402870
Validation loss decreased (inf --> 1.494300).  Saving model ...
Updating learning rate to 0.02
Epoch: 2 cost time: 0.8884286880493164
Epoch: 2, Steps: 30 | Train Loss: 0.5828626 Vali Loss: 1.4375700 Test Loss: 0.4279428
Validation loss decreased (1.494300 --> 1.437570).  Saving model ...
Updating learning rate to 0.01
Epoch: 3 cost time: 0.8230741024017334
Epoch: 3, Steps: 30 | Train Loss: 0.5782011 Vali Loss: 1.4411886 Test Loss: 0.4255919
EarlyStopping counter: 1 out of 5
Updating learning rate to 0.005
Epoch: 4 cost time: 0.8853621482849121
Epoch: 4, Steps: 30 | Train Loss: 0.5773027 Vali Loss: 1.4371480 Test Loss: 0.4251719
Validation loss decreased (1.437570 --> 1.437148).  Saving model ...
Updating learning rate to 0.0025
Epoch: 5 cost time: 0.8683962821960449
Epoch: 5, Steps: 30 | Train Loss: 0.5778681 Vali Loss: 1.4341893 Test Loss: 0.4252306
Validation loss decreased (1.437148 --> 1.434189).  Saving model ...
Updating learning rate to 0.00125
Epoch: 6 cost time: 0.8561971187591553
Epoch: 6, Steps: 30 | Train Loss: 0.5775458 Vali Loss: 1.4425149 Test Loss: 0.4249717
EarlyStopping counter: 1 out of 5
Updating learning rate to 0.000625
Epoch: 7 cost time: 0.8688685894012451
Epoch: 7, Steps: 30 | Train Loss: 0.5775863 Vali Loss: 1.4412837 Test Loss: 0.4248056
EarlyStopping counter: 2 out of 5
Updating learning rate to 0.0003125
Epoch: 8 cost time: 0.8624906539916992
Epoch: 8, Steps: 30 | Train Loss: 0.5774464 Vali Loss: 1.4394251 Test Loss: 0.4251319
EarlyStopping counter: 3 out of 5
Updating learning rate to 0.00015625
Epoch: 9 cost time: 0.8562123775482178
Epoch: 9, Steps: 30 | Train Loss: 0.5773267 Vali Loss: 1.4415427 Test Loss: 0.4250510
EarlyStopping counter: 4 out of 5
Updating learning rate to 7.8125e-05
Epoch: 10 cost time: 0.8109793663024902
Epoch: 10, Steps: 30 | Train Loss: 0.5771413 Vali Loss: 1.4383836 Test Loss: 0.4249996
EarlyStopping counter: 5 out of 5
Early stopping
>>>>>>>testing : long_term_forecast_ETTh1_pred720_L336_p24_r2_LUMA_ETTh1_ftM_sl336_ll48_pl720_dm512_nh8_el2_dl1_df2048_expand2_dc4_fc1_ebtimeF_dtTrue_Exp_0<<<<<<<<<<<<<<<<<<<<<<<<<<<<<<<<<
test 2161
test shape: (2161, 720, 7) (2161, 720, 7)
test shape: (2161, 720, 7) (2161, 720, 7)
mse:0.4158012270927429, mae:0.4374638795852661, dtw:Not calculated
