Using GPU
Args in experiment:
[1mBasic Config[0m
  Task Name:          long_term_forecast  Is Training:        1                   
  Model ID:           ETTh1_pred192_L336_p24_r4Model:              LUMA                

[1mData Loader[0m
  Data:               ETTh1               Root Path:          ./dataset/ETT-small/
  Data Path:          ETTh1.csv           Features:           M                   
  Target:             OT                  Freq:               h                   
  Checkpoints:        ./checkpoints/      

[1mForecasting Task[0m
  Seq Len:            336                 Label Len:          48                  
  Pred Len:           192                 Seasonal Patterns:  Monthly             
  Inverse:            0                   

[1mModel Parameters[0m
  Top k:              5                   Num Kernels:        6                   
  Enc In:             7                   Dec In:             7                   
  C Out:              7                   d model:            512                 
  n heads:            8                   e layers:           2                   
  d layers:           1                   d FF:               2048                
  Moving Avg:         25                  Factor:             1                   
  Distil:             1                   Dropout:            0.001               
  Embed:              timeF               Activation:         gelu                

[1mRun Parameters[0m
  Num Workers:        10                  Itr:                1                   
  Train Epochs:       30                  Batch Size:         256                 
  Patience:           5                   Learning Rate:      0.02                
  Des:                Exp                 Loss:               MSE                 
  Lradj:              type1               Use Amp:            0                   

[1mGPU[0m
  Use GPU:            1                   GPU:                0                   
  Use Multi GPU:      0                   Devices:            0,1,2,3             

[1mDe-stationary Projector Params[0m
  P Hidden Dims:      128, 128            P Hidden Layers:    2                   

Use GPU: cuda:0
[LUMA] period_len=24  rank=4  seg_x=14  seg_y=8  task=long_term_forecast
>>>>>>>start training : long_term_forecast_ETTh1_pred192_L336_p24_r4_LUMA_ETTh1_ftM_sl336_ll48_pl192_dm512_nh8_el2_dl1_df2048_expand2_dc4_fc1_ebtimeF_dtTrue_Exp_0>>>>>>>>>>>>>>>>>>>>>>>>>>
+---------------+------------+
|    Modules    | Parameters |
+---------------+------------+
| conv1d.weight |     25     |
|   lowrank.U   |     32     |
|   lowrank.s   |     4      |
|   lowrank.V   |     56     |
+---------------+------------+
Total Trainable Params: 117
train 8113
val 2689
test 2689
Epoch: 1 cost time: 1.4782524108886719
Epoch: 1, Steps: 32 | Train Loss: 0.5049466 Vali Loss: 1.0556405 Test Loss: 0.4470631
Validation loss decreased (inf --> 1.055640).  Saving model ...
Updating learning rate to 0.02
Epoch: 2 cost time: 0.6707985401153564
Epoch: 2, Steps: 32 | Train Loss: 0.4186467 Vali Loss: 0.9893852 Test Loss: 0.4317576
Validation loss decreased (1.055640 --> 0.989385).  Saving model ...
Updating learning rate to 0.01
Epoch: 3 cost time: 0.8265180587768555
Epoch: 3, Steps: 32 | Train Loss: 0.4121043 Vali Loss: 0.9652922 Test Loss: 0.4326064
Validation loss decreased (0.989385 --> 0.965292).  Saving model ...
Updating learning rate to 0.005
Epoch: 4 cost time: 0.7231476306915283
Epoch: 4, Steps: 32 | Train Loss: 0.4112722 Vali Loss: 0.9627724 Test Loss: 0.4287705
Validation loss decreased (0.965292 --> 0.962772).  Saving model ...
Updating learning rate to 0.0025
Epoch: 5 cost time: 0.8555784225463867
Epoch: 5, Steps: 32 | Train Loss: 0.4107993 Vali Loss: 0.9653614 Test Loss: 0.4289001
EarlyStopping counter: 1 out of 5
Updating learning rate to 0.00125
Epoch: 6 cost time: 0.7052767276763916
Epoch: 6, Steps: 32 | Train Loss: 0.4104886 Vali Loss: 0.9632253 Test Loss: 0.4293037
EarlyStopping counter: 2 out of 5
Updating learning rate to 0.000625
Epoch: 7 cost time: 0.7615804672241211
Epoch: 7, Steps: 32 | Train Loss: 0.4100127 Vali Loss: 0.9658312 Test Loss: 0.4285774
EarlyStopping counter: 3 out of 5
Updating learning rate to 0.0003125
Epoch: 8 cost time: 0.7269420623779297
Epoch: 8, Steps: 32 | Train Loss: 0.4102814 Vali Loss: 0.9641464 Test Loss: 0.4290468
EarlyStopping counter: 4 out of 5
Updating learning rate to 0.00015625
Epoch: 9 cost time: 0.8903379440307617
Epoch: 9, Steps: 32 | Train Loss: 0.4101144 Vali Loss: 0.9656708 Test Loss: 0.4287705
EarlyStopping counter: 5 out of 5
Early stopping
>>>>>>>testing : long_term_forecast_ETTh1_pred192_L336_p24_r4_LUMA_ETTh1_ftM_sl336_ll48_pl192_dm512_nh8_el2_dl1_df2048_expand2_dc4_fc1_ebtimeF_dtTrue_Exp_0<<<<<<<<<<<<<<<<<<<<<<<<<<<<<<<<<
test 2689
test shape: (2689, 192, 7) (2689, 192, 7)
test shape: (2689, 192, 7) (2689, 192, 7)
mse:0.42407095432281494, mae:0.4257194995880127, dtw:Not calculated
