Using GPU
Args in experiment:
[1mBasic Config[0m
  Task Name:          long_term_forecast  Is Training:        1                   
  Model ID:           ETTh2_pred336_L336_p12_r10Model:              LUMA                

[1mData Loader[0m
  Data:               ETTh2               Root Path:          ./dataset/ETT-small/
  Data Path:          ETTh2.csv           Features:           M                   
  Target:             OT                  Freq:               h                   
  Checkpoints:        ./checkpoints/      

[1mForecasting Task[0m
  Seq Len:            336                 Label Len:          48                  
  Pred Len:           336                 Seasonal Patterns:  Monthly             
  Inverse:            0                   

[1mModel Parameters[0m
  Top k:              5                   Num Kernels:        6                   
  Enc In:             7                   Dec In:             7                   
  C Out:              7                   d model:            512                 
  n heads:            8                   e layers:           2                   
  d layers:           1                   d FF:               2048                
  Moving Avg:         25                  Factor:             1                   
  Distil:             1                   Dropout:            0.001               
  Embed:              timeF               Activation:         gelu                

[1mRun Parameters[0m
  Num Workers:        10                  Itr:                1                   
  Train Epochs:       30                  Batch Size:         256                 
  Patience:           5                   Learning Rate:      0.02                
  Des:                Exp                 Loss:               MSE                 
  Lradj:              type1               Use Amp:            0                   

[1mGPU[0m
  Use GPU:            1                   GPU:                0                   
  Use Multi GPU:      0                   Devices:            0,1,2,3             

[1mDe-stationary Projector Params[0m
  P Hidden Dims:      128, 128            P Hidden Layers:    2                   

Use GPU: cuda:0
[LUMA] period_len=12  rank=10  seg_x=28  seg_y=28  task=long_term_forecast
>>>>>>>start training : long_term_forecast_ETTh2_pred336_L336_p12_r10_LUMA_ETTh2_ftM_sl336_ll48_pl336_dm512_nh8_el2_dl1_df2048_expand2_dc4_fc1_ebtimeF_dtTrue_Exp_0>>>>>>>>>>>>>>>>>>>>>>>>>>
+---------------+------------+
|    Modules    | Parameters |
+---------------+------------+
| conv1d.weight |     13     |
|   lowrank.U   |    280     |
|   lowrank.s   |     10     |
|   lowrank.V   |    280     |
+---------------+------------+
Total Trainable Params: 583
train 7969
val 2545
test 2545
Epoch: 1 cost time: 1.588728666305542
Epoch: 1, Steps: 32 | Train Loss: 0.6550452 Vali Loss: 0.3830567 Test Loss: 0.3681740
Validation loss decreased (inf --> 0.383057).  Saving model ...
Updating learning rate to 0.02
Epoch: 2 cost time: 0.8543095588684082
Epoch: 2, Steps: 32 | Train Loss: 0.6211319 Vali Loss: 0.3689573 Test Loss: 0.3738725
Validation loss decreased (0.383057 --> 0.368957).  Saving model ...
Updating learning rate to 0.01
Epoch: 3 cost time: 0.6954984664916992
Epoch: 3, Steps: 32 | Train Loss: 0.6189163 Vali Loss: 0.3688900 Test Loss: 0.3692272
Validation loss decreased (0.368957 --> 0.368890).  Saving model ...
Updating learning rate to 0.005
Epoch: 4 cost time: 0.7647345066070557
Epoch: 4, Steps: 32 | Train Loss: 0.6090340 Vali Loss: 0.3713920 Test Loss: 0.3662139
EarlyStopping counter: 1 out of 5
Updating learning rate to 0.0025
Epoch: 5 cost time: 0.7582736015319824
Epoch: 5, Steps: 32 | Train Loss: 0.6163671 Vali Loss: 0.3732443 Test Loss: 0.3636838
EarlyStopping counter: 2 out of 5
Updating learning rate to 0.00125
Epoch: 6 cost time: 0.8370215892791748
Epoch: 6, Steps: 32 | Train Loss: 0.6077067 Vali Loss: 0.3704313 Test Loss: 0.3665605
EarlyStopping counter: 3 out of 5
Updating learning rate to 0.000625
Epoch: 7 cost time: 0.830573558807373
Epoch: 7, Steps: 32 | Train Loss: 0.6106925 Vali Loss: 0.3727320 Test Loss: 0.3641800
EarlyStopping counter: 4 out of 5
Updating learning rate to 0.0003125
Epoch: 8 cost time: 0.7399165630340576
Epoch: 8, Steps: 32 | Train Loss: 0.6176069 Vali Loss: 0.3728831 Test Loss: 0.3640422
EarlyStopping counter: 5 out of 5
Early stopping
>>>>>>>testing : long_term_forecast_ETTh2_pred336_L336_p12_r10_LUMA_ETTh2_ftM_sl336_ll48_pl336_dm512_nh8_el2_dl1_df2048_expand2_dc4_fc1_ebtimeF_dtTrue_Exp_0<<<<<<<<<<<<<<<<<<<<<<<<<<<<<<<<<
test 2545
test shape: (2545, 336, 7) (2545, 336, 7)
test shape: (2545, 336, 7) (2545, 336, 7)
mse:0.36635497212409973, mae:0.3991497755050659, dtw:Not calculated
