Using GPU
Args in experiment:
[1mBasic Config[0m
  Task Name:          long_term_forecast  Is Training:        1                   
  Model ID:           ETTh1_pred192_L192_p24_r4Model:              LUMA                

[1mData Loader[0m
  Data:               ETTh1               Root Path:          ./dataset/ETT-small/
  Data Path:          ETTh1.csv           Features:           M                   
  Target:             OT                  Freq:               h                   
  Checkpoints:        ./checkpoints/      

[1mForecasting Task[0m
  Seq Len:            192                 Label Len:          48                  
  Pred Len:           192                 Seasonal Patterns:  Monthly             
  Inverse:            0                   

[1mModel Parameters[0m
  Top k:              5                   Num Kernels:        6                   
  Enc In:             7                   Dec In:             7                   
  C Out:              7                   d model:            512                 
  n heads:            8                   e layers:           2                   
  d layers:           1                   d FF:               2048                
  Moving Avg:         25                  Factor:             1                   
  Distil:             1                   Dropout:            0.001               
  Embed:              timeF               Activation:         gelu                

[1mRun Parameters[0m
  Num Workers:        10                  Itr:                1                   
  Train Epochs:       30                  Batch Size:         256                 
  Patience:           5                   Learning Rate:      0.02                
  Des:                Exp                 Loss:               MSE                 
  Lradj:              type1               Use Amp:            0                   

[1mGPU[0m
  Use GPU:            1                   GPU:                0                   
  Use Multi GPU:      0                   Devices:            0,1,2,3             

[1mDe-stationary Projector Params[0m
  P Hidden Dims:      128, 128            P Hidden Layers:    2                   

Use GPU: cuda:0
[LUMA] period_len=24  rank=4  seg_x=8  seg_y=8  task=long_term_forecast
>>>>>>>start training : long_term_forecast_ETTh1_pred192_L192_p24_r4_LUMA_ETTh1_ftM_sl192_ll48_pl192_dm512_nh8_el2_dl1_df2048_expand2_dc4_fc1_ebtimeF_dtTrue_Exp_0>>>>>>>>>>>>>>>>>>>>>>>>>>
+---------------+------------+
|    Modules    | Parameters |
+---------------+------------+
| conv1d.weight |     25     |
|   lowrank.U   |     32     |
|   lowrank.s   |     4      |
|   lowrank.V   |     32     |
+---------------+------------+
Total Trainable Params: 93
train 8257
val 2689
test 2689
Epoch: 1 cost time: 1.4690227508544922
Epoch: 1, Steps: 33 | Train Loss: 0.4771195 Vali Loss: 1.0750247 Test Loss: 0.4321126
Validation loss decreased (inf --> 1.075025).  Saving model ...
Updating learning rate to 0.02
Epoch: 2 cost time: 0.5969607830047607
Epoch: 2, Steps: 33 | Train Loss: 0.4195023 Vali Loss: 1.0074513 Test Loss: 0.4240653
Validation loss decreased (1.075025 --> 1.007451).  Saving model ...
Updating learning rate to 0.01
Epoch: 3 cost time: 0.5998823642730713
Epoch: 3, Steps: 33 | Train Loss: 0.4162561 Vali Loss: 1.0080628 Test Loss: 0.4240586
EarlyStopping counter: 1 out of 5
Updating learning rate to 0.005
Epoch: 4 cost time: 0.6156826019287109
Epoch: 4, Steps: 33 | Train Loss: 0.4142964 Vali Loss: 1.0047724 Test Loss: 0.4199319
Validation loss decreased (1.007451 --> 1.004772).  Saving model ...
Updating learning rate to 0.0025
Epoch: 5 cost time: 0.6385440826416016
Epoch: 5, Steps: 33 | Train Loss: 0.4139996 Vali Loss: 1.0079318 Test Loss: 0.4225061
EarlyStopping counter: 1 out of 5
Updating learning rate to 0.00125
Epoch: 6 cost time: 0.6910421848297119
Epoch: 6, Steps: 33 | Train Loss: 0.4140443 Vali Loss: 1.0104022 Test Loss: 0.4207949
EarlyStopping counter: 2 out of 5
Updating learning rate to 0.000625
Epoch: 7 cost time: 0.7363665103912354
Epoch: 7, Steps: 33 | Train Loss: 0.4135108 Vali Loss: 1.0089988 Test Loss: 0.4211007
EarlyStopping counter: 3 out of 5
Updating learning rate to 0.0003125
Epoch: 8 cost time: 0.602189302444458
Epoch: 8, Steps: 33 | Train Loss: 0.4131652 Vali Loss: 1.0039743 Test Loss: 0.4210154
Validation loss decreased (1.004772 --> 1.003974).  Saving model ...
Updating learning rate to 0.00015625
Epoch: 9 cost time: 0.6106224060058594
Epoch: 9, Steps: 33 | Train Loss: 0.4152601 Vali Loss: 1.0141097 Test Loss: 0.4211016
EarlyStopping counter: 1 out of 5
Updating learning rate to 7.8125e-05
Epoch: 10 cost time: 0.7498912811279297
Epoch: 10, Steps: 33 | Train Loss: 0.4147940 Vali Loss: 1.0062743 Test Loss: 0.4211085
EarlyStopping counter: 2 out of 5
Updating learning rate to 3.90625e-05
Epoch: 11 cost time: 0.6199362277984619
Epoch: 11, Steps: 33 | Train Loss: 0.4139871 Vali Loss: 1.0058482 Test Loss: 0.4211205
EarlyStopping counter: 3 out of 5
Updating learning rate to 1.953125e-05
Epoch: 12 cost time: 0.6488182544708252
Epoch: 12, Steps: 33 | Train Loss: 0.4153002 Vali Loss: 1.0042132 Test Loss: 0.4211148
EarlyStopping counter: 4 out of 5
Updating learning rate to 9.765625e-06
Epoch: 13 cost time: 0.6594586372375488
Epoch: 13, Steps: 33 | Train Loss: 0.4144523 Vali Loss: 1.0069790 Test Loss: 0.4211220
EarlyStopping counter: 5 out of 5
Early stopping
>>>>>>>testing : long_term_forecast_ETTh1_pred192_L192_p24_r4_LUMA_ETTh1_ftM_sl192_ll48_pl192_dm512_nh8_el2_dl1_df2048_expand2_dc4_fc1_ebtimeF_dtTrue_Exp_0<<<<<<<<<<<<<<<<<<<<<<<<<<<<<<<<<
test 2689
test shape: (2689, 192, 7) (2689, 192, 7)
test shape: (2689, 192, 7) (2689, 192, 7)
mse:0.4170774221420288, mae:0.41322407126426697, dtw:Not calculated
