Using GPU
Args in experiment:
[1mBasic Config[0m
  Task Name:          long_term_forecast  Is Training:        1                   
  Model ID:           ETTh2_pred96_L96_p4_r10Model:              LUMA                

[1mData Loader[0m
  Data:               ETTh2               Root Path:          ./dataset/ETT-small/
  Data Path:          ETTh2.csv           Features:           M                   
  Target:             OT                  Freq:               h                   
  Checkpoints:        ./checkpoints/      

[1mForecasting Task[0m
  Seq Len:            96                  Label Len:          48                  
  Pred Len:           96                  Seasonal Patterns:  Monthly             
  Inverse:            0                   

[1mModel Parameters[0m
  Top k:              5                   Num Kernels:        6                   
  Enc In:             7                   Dec In:             7                   
  C Out:              7                   d model:            512                 
  n heads:            8                   e layers:           2                   
  d layers:           1                   d FF:               2048                
  Moving Avg:         25                  Factor:             1                   
  Distil:             1                   Dropout:            0.001               
  Embed:              timeF               Activation:         gelu                

[1mRun Parameters[0m
  Num Workers:        10                  Itr:                1                   
  Train Epochs:       30                  Batch Size:         256                 
  Patience:           5                   Learning Rate:      0.02                
  Des:                Exp                 Loss:               MSE                 
  Lradj:              type1               Use Amp:            0                   

[1mGPU[0m
  Use GPU:            1                   GPU:                0                   
  Use Multi GPU:      0                   Devices:            0,1,2,3             

[1mDe-stationary Projector Params[0m
  P Hidden Dims:      128, 128            P Hidden Layers:    2                   

Use GPU: cuda:0
[LUMA] period_len=4  rank=10  seg_x=24  seg_y=24  task=long_term_forecast
>>>>>>>start training : long_term_forecast_ETTh2_pred96_L96_p4_r10_LUMA_ETTh2_ftM_sl96_ll48_pl96_dm512_nh8_el2_dl1_df2048_expand2_dc4_fc1_ebtimeF_dtTrue_Exp_0>>>>>>>>>>>>>>>>>>>>>>>>>>
+---------------+------------+
|    Modules    | Parameters |
+---------------+------------+
| conv1d.weight |     5      |
|   lowrank.U   |    240     |
|   lowrank.s   |     10     |
|   lowrank.V   |    240     |
+---------------+------------+
Total Trainable Params: 495
train 8449
val 2785
test 2785
Epoch: 1 cost time: 1.474228858947754
Epoch: 1, Steps: 34 | Train Loss: 0.4635211 Vali Loss: 0.2174298 Test Loss: 0.3056517
Validation loss decreased (inf --> 0.217430).  Saving model ...
Updating learning rate to 0.02
Epoch: 2 cost time: 0.6987180709838867
Epoch: 2, Steps: 34 | Train Loss: 0.4338986 Vali Loss: 0.2158841 Test Loss: 0.3043653
Validation loss decreased (0.217430 --> 0.215884).  Saving model ...
Updating learning rate to 0.01
Epoch: 3 cost time: 0.6927509307861328
Epoch: 3, Steps: 34 | Train Loss: 0.4201297 Vali Loss: 0.2150264 Test Loss: 0.2952408
Validation loss decreased (0.215884 --> 0.215026).  Saving model ...
Updating learning rate to 0.005
Epoch: 4 cost time: 0.5623862743377686
Epoch: 4, Steps: 34 | Train Loss: 0.4148454 Vali Loss: 0.2129946 Test Loss: 0.2960407
Validation loss decreased (0.215026 --> 0.212995).  Saving model ...
Updating learning rate to 0.0025
Epoch: 5 cost time: 0.5551016330718994
Epoch: 5, Steps: 34 | Train Loss: 0.4159805 Vali Loss: 0.2126540 Test Loss: 0.2953037
Validation loss decreased (0.212995 --> 0.212654).  Saving model ...
Updating learning rate to 0.00125
Epoch: 6 cost time: 0.5237348079681396
Epoch: 6, Steps: 34 | Train Loss: 0.4199995 Vali Loss: 0.2128008 Test Loss: 0.2954450
EarlyStopping counter: 1 out of 5
Updating learning rate to 0.000625
Epoch: 7 cost time: 0.5272500514984131
Epoch: 7, Steps: 34 | Train Loss: 0.4288579 Vali Loss: 0.2125912 Test Loss: 0.2952858
Validation loss decreased (0.212654 --> 0.212591).  Saving model ...
Updating learning rate to 0.0003125
Epoch: 8 cost time: 0.6544146537780762
Epoch: 8, Steps: 34 | Train Loss: 0.4135069 Vali Loss: 0.2126124 Test Loss: 0.2950952
EarlyStopping counter: 1 out of 5
Updating learning rate to 0.00015625
Epoch: 9 cost time: 0.6689083576202393
Epoch: 9, Steps: 34 | Train Loss: 0.4148579 Vali Loss: 0.2125681 Test Loss: 0.2951311
Validation loss decreased (0.212591 --> 0.212568).  Saving model ...
Updating learning rate to 7.8125e-05
Epoch: 10 cost time: 0.6398172378540039
Epoch: 10, Steps: 34 | Train Loss: 0.4237565 Vali Loss: 0.2125237 Test Loss: 0.2951761
Validation loss decreased (0.212568 --> 0.212524).  Saving model ...
Updating learning rate to 3.90625e-05
Epoch: 11 cost time: 0.5050711631774902
Epoch: 11, Steps: 34 | Train Loss: 0.4147263 Vali Loss: 0.2127839 Test Loss: 0.2951643
EarlyStopping counter: 1 out of 5
Updating learning rate to 1.953125e-05
Epoch: 12 cost time: 0.6717283725738525
Epoch: 12, Steps: 34 | Train Loss: 0.4127643 Vali Loss: 0.2126282 Test Loss: 0.2951692
EarlyStopping counter: 2 out of 5
Updating learning rate to 9.765625e-06
Epoch: 13 cost time: 0.5127012729644775
Epoch: 13, Steps: 34 | Train Loss: 0.4135524 Vali Loss: 0.2126483 Test Loss: 0.2951654
EarlyStopping counter: 3 out of 5
Updating learning rate to 4.8828125e-06
Epoch: 14 cost time: 0.5165772438049316
Epoch: 14, Steps: 34 | Train Loss: 0.4120947 Vali Loss: 0.2124805 Test Loss: 0.2951645
Validation loss decreased (0.212524 --> 0.212481).  Saving model ...
Updating learning rate to 2.44140625e-06
Epoch: 15 cost time: 0.5823988914489746
Epoch: 15, Steps: 34 | Train Loss: 0.4140692 Vali Loss: 0.2127426 Test Loss: 0.2951658
EarlyStopping counter: 1 out of 5
Updating learning rate to 1.220703125e-06
Epoch: 16 cost time: 0.622290849685669
Epoch: 16, Steps: 34 | Train Loss: 0.4139334 Vali Loss: 0.2126102 Test Loss: 0.2951652
EarlyStopping counter: 2 out of 5
Updating learning rate to 6.103515625e-07
Epoch: 17 cost time: 0.5662810802459717
Epoch: 17, Steps: 34 | Train Loss: 0.4144328 Vali Loss: 0.2127093 Test Loss: 0.2951649
EarlyStopping counter: 3 out of 5
Updating learning rate to 3.0517578125e-07
Epoch: 18 cost time: 0.5388238430023193
Epoch: 18, Steps: 34 | Train Loss: 0.4121454 Vali Loss: 0.2127685 Test Loss: 0.2951648
EarlyStopping counter: 4 out of 5
Updating learning rate to 1.52587890625e-07
Epoch: 19 cost time: 0.593019962310791
Epoch: 19, Steps: 34 | Train Loss: 0.4336412 Vali Loss: 0.2125257 Test Loss: 0.2951648
EarlyStopping counter: 5 out of 5
Early stopping
>>>>>>>testing : long_term_forecast_ETTh2_pred96_L96_p4_r10_LUMA_ETTh2_ftM_sl96_ll48_pl96_dm512_nh8_el2_dl1_df2048_expand2_dc4_fc1_ebtimeF_dtTrue_Exp_0<<<<<<<<<<<<<<<<<<<<<<<<<<<<<<<<<
test 2785
test shape: (2785, 96, 7) (2785, 96, 7)
test shape: (2785, 96, 7) (2785, 96, 7)
mse:0.29356271028518677, mae:0.34158626198768616, dtw:Not calculated
