Using GPU
Args in experiment:
[1mBasic Config[0m
  Task Name:          long_term_forecast  Is Training:        1                   
  Model ID:           ETTh1_pred720_L192_p24_r2Model:              LUMA                

[1mData Loader[0m
  Data:               ETTh1               Root Path:          ./dataset/ETT-small/
  Data Path:          ETTh1.csv           Features:           M                   
  Target:             OT                  Freq:               h                   
  Checkpoints:        ./checkpoints/      

[1mForecasting Task[0m
  Seq Len:            192                 Label Len:          48                  
  Pred Len:           720                 Seasonal Patterns:  Monthly             
  Inverse:            0                   

[1mModel Parameters[0m
  Top k:              5                   Num Kernels:        6                   
  Enc In:             7                   Dec In:             7                   
  C Out:              7                   d model:            512                 
  n heads:            8                   e layers:           2                   
  d layers:           1                   d FF:               2048                
  Moving Avg:         25                  Factor:             1                   
  Distil:             1                   Dropout:            0.001               
  Embed:              timeF               Activation:         gelu                

[1mRun Parameters[0m
  Num Workers:        10                  Itr:                1                   
  Train Epochs:       30                  Batch Size:         256                 
  Patience:           5                   Learning Rate:      0.02                
  Des:                Exp                 Loss:               MSE                 
  Lradj:              type1               Use Amp:            0                   

[1mGPU[0m
  Use GPU:            1                   GPU:                0                   
  Use Multi GPU:      0                   Devices:            0,1,2,3             

[1mDe-stationary Projector Params[0m
  P Hidden Dims:      128, 128            P Hidden Layers:    2                   

Use GPU: cuda:0
[LUMA] period_len=24  rank=2  seg_x=8  seg_y=30  task=long_term_forecast
>>>>>>>start training : long_term_forecast_ETTh1_pred720_L192_p24_r2_LUMA_ETTh1_ftM_sl192_ll48_pl720_dm512_nh8_el2_dl1_df2048_expand2_dc4_fc1_ebtimeF_dtTrue_Exp_0>>>>>>>>>>>>>>>>>>>>>>>>>>
+---------------+------------+
|    Modules    | Parameters |
+---------------+------------+
| conv1d.weight |     25     |
|   lowrank.U   |     60     |
|   lowrank.s   |     2      |
|   lowrank.V   |     16     |
+---------------+------------+
Total Trainable Params: 103
train 7729
val 2161
test 2161
Epoch: 1 cost time: 1.652289628982544
Epoch: 1, Steps: 31 | Train Loss: 0.6681524 Vali Loss: 1.5473080 Test Loss: 0.4479576
Validation loss decreased (inf --> 1.547308).  Saving model ...
Updating learning rate to 0.02
Epoch: 2 cost time: 0.8754944801330566
Epoch: 2, Steps: 31 | Train Loss: 0.5947948 Vali Loss: 1.5015271 Test Loss: 0.4426700
Validation loss decreased (1.547308 --> 1.501527).  Saving model ...
Updating learning rate to 0.01
Epoch: 3 cost time: 0.8366298675537109
Epoch: 3, Steps: 31 | Train Loss: 0.5890399 Vali Loss: 1.5058389 Test Loss: 0.4403523
EarlyStopping counter: 1 out of 5
Updating learning rate to 0.005
Epoch: 4 cost time: 0.9125914573669434
Epoch: 4, Steps: 31 | Train Loss: 0.5896701 Vali Loss: 1.5143728 Test Loss: 0.4397133
EarlyStopping counter: 2 out of 5
Updating learning rate to 0.0025
Epoch: 5 cost time: 0.7857117652893066
Epoch: 5, Steps: 31 | Train Loss: 0.5892691 Vali Loss: 1.5054791 Test Loss: 0.4398486
EarlyStopping counter: 3 out of 5
Updating learning rate to 0.00125
Epoch: 6 cost time: 0.7807338237762451
Epoch: 6, Steps: 31 | Train Loss: 0.5882859 Vali Loss: 1.5079215 Test Loss: 0.4396285
EarlyStopping counter: 4 out of 5
Updating learning rate to 0.000625
Epoch: 7 cost time: 0.8813636302947998
Epoch: 7, Steps: 31 | Train Loss: 0.5912792 Vali Loss: 1.5116950 Test Loss: 0.4394666
EarlyStopping counter: 5 out of 5
Early stopping
>>>>>>>testing : long_term_forecast_ETTh1_pred720_L192_p24_r2_LUMA_ETTh1_ftM_sl192_ll48_pl720_dm512_nh8_el2_dl1_df2048_expand2_dc4_fc1_ebtimeF_dtTrue_Exp_0<<<<<<<<<<<<<<<<<<<<<<<<<<<<<<<<<
test 2161
test shape: (2161, 720, 7) (2161, 720, 7)
test shape: (2161, 720, 7) (2161, 720, 7)
mse:0.4321228861808777, mae:0.4433731436729431, dtw:Not calculated
