Using GPU
Args in experiment:
[1mBasic Config[0m
  Task Name:          long_term_forecast  Is Training:        1                   
  Model ID:           ETTh1_pred720_L720_p24_r2Model:              LUMA                

[1mData Loader[0m
  Data:               ETTh1               Root Path:          ./dataset/ETT-small/
  Data Path:          ETTh1.csv           Features:           M                   
  Target:             OT                  Freq:               h                   
  Checkpoints:        ./checkpoints/      

[1mForecasting Task[0m
  Seq Len:            720                 Label Len:          48                  
  Pred Len:           720                 Seasonal Patterns:  Monthly             
  Inverse:            0                   

[1mModel Parameters[0m
  Top k:              5                   Num Kernels:        6                   
  Enc In:             7                   Dec In:             7                   
  C Out:              7                   d model:            512                 
  n heads:            8                   e layers:           2                   
  d layers:           1                   d FF:               2048                
  Moving Avg:         25                  Factor:             1                   
  Distil:             1                   Dropout:            0.001               
  Embed:              timeF               Activation:         gelu                

[1mRun Parameters[0m
  Num Workers:        10                  Itr:                1                   
  Train Epochs:       30                  Batch Size:         256                 
  Patience:           5                   Learning Rate:      0.02                
  Des:                Exp                 Loss:               MSE                 
  Lradj:              type1               Use Amp:            0                   

[1mGPU[0m
  Use GPU:            1                   GPU:                0                   
  Use Multi GPU:      0                   Devices:            0,1,2,3             

[1mDe-stationary Projector Params[0m
  P Hidden Dims:      128, 128            P Hidden Layers:    2                   

Use GPU: cuda:0
[LUMA] period_len=24  rank=2  seg_x=30  seg_y=30  task=long_term_forecast
>>>>>>>start training : long_term_forecast_ETTh1_pred720_L720_p24_r2_LUMA_ETTh1_ftM_sl720_ll48_pl720_dm512_nh8_el2_dl1_df2048_expand2_dc4_fc1_ebtimeF_dtTrue_Exp_0>>>>>>>>>>>>>>>>>>>>>>>>>>
+---------------+------------+
|    Modules    | Parameters |
+---------------+------------+
| conv1d.weight |     25     |
|   lowrank.U   |     60     |
|   lowrank.s   |     2      |
|   lowrank.V   |     60     |
+---------------+------------+
Total Trainable Params: 147
train 7201
val 2161
test 2161
Epoch: 1 cost time: 1.8092608451843262
Epoch: 1, Steps: 29 | Train Loss: 0.6689965 Vali Loss: 1.4736636 Test Loss: 0.4464209
Validation loss decreased (inf --> 1.473664).  Saving model ...
Updating learning rate to 0.02
Epoch: 2 cost time: 1.008009910583496
Epoch: 2, Steps: 29 | Train Loss: 0.5645233 Vali Loss: 1.4650754 Test Loss: 0.4316771
Validation loss decreased (1.473664 --> 1.465075).  Saving model ...
Updating learning rate to 0.01
Epoch: 3 cost time: 1.0657215118408203
Epoch: 3, Steps: 29 | Train Loss: 0.5620785 Vali Loss: 1.4425400 Test Loss: 0.4321567
Validation loss decreased (1.465075 --> 1.442540).  Saving model ...
Updating learning rate to 0.005
Epoch: 4 cost time: 0.9495129585266113
Epoch: 4, Steps: 29 | Train Loss: 0.5593565 Vali Loss: 1.4382420 Test Loss: 0.4331900
Validation loss decreased (1.442540 --> 1.438242).  Saving model ...
Updating learning rate to 0.0025
Epoch: 5 cost time: 0.9615793228149414
Epoch: 5, Steps: 29 | Train Loss: 0.5605896 Vali Loss: 1.4254472 Test Loss: 0.4301714
Validation loss decreased (1.438242 --> 1.425447).  Saving model ...
Updating learning rate to 0.00125
Epoch: 6 cost time: 0.916236162185669
Epoch: 6, Steps: 29 | Train Loss: 0.5605045 Vali Loss: 1.4331946 Test Loss: 0.4305812
EarlyStopping counter: 1 out of 5
Updating learning rate to 0.000625
Epoch: 7 cost time: 1.0103020668029785
Epoch: 7, Steps: 29 | Train Loss: 0.5614508 Vali Loss: 1.4362359 Test Loss: 0.4310176
EarlyStopping counter: 2 out of 5
Updating learning rate to 0.0003125
Epoch: 8 cost time: 1.0908503532409668
Epoch: 8, Steps: 29 | Train Loss: 0.5607184 Vali Loss: 1.4325519 Test Loss: 0.4310621
EarlyStopping counter: 3 out of 5
Updating learning rate to 0.00015625
Epoch: 9 cost time: 0.9546215534210205
Epoch: 9, Steps: 29 | Train Loss: 0.5582779 Vali Loss: 1.4404917 Test Loss: 0.4309498
EarlyStopping counter: 4 out of 5
Updating learning rate to 7.8125e-05
Epoch: 10 cost time: 1.0557358264923096
Epoch: 10, Steps: 29 | Train Loss: 0.5597701 Vali Loss: 1.4373136 Test Loss: 0.4309639
EarlyStopping counter: 5 out of 5
Early stopping
>>>>>>>testing : long_term_forecast_ETTh1_pred720_L720_p24_r2_LUMA_ETTh1_ftM_sl720_ll48_pl720_dm512_nh8_el2_dl1_df2048_expand2_dc4_fc1_ebtimeF_dtTrue_Exp_0<<<<<<<<<<<<<<<<<<<<<<<<<<<<<<<<<
test 2161
test shape: (2161, 720, 7) (2161, 720, 7)
test shape: (2161, 720, 7) (2161, 720, 7)
mse:0.4203794300556183, mae:0.4431966245174408, dtw:Not calculated
