Using GPU
Args in experiment:
[1mBasic Config[0m
  Task Name:          long_term_forecast  Is Training:        1                   
  Model ID:           ETTh2_pred720_L336_p12_r10Model:              LUMA                

[1mData Loader[0m
  Data:               ETTh2               Root Path:          ./dataset/ETT-small/
  Data Path:          ETTh2.csv           Features:           M                   
  Target:             OT                  Freq:               h                   
  Checkpoints:        ./checkpoints/      

[1mForecasting Task[0m
  Seq Len:            336                 Label Len:          48                  
  Pred Len:           720                 Seasonal Patterns:  Monthly             
  Inverse:            0                   

[1mModel Parameters[0m
  Top k:              5                   Num Kernels:        6                   
  Enc In:             7                   Dec In:             7                   
  C Out:              7                   d model:            512                 
  n heads:            8                   e layers:           2                   
  d layers:           1                   d FF:               2048                
  Moving Avg:         25                  Factor:             1                   
  Distil:             1                   Dropout:            0.001               
  Embed:              timeF               Activation:         gelu                

[1mRun Parameters[0m
  Num Workers:        10                  Itr:                1                   
  Train Epochs:       30                  Batch Size:         256                 
  Patience:           5                   Learning Rate:      0.02                
  Des:                Exp                 Loss:               MSE                 
  Lradj:              type1               Use Amp:            0                   

[1mGPU[0m
  Use GPU:            1                   GPU:                0                   
  Use Multi GPU:      0                   Devices:            0,1,2,3             

[1mDe-stationary Projector Params[0m
  P Hidden Dims:      128, 128            P Hidden Layers:    2                   

Use GPU: cuda:0
[LUMA] period_len=12  rank=10  seg_x=28  seg_y=60  task=long_term_forecast
>>>>>>>start training : long_term_forecast_ETTh2_pred720_L336_p12_r10_LUMA_ETTh2_ftM_sl336_ll48_pl720_dm512_nh8_el2_dl1_df2048_expand2_dc4_fc1_ebtimeF_dtTrue_Exp_0>>>>>>>>>>>>>>>>>>>>>>>>>>
+---------------+------------+
|    Modules    | Parameters |
+---------------+------------+
| conv1d.weight |     13     |
|   lowrank.U   |    600     |
|   lowrank.s   |     10     |
|   lowrank.V   |    280     |
+---------------+------------+
Total Trainable Params: 903
train 7585
val 2161
test 2161
Epoch: 1 cost time: 1.7028911113739014
Epoch: 1, Steps: 30 | Train Loss: 0.8351891 Vali Loss: 0.6371407 Test Loss: 0.4115834
Validation loss decreased (inf --> 0.637141).  Saving model ...
Updating learning rate to 0.02
Epoch: 2 cost time: 0.8708205223083496
Epoch: 2, Steps: 30 | Train Loss: 0.8061805 Vali Loss: 0.6358168 Test Loss: 0.4041469
Validation loss decreased (0.637141 --> 0.635817).  Saving model ...
Updating learning rate to 0.01
Epoch: 3 cost time: 0.9797418117523193
Epoch: 3, Steps: 30 | Train Loss: 0.8018287 Vali Loss: 0.6329190 Test Loss: 0.4047166
Validation loss decreased (0.635817 --> 0.632919).  Saving model ...
Updating learning rate to 0.005
Epoch: 4 cost time: 0.8831121921539307
Epoch: 4, Steps: 30 | Train Loss: 0.8019093 Vali Loss: 0.6395619 Test Loss: 0.4047090
EarlyStopping counter: 1 out of 5
Updating learning rate to 0.0025
Epoch: 5 cost time: 0.8082218170166016
Epoch: 5, Steps: 30 | Train Loss: 0.7991206 Vali Loss: 0.6322734 Test Loss: 0.4045946
Validation loss decreased (0.632919 --> 0.632273).  Saving model ...
Updating learning rate to 0.00125
Epoch: 6 cost time: 0.8194420337677002
Epoch: 6, Steps: 30 | Train Loss: 0.7997100 Vali Loss: 0.6345094 Test Loss: 0.4046457
EarlyStopping counter: 1 out of 5
Updating learning rate to 0.000625
Epoch: 7 cost time: 0.9407520294189453
Epoch: 7, Steps: 30 | Train Loss: 0.8000275 Vali Loss: 0.6331841 Test Loss: 0.4045970
EarlyStopping counter: 2 out of 5
Updating learning rate to 0.0003125
Epoch: 8 cost time: 0.8686132431030273
Epoch: 8, Steps: 30 | Train Loss: 0.7990727 Vali Loss: 0.6356857 Test Loss: 0.4045293
EarlyStopping counter: 3 out of 5
Updating learning rate to 0.00015625
Epoch: 9 cost time: 0.908644437789917
Epoch: 9, Steps: 30 | Train Loss: 0.8005775 Vali Loss: 0.6363477 Test Loss: 0.4045004
EarlyStopping counter: 4 out of 5
Updating learning rate to 7.8125e-05
Epoch: 10 cost time: 0.8547506332397461
Epoch: 10, Steps: 30 | Train Loss: 0.8002738 Vali Loss: 0.6362620 Test Loss: 0.4045132
EarlyStopping counter: 5 out of 5
Early stopping
>>>>>>>testing : long_term_forecast_ETTh2_pred720_L336_p12_r10_LUMA_ETTh2_ftM_sl336_ll48_pl720_dm512_nh8_el2_dl1_df2048_expand2_dc4_fc1_ebtimeF_dtTrue_Exp_0<<<<<<<<<<<<<<<<<<<<<<<<<<<<<<<<<
test 2161
test shape: (2161, 720, 7) (2161, 720, 7)
test shape: (2161, 720, 7) (2161, 720, 7)
mse:0.3870566785335541, mae:0.42276814579963684, dtw:Not calculated
