Using GPU
Args in experiment:
[1mBasic Config[0m
  Task Name:          long_term_forecast  Is Training:        1                   
  Model ID:           ETTh1_pred192_L96_p24_r4Model:              LUMA                

[1mData Loader[0m
  Data:               ETTh1               Root Path:          ./dataset/ETT-small/
  Data Path:          ETTh1.csv           Features:           M                   
  Target:             OT                  Freq:               h                   
  Checkpoints:        ./checkpoints/      

[1mForecasting Task[0m
  Seq Len:            96                  Label Len:          48                  
  Pred Len:           192                 Seasonal Patterns:  Monthly             
  Inverse:            0                   

[1mModel Parameters[0m
  Top k:              5                   Num Kernels:        6                   
  Enc In:             7                   Dec In:             7                   
  C Out:              7                   d model:            512                 
  n heads:            8                   e layers:           2                   
  d layers:           1                   d FF:               2048                
  Moving Avg:         25                  Factor:             1                   
  Distil:             1                   Dropout:            0.001               
  Embed:              timeF               Activation:         gelu                

[1mRun Parameters[0m
  Num Workers:        10                  Itr:                1                   
  Train Epochs:       30                  Batch Size:         256                 
  Patience:           5                   Learning Rate:      0.02                
  Des:                Exp                 Loss:               MSE                 
  Lradj:              type1               Use Amp:            0                   

[1mGPU[0m
  Use GPU:            1                   GPU:                0                   
  Use Multi GPU:      0                   Devices:            0,1,2,3             

[1mDe-stationary Projector Params[0m
  P Hidden Dims:      128, 128            P Hidden Layers:    2                   

Use GPU: cuda:0
[LUMA] period_len=24  rank=4  seg_x=4  seg_y=8  task=long_term_forecast
>>>>>>>start training : long_term_forecast_ETTh1_pred192_L96_p24_r4_LUMA_ETTh1_ftM_sl96_ll48_pl192_dm512_nh8_el2_dl1_df2048_expand2_dc4_fc1_ebtimeF_dtTrue_Exp_0>>>>>>>>>>>>>>>>>>>>>>>>>>
+---------------+------------+
|    Modules    | Parameters |
+---------------+------------+
| conv1d.weight |     25     |
|   lowrank.U   |     32     |
|   lowrank.s   |     4      |
|   lowrank.V   |     16     |
+---------------+------------+
Total Trainable Params: 77
train 8353
val 2689
test 2689
Epoch: 1 cost time: 1.6008849143981934
Epoch: 1, Steps: 33 | Train Loss: 0.4822719 Vali Loss: 1.0555356 Test Loss: 0.4455304
Validation loss decreased (inf --> 1.055536).  Saving model ...
Updating learning rate to 0.02
Epoch: 2 cost time: 0.6278626918792725
Epoch: 2, Steps: 33 | Train Loss: 0.4325936 Vali Loss: 1.0422028 Test Loss: 0.4353148
Validation loss decreased (1.055536 --> 1.042203).  Saving model ...
Updating learning rate to 0.01
Epoch: 3 cost time: 0.6647028923034668
Epoch: 3, Steps: 33 | Train Loss: 0.4314050 Vali Loss: 1.0377715 Test Loss: 0.4349393
Validation loss decreased (1.042203 --> 1.037771).  Saving model ...
Updating learning rate to 0.005
Epoch: 4 cost time: 0.7220370769500732
Epoch: 4, Steps: 33 | Train Loss: 0.4306683 Vali Loss: 1.0374116 Test Loss: 0.4371692
Validation loss decreased (1.037771 --> 1.037412).  Saving model ...
Updating learning rate to 0.0025
Epoch: 5 cost time: 0.7077553272247314
Epoch: 5, Steps: 33 | Train Loss: 0.4310631 Vali Loss: 1.0361223 Test Loss: 0.4350841
Validation loss decreased (1.037412 --> 1.036122).  Saving model ...
Updating learning rate to 0.00125
Epoch: 6 cost time: 0.6510288715362549
Epoch: 6, Steps: 33 | Train Loss: 0.4306032 Vali Loss: 1.0347806 Test Loss: 0.4359762
Validation loss decreased (1.036122 --> 1.034781).  Saving model ...
Updating learning rate to 0.000625
Epoch: 7 cost time: 0.6994869709014893
Epoch: 7, Steps: 33 | Train Loss: 0.4310227 Vali Loss: 1.0324327 Test Loss: 0.4352103
Validation loss decreased (1.034781 --> 1.032433).  Saving model ...
Updating learning rate to 0.0003125
Epoch: 8 cost time: 0.6432342529296875
Epoch: 8, Steps: 33 | Train Loss: 0.4307658 Vali Loss: 1.0368416 Test Loss: 0.4353807
EarlyStopping counter: 1 out of 5
Updating learning rate to 0.00015625
Epoch: 9 cost time: 0.690971851348877
Epoch: 9, Steps: 33 | Train Loss: 0.4305695 Vali Loss: 1.0385203 Test Loss: 0.4354650
EarlyStopping counter: 2 out of 5
Updating learning rate to 7.8125e-05
Epoch: 10 cost time: 0.6827061176300049
Epoch: 10, Steps: 33 | Train Loss: 0.4307267 Vali Loss: 1.0380087 Test Loss: 0.4354477
EarlyStopping counter: 3 out of 5
Updating learning rate to 3.90625e-05
Epoch: 11 cost time: 0.6875224113464355
Epoch: 11, Steps: 33 | Train Loss: 0.4307988 Vali Loss: 1.0403994 Test Loss: 0.4354898
EarlyStopping counter: 4 out of 5
Updating learning rate to 1.953125e-05
Epoch: 12 cost time: 0.609102725982666
Epoch: 12, Steps: 33 | Train Loss: 0.4306417 Vali Loss: 1.0381786 Test Loss: 0.4354904
EarlyStopping counter: 5 out of 5
Early stopping
>>>>>>>testing : long_term_forecast_ETTh1_pred192_L96_p24_r4_LUMA_ETTh1_ftM_sl96_ll48_pl192_dm512_nh8_el2_dl1_df2048_expand2_dc4_fc1_ebtimeF_dtTrue_Exp_0<<<<<<<<<<<<<<<<<<<<<<<<<<<<<<<<<
test 2689
test shape: (2689, 192, 7) (2689, 192, 7)
test shape: (2689, 192, 7) (2689, 192, 7)
mse:0.4334193170070648, mae:0.41979092359542847, dtw:Not calculated
