Using GPU
Args in experiment:
[1mBasic Config[0m
  Task Name:          long_term_forecast  Is Training:        1                   
  Model ID:           ETTh2_pred336_L96_p12_r10Model:              LUMA                

[1mData Loader[0m
  Data:               ETTh2               Root Path:          ./dataset/ETT-small/
  Data Path:          ETTh2.csv           Features:           M                   
  Target:             OT                  Freq:               h                   
  Checkpoints:        ./checkpoints/      

[1mForecasting Task[0m
  Seq Len:            96                  Label Len:          48                  
  Pred Len:           336                 Seasonal Patterns:  Monthly             
  Inverse:            0                   

[1mModel Parameters[0m
  Top k:              5                   Num Kernels:        6                   
  Enc In:             7                   Dec In:             7                   
  C Out:              7                   d model:            512                 
  n heads:            8                   e layers:           2                   
  d layers:           1                   d FF:               2048                
  Moving Avg:         25                  Factor:             1                   
  Distil:             1                   Dropout:            0.001               
  Embed:              timeF               Activation:         gelu                

[1mRun Parameters[0m
  Num Workers:        10                  Itr:                1                   
  Train Epochs:       30                  Batch Size:         256                 
  Patience:           5                   Learning Rate:      0.02                
  Des:                Exp                 Loss:               MSE                 
  Lradj:              type1               Use Amp:            0                   

[1mGPU[0m
  Use GPU:            1                   GPU:                0                   
  Use Multi GPU:      0                   Devices:            0,1,2,3             

[1mDe-stationary Projector Params[0m
  P Hidden Dims:      128, 128            P Hidden Layers:    2                   

Use GPU: cuda:0
[LUMA] period_len=12  rank=10  seg_x=8  seg_y=28  task=long_term_forecast
>>>>>>>start training : long_term_forecast_ETTh2_pred336_L96_p12_r10_LUMA_ETTh2_ftM_sl96_ll48_pl336_dm512_nh8_el2_dl1_df2048_expand2_dc4_fc1_ebtimeF_dtTrue_Exp_0>>>>>>>>>>>>>>>>>>>>>>>>>>
+---------------+------------+
|    Modules    | Parameters |
+---------------+------------+
| conv1d.weight |     13     |
|   lowrank.U   |    224     |
|   lowrank.s   |     8      |
|   lowrank.V   |     64     |
+---------------+------------+
Total Trainable Params: 309
train 8209
val 2545
test 2545
Epoch: 1 cost time: 1.4673388004302979
Epoch: 1, Steps: 33 | Train Loss: 0.6777204 Vali Loss: 0.3680080 Test Loss: 0.4275798
Validation loss decreased (inf --> 0.368008).  Saving model ...
Updating learning rate to 0.02
Epoch: 2 cost time: 0.6265816688537598
Epoch: 2, Steps: 33 | Train Loss: 0.6489886 Vali Loss: 0.3661863 Test Loss: 0.4256786
Validation loss decreased (0.368008 --> 0.366186).  Saving model ...
Updating learning rate to 0.01
Epoch: 3 cost time: 0.687690258026123
Epoch: 3, Steps: 33 | Train Loss: 0.6441868 Vali Loss: 0.3659871 Test Loss: 0.4230576
Validation loss decreased (0.366186 --> 0.365987).  Saving model ...
Updating learning rate to 0.005
Epoch: 4 cost time: 0.6822123527526855
Epoch: 4, Steps: 33 | Train Loss: 0.6472404 Vali Loss: 0.3667995 Test Loss: 0.4220456
EarlyStopping counter: 1 out of 5
Updating learning rate to 0.0025
Epoch: 5 cost time: 0.6754682064056396
Epoch: 5, Steps: 33 | Train Loss: 0.6427519 Vali Loss: 0.3659310 Test Loss: 0.4226135
Validation loss decreased (0.365987 --> 0.365931).  Saving model ...
Updating learning rate to 0.00125
Epoch: 6 cost time: 0.6402053833007812
Epoch: 6, Steps: 33 | Train Loss: 0.6499826 Vali Loss: 0.3659201 Test Loss: 0.4225156
Validation loss decreased (0.365931 --> 0.365920).  Saving model ...
Updating learning rate to 0.000625
Epoch: 7 cost time: 0.6288576126098633
Epoch: 7, Steps: 33 | Train Loss: 0.6677397 Vali Loss: 0.3656162 Test Loss: 0.4224494
Validation loss decreased (0.365920 --> 0.365616).  Saving model ...
Updating learning rate to 0.0003125
Epoch: 8 cost time: 0.6556267738342285
Epoch: 8, Steps: 33 | Train Loss: 0.6530922 Vali Loss: 0.3656003 Test Loss: 0.4224761
Validation loss decreased (0.365616 --> 0.365600).  Saving model ...
Updating learning rate to 0.00015625
Epoch: 9 cost time: 0.7274415493011475
Epoch: 9, Steps: 33 | Train Loss: 0.6538081 Vali Loss: 0.3655845 Test Loss: 0.4224933
Validation loss decreased (0.365600 --> 0.365584).  Saving model ...
Updating learning rate to 7.8125e-05
Epoch: 10 cost time: 0.7090575695037842
Epoch: 10, Steps: 33 | Train Loss: 0.6597949 Vali Loss: 0.3658438 Test Loss: 0.4224700
EarlyStopping counter: 1 out of 5
Updating learning rate to 3.90625e-05
Epoch: 11 cost time: 0.64288330078125
Epoch: 11, Steps: 33 | Train Loss: 0.6454988 Vali Loss: 0.3654422 Test Loss: 0.4224606
Validation loss decreased (0.365584 --> 0.365442).  Saving model ...
Updating learning rate to 1.953125e-05
Epoch: 12 cost time: 0.6558723449707031
Epoch: 12, Steps: 33 | Train Loss: 0.6519511 Vali Loss: 0.3657425 Test Loss: 0.4224460
EarlyStopping counter: 1 out of 5
Updating learning rate to 9.765625e-06
Epoch: 13 cost time: 0.7341535091400146
Epoch: 13, Steps: 33 | Train Loss: 0.6484939 Vali Loss: 0.3656484 Test Loss: 0.4224485
EarlyStopping counter: 2 out of 5
Updating learning rate to 4.8828125e-06
Epoch: 14 cost time: 0.8391587734222412
Epoch: 14, Steps: 33 | Train Loss: 0.6517753 Vali Loss: 0.3658422 Test Loss: 0.4224473
EarlyStopping counter: 3 out of 5
Updating learning rate to 2.44140625e-06
Epoch: 15 cost time: 0.6766436100006104
Epoch: 15, Steps: 33 | Train Loss: 0.6481484 Vali Loss: 0.3658059 Test Loss: 0.4224479
EarlyStopping counter: 4 out of 5
Updating learning rate to 1.220703125e-06
Epoch: 16 cost time: 0.761446475982666
Epoch: 16, Steps: 33 | Train Loss: 0.6430261 Vali Loss: 0.3655879 Test Loss: 0.4224479
EarlyStopping counter: 5 out of 5
Early stopping
>>>>>>>testing : long_term_forecast_ETTh2_pred336_L96_p12_r10_LUMA_ETTh2_ftM_sl96_ll48_pl336_dm512_nh8_el2_dl1_df2048_expand2_dc4_fc1_ebtimeF_dtTrue_Exp_0<<<<<<<<<<<<<<<<<<<<<<<<<<<<<<<<<
test 2545
test shape: (2545, 336, 7) (2545, 336, 7)
test shape: (2545, 336, 7) (2545, 336, 7)
mse:0.4193606972694397, mae:0.4269854724407196, dtw:Not calculated
