Using GPU
Args in experiment:
[1mBasic Config[0m
  Task Name:          long_term_forecast  Is Training:        1                   
  Model ID:           ETTh2_pred336_L192_p12_r10Model:              LUMA                

[1mData Loader[0m
  Data:               ETTh2               Root Path:          ./dataset/ETT-small/
  Data Path:          ETTh2.csv           Features:           M                   
  Target:             OT                  Freq:               h                   
  Checkpoints:        ./checkpoints/      

[1mForecasting Task[0m
  Seq Len:            192                 Label Len:          48                  
  Pred Len:           336                 Seasonal Patterns:  Monthly             
  Inverse:            0                   

[1mModel Parameters[0m
  Top k:              5                   Num Kernels:        6                   
  Enc In:             7                   Dec In:             7                   
  C Out:              7                   d model:            512                 
  n heads:            8                   e layers:           2                   
  d layers:           1                   d FF:               2048                
  Moving Avg:         25                  Factor:             1                   
  Distil:             1                   Dropout:            0.001               
  Embed:              timeF               Activation:         gelu                

[1mRun Parameters[0m
  Num Workers:        10                  Itr:                1                   
  Train Epochs:       30                  Batch Size:         256                 
  Patience:           5                   Learning Rate:      0.02                
  Des:                Exp                 Loss:               MSE                 
  Lradj:              type1               Use Amp:            0                   

[1mGPU[0m
  Use GPU:            1                   GPU:                0                   
  Use Multi GPU:      0                   Devices:            0,1,2,3             

[1mDe-stationary Projector Params[0m
  P Hidden Dims:      128, 128            P Hidden Layers:    2                   

Use GPU: cuda:0
[LUMA] period_len=12  rank=10  seg_x=16  seg_y=28  task=long_term_forecast
>>>>>>>start training : long_term_forecast_ETTh2_pred336_L192_p12_r10_LUMA_ETTh2_ftM_sl192_ll48_pl336_dm512_nh8_el2_dl1_df2048_expand2_dc4_fc1_ebtimeF_dtTrue_Exp_0>>>>>>>>>>>>>>>>>>>>>>>>>>
+---------------+------------+
|    Modules    | Parameters |
+---------------+------------+
| conv1d.weight |     13     |
|   lowrank.U   |    280     |
|   lowrank.s   |     10     |
|   lowrank.V   |    160     |
+---------------+------------+
Total Trainable Params: 463
train 8113
val 2545
test 2545
Epoch: 1 cost time: 1.5168633460998535
Epoch: 1, Steps: 32 | Train Loss: 0.6625531 Vali Loss: 0.3744061 Test Loss: 0.3952708
Validation loss decreased (inf --> 0.374406).  Saving model ...
Updating learning rate to 0.02
Epoch: 2 cost time: 0.6742458343505859
Epoch: 2, Steps: 32 | Train Loss: 0.6282360 Vali Loss: 0.3714312 Test Loss: 0.3927298
Validation loss decreased (0.374406 --> 0.371431).  Saving model ...
Updating learning rate to 0.01
Epoch: 3 cost time: 0.6446831226348877
Epoch: 3, Steps: 32 | Train Loss: 0.6245888 Vali Loss: 0.3705024 Test Loss: 0.3903567
Validation loss decreased (0.371431 --> 0.370502).  Saving model ...
Updating learning rate to 0.005
Epoch: 4 cost time: 0.6473901271820068
Epoch: 4, Steps: 32 | Train Loss: 0.6242616 Vali Loss: 0.3694422 Test Loss: 0.3898897
Validation loss decreased (0.370502 --> 0.369442).  Saving model ...
Updating learning rate to 0.0025
Epoch: 5 cost time: 0.749279260635376
Epoch: 5, Steps: 32 | Train Loss: 0.6232821 Vali Loss: 0.3674868 Test Loss: 0.3907802
Validation loss decreased (0.369442 --> 0.367487).  Saving model ...
Updating learning rate to 0.00125
Epoch: 6 cost time: 0.787412166595459
Epoch: 6, Steps: 32 | Train Loss: 0.6221249 Vali Loss: 0.3673487 Test Loss: 0.3908445
Validation loss decreased (0.367487 --> 0.367349).  Saving model ...
Updating learning rate to 0.000625
Epoch: 7 cost time: 0.7432746887207031
Epoch: 7, Steps: 32 | Train Loss: 0.6217250 Vali Loss: 0.3674628 Test Loss: 0.3907457
EarlyStopping counter: 1 out of 5
Updating learning rate to 0.0003125
Epoch: 8 cost time: 0.8149354457855225
Epoch: 8, Steps: 32 | Train Loss: 0.6242373 Vali Loss: 0.3673274 Test Loss: 0.3907719
Validation loss decreased (0.367349 --> 0.367327).  Saving model ...
Updating learning rate to 0.00015625
Epoch: 9 cost time: 0.7268965244293213
Epoch: 9, Steps: 32 | Train Loss: 0.6224308 Vali Loss: 0.3672047 Test Loss: 0.3908238
Validation loss decreased (0.367327 --> 0.367205).  Saving model ...
Updating learning rate to 7.8125e-05
Epoch: 10 cost time: 0.7711575031280518
Epoch: 10, Steps: 32 | Train Loss: 0.6229239 Vali Loss: 0.3673838 Test Loss: 0.3908250
EarlyStopping counter: 1 out of 5
Updating learning rate to 3.90625e-05
Epoch: 11 cost time: 0.8882870674133301
Epoch: 11, Steps: 32 | Train Loss: 0.6230480 Vali Loss: 0.3671058 Test Loss: 0.3908295
Validation loss decreased (0.367205 --> 0.367106).  Saving model ...
Updating learning rate to 1.953125e-05
Epoch: 12 cost time: 0.7152791023254395
Epoch: 12, Steps: 32 | Train Loss: 0.6223671 Vali Loss: 0.3672673 Test Loss: 0.3908407
EarlyStopping counter: 1 out of 5
Updating learning rate to 9.765625e-06
Epoch: 13 cost time: 0.7271108627319336
Epoch: 13, Steps: 32 | Train Loss: 0.6219389 Vali Loss: 0.3671297 Test Loss: 0.3908362
EarlyStopping counter: 2 out of 5
Updating learning rate to 4.8828125e-06
Epoch: 14 cost time: 0.655463695526123
Epoch: 14, Steps: 32 | Train Loss: 0.6228062 Vali Loss: 0.3670262 Test Loss: 0.3908332
Validation loss decreased (0.367106 --> 0.367026).  Saving model ...
Updating learning rate to 2.44140625e-06
Epoch: 15 cost time: 0.6417748928070068
Epoch: 15, Steps: 32 | Train Loss: 0.6230365 Vali Loss: 0.3672738 Test Loss: 0.3908356
EarlyStopping counter: 1 out of 5
Updating learning rate to 1.220703125e-06
Epoch: 16 cost time: 0.8294882774353027
Epoch: 16, Steps: 32 | Train Loss: 0.6217692 Vali Loss: 0.3670765 Test Loss: 0.3908359
EarlyStopping counter: 2 out of 5
Updating learning rate to 6.103515625e-07
Epoch: 17 cost time: 0.730963945388794
Epoch: 17, Steps: 32 | Train Loss: 0.6227114 Vali Loss: 0.3672254 Test Loss: 0.3908357
EarlyStopping counter: 3 out of 5
Updating learning rate to 3.0517578125e-07
Epoch: 18 cost time: 0.6558213233947754
Epoch: 18, Steps: 32 | Train Loss: 0.6224736 Vali Loss: 0.3674214 Test Loss: 0.3908359
EarlyStopping counter: 4 out of 5
Updating learning rate to 1.52587890625e-07
Epoch: 19 cost time: 0.6428370475769043
Epoch: 19, Steps: 32 | Train Loss: 0.6223147 Vali Loss: 0.3671394 Test Loss: 0.3908359
EarlyStopping counter: 5 out of 5
Early stopping
>>>>>>>testing : long_term_forecast_ETTh2_pred336_L192_p12_r10_LUMA_ETTh2_ftM_sl192_ll48_pl336_dm512_nh8_el2_dl1_df2048_expand2_dc4_fc1_ebtimeF_dtTrue_Exp_0<<<<<<<<<<<<<<<<<<<<<<<<<<<<<<<<<
test 2545
test shape: (2545, 336, 7) (2545, 336, 7)
test shape: (2545, 336, 7) (2545, 336, 7)
mse:0.38777047395706177, mae:0.41171056032180786, dtw:Not calculated
