Using GPU
Args in experiment:
[1mBasic Config[0m
  Task Name:          long_term_forecast  Is Training:        1                   
  Model ID:           ETTh1_pred336_L192_p24_r4Model:              LUMA                

[1mData Loader[0m
  Data:               ETTh1               Root Path:          ./dataset/ETT-small/
  Data Path:          ETTh1.csv           Features:           M                   
  Target:             OT                  Freq:               h                   
  Checkpoints:        ./checkpoints/      

[1mForecasting Task[0m
  Seq Len:            192                 Label Len:          48                  
  Pred Len:           336                 Seasonal Patterns:  Monthly             
  Inverse:            0                   

[1mModel Parameters[0m
  Top k:              5                   Num Kernels:        6                   
  Enc In:             7                   Dec In:             7                   
  C Out:              7                   d model:            512                 
  n heads:            8                   e layers:           2                   
  d layers:           1                   d FF:               2048                
  Moving Avg:         25                  Factor:             1                   
  Distil:             1                   Dropout:            0.001               
  Embed:              timeF               Activation:         gelu                

[1mRun Parameters[0m
  Num Workers:        10                  Itr:                1                   
  Train Epochs:       30                  Batch Size:         256                 
  Patience:           5                   Learning Rate:      0.02                
  Des:                Exp                 Loss:               MSE                 
  Lradj:              type1               Use Amp:            0                   

[1mGPU[0m
  Use GPU:            1                   GPU:                0                   
  Use Multi GPU:      0                   Devices:            0,1,2,3             

[1mDe-stationary Projector Params[0m
  P Hidden Dims:      128, 128            P Hidden Layers:    2                   

Use GPU: cuda:0
[LUMA] period_len=24  rank=4  seg_x=8  seg_y=14  task=long_term_forecast
>>>>>>>start training : long_term_forecast_ETTh1_pred336_L192_p24_r4_LUMA_ETTh1_ftM_sl192_ll48_pl336_dm512_nh8_el2_dl1_df2048_expand2_dc4_fc1_ebtimeF_dtTrue_Exp_0>>>>>>>>>>>>>>>>>>>>>>>>>>
+---------------+------------+
|    Modules    | Parameters |
+---------------+------------+
| conv1d.weight |     25     |
|   lowrank.U   |     56     |
|   lowrank.s   |     4      |
|   lowrank.V   |     32     |
+---------------+------------+
Total Trainable Params: 117
train 8113
val 2545
test 2545
Epoch: 1 cost time: 1.552734136581421
Epoch: 1, Steps: 32 | Train Loss: 0.5508870 Vali Loss: 1.3296013 Test Loss: 0.4623157
Validation loss decreased (inf --> 1.329601).  Saving model ...
Updating learning rate to 0.02
Epoch: 2 cost time: 0.6929328441619873
Epoch: 2, Steps: 32 | Train Loss: 0.4838645 Vali Loss: 1.2682595 Test Loss: 0.4633750
Validation loss decreased (1.329601 --> 1.268260).  Saving model ...
Updating learning rate to 0.01
Epoch: 3 cost time: 0.7072765827178955
Epoch: 3, Steps: 32 | Train Loss: 0.4751795 Vali Loss: 1.2608728 Test Loss: 0.4597352
Validation loss decreased (1.268260 --> 1.260873).  Saving model ...
Updating learning rate to 0.005
Epoch: 4 cost time: 0.7781002521514893
Epoch: 4, Steps: 32 | Train Loss: 0.4741981 Vali Loss: 1.2574527 Test Loss: 0.4599336
Validation loss decreased (1.260873 --> 1.257453).  Saving model ...
Updating learning rate to 0.0025
Epoch: 5 cost time: 0.8111233711242676
Epoch: 5, Steps: 32 | Train Loss: 0.4736182 Vali Loss: 1.2574576 Test Loss: 0.4585431
EarlyStopping counter: 1 out of 5
Updating learning rate to 0.00125
Epoch: 6 cost time: 0.6917927265167236
Epoch: 6, Steps: 32 | Train Loss: 0.4733264 Vali Loss: 1.2562082 Test Loss: 0.4601271
Validation loss decreased (1.257453 --> 1.256208).  Saving model ...
Updating learning rate to 0.000625
Epoch: 7 cost time: 0.7817301750183105
Epoch: 7, Steps: 32 | Train Loss: 0.4730629 Vali Loss: 1.2564847 Test Loss: 0.4588523
EarlyStopping counter: 1 out of 5
Updating learning rate to 0.0003125
Epoch: 8 cost time: 0.6946430206298828
Epoch: 8, Steps: 32 | Train Loss: 0.4731900 Vali Loss: 1.2565377 Test Loss: 0.4591569
EarlyStopping counter: 2 out of 5
Updating learning rate to 0.00015625
Epoch: 9 cost time: 0.6936354637145996
Epoch: 9, Steps: 32 | Train Loss: 0.4731051 Vali Loss: 1.2564003 Test Loss: 0.4590127
EarlyStopping counter: 3 out of 5
Updating learning rate to 7.8125e-05
Epoch: 10 cost time: 0.6726961135864258
Epoch: 10, Steps: 32 | Train Loss: 0.4731534 Vali Loss: 1.2565224 Test Loss: 0.4590524
EarlyStopping counter: 4 out of 5
Updating learning rate to 3.90625e-05
Epoch: 11 cost time: 0.6893093585968018
Epoch: 11, Steps: 32 | Train Loss: 0.4730397 Vali Loss: 1.2564890 Test Loss: 0.4590436
EarlyStopping counter: 5 out of 5
Early stopping
>>>>>>>testing : long_term_forecast_ETTh1_pred336_L192_p24_r4_LUMA_ETTh1_ftM_sl192_ll48_pl336_dm512_nh8_el2_dl1_df2048_expand2_dc4_fc1_ebtimeF_dtTrue_Exp_0<<<<<<<<<<<<<<<<<<<<<<<<<<<<<<<<<
test 2545
test shape: (2545, 336, 7) (2545, 336, 7)
test shape: (2545, 336, 7) (2545, 336, 7)
mse:0.45806121826171875, mae:0.4369584023952484, dtw:Not calculated
