Using GPU
Args in experiment:
[1mBasic Config[0m
  Task Name:          long_term_forecast  Is Training:        1                   
  Model ID:           ETTh2_pred720_L96_p12_r10Model:              LUMA                

[1mData Loader[0m
  Data:               ETTh2               Root Path:          ./dataset/ETT-small/
  Data Path:          ETTh2.csv           Features:           M                   
  Target:             OT                  Freq:               h                   
  Checkpoints:        ./checkpoints/      

[1mForecasting Task[0m
  Seq Len:            96                  Label Len:          48                  
  Pred Len:           720                 Seasonal Patterns:  Monthly             
  Inverse:            0                   

[1mModel Parameters[0m
  Top k:              5                   Num Kernels:        6                   
  Enc In:             7                   Dec In:             7                   
  C Out:              7                   d model:            512                 
  n heads:            8                   e layers:           2                   
  d layers:           1                   d FF:               2048                
  Moving Avg:         25                  Factor:             1                   
  Distil:             1                   Dropout:            0.001               
  Embed:              timeF               Activation:         gelu                

[1mRun Parameters[0m
  Num Workers:        10                  Itr:                1                   
  Train Epochs:       30                  Batch Size:         256                 
  Patience:           5                   Learning Rate:      0.02                
  Des:                Exp                 Loss:               MSE                 
  Lradj:              type1               Use Amp:            0                   

[1mGPU[0m
  Use GPU:            1                   GPU:                0                   
  Use Multi GPU:      0                   Devices:            0,1,2,3             

[1mDe-stationary Projector Params[0m
  P Hidden Dims:      128, 128            P Hidden Layers:    2                   

Use GPU: cuda:0
[LUMA] period_len=12  rank=10  seg_x=8  seg_y=60  task=long_term_forecast
>>>>>>>start training : long_term_forecast_ETTh2_pred720_L96_p12_r10_LUMA_ETTh2_ftM_sl96_ll48_pl720_dm512_nh8_el2_dl1_df2048_expand2_dc4_fc1_ebtimeF_dtTrue_Exp_0>>>>>>>>>>>>>>>>>>>>>>>>>>
+---------------+------------+
|    Modules    | Parameters |
+---------------+------------+
| conv1d.weight |     13     |
|   lowrank.U   |    480     |
|   lowrank.s   |     8      |
|   lowrank.V   |     64     |
+---------------+------------+
Total Trainable Params: 565
train 7825
val 2161
test 2161
Epoch: 1 cost time: 1.7332777976989746
Epoch: 1, Steps: 31 | Train Loss: 0.8768702 Vali Loss: 0.6365412 Test Loss: 0.4418801
Validation loss decreased (inf --> 0.636541).  Saving model ...
Updating learning rate to 0.02
Epoch: 2 cost time: 1.0076193809509277
Epoch: 2, Steps: 31 | Train Loss: 0.8568004 Vali Loss: 0.6338543 Test Loss: 0.4367843
Validation loss decreased (0.636541 --> 0.633854).  Saving model ...
Updating learning rate to 0.01
Epoch: 3 cost time: 0.9776384830474854
Epoch: 3, Steps: 31 | Train Loss: 0.8521129 Vali Loss: 0.6254985 Test Loss: 0.4354368
Validation loss decreased (0.633854 --> 0.625499).  Saving model ...
Updating learning rate to 0.005
Epoch: 4 cost time: 0.8586995601654053
Epoch: 4, Steps: 31 | Train Loss: 0.8516197 Vali Loss: 0.6294324 Test Loss: 0.4350394
EarlyStopping counter: 1 out of 5
Updating learning rate to 0.0025
Epoch: 5 cost time: 0.9077560901641846
Epoch: 5, Steps: 31 | Train Loss: 0.8497530 Vali Loss: 0.6247632 Test Loss: 0.4347700
Validation loss decreased (0.625499 --> 0.624763).  Saving model ...
Updating learning rate to 0.00125
Epoch: 6 cost time: 0.8154542446136475
Epoch: 6, Steps: 31 | Train Loss: 0.8480481 Vali Loss: 0.6286525 Test Loss: 0.4345292
EarlyStopping counter: 1 out of 5
Updating learning rate to 0.000625
Epoch: 7 cost time: 0.7912983894348145
Epoch: 7, Steps: 31 | Train Loss: 0.8501970 Vali Loss: 0.6288226 Test Loss: 0.4344233
EarlyStopping counter: 2 out of 5
Updating learning rate to 0.0003125
Epoch: 8 cost time: 0.7592315673828125
Epoch: 8, Steps: 31 | Train Loss: 0.8523717 Vali Loss: 0.6279472 Test Loss: 0.4344315
EarlyStopping counter: 3 out of 5
Updating learning rate to 0.00015625
Epoch: 9 cost time: 0.7822568416595459
Epoch: 9, Steps: 31 | Train Loss: 0.8504350 Vali Loss: 0.6279858 Test Loss: 0.4344065
EarlyStopping counter: 4 out of 5
Updating learning rate to 7.8125e-05
Epoch: 10 cost time: 0.7327730655670166
Epoch: 10, Steps: 31 | Train Loss: 0.8504375 Vali Loss: 0.6294029 Test Loss: 0.4344116
EarlyStopping counter: 5 out of 5
Early stopping
>>>>>>>testing : long_term_forecast_ETTh2_pred720_L96_p12_r10_LUMA_ETTh2_ftM_sl96_ll48_pl720_dm512_nh8_el2_dl1_df2048_expand2_dc4_fc1_ebtimeF_dtTrue_Exp_0<<<<<<<<<<<<<<<<<<<<<<<<<<<<<<<<<
test 2161
test shape: (2161, 720, 7) (2161, 720, 7)
test shape: (2161, 720, 7) (2161, 720, 7)
mse:0.4205722212791443, mae:0.4381575286388397, dtw:Not calculated
