Using GPU
Args in experiment:
[1mBasic Config[0m
  Task Name:          long_term_forecast  Is Training:        1                   
  Model ID:           ETTh2_pred96_L192_p4_r10Model:              LUMA                

[1mData Loader[0m
  Data:               ETTh2               Root Path:          ./dataset/ETT-small/
  Data Path:          ETTh2.csv           Features:           M                   
  Target:             OT                  Freq:               h                   
  Checkpoints:        ./checkpoints/      

[1mForecasting Task[0m
  Seq Len:            192                 Label Len:          48                  
  Pred Len:           96                  Seasonal Patterns:  Monthly             
  Inverse:            0                   

[1mModel Parameters[0m
  Top k:              5                   Num Kernels:        6                   
  Enc In:             7                   Dec In:             7                   
  C Out:              7                   d model:            512                 
  n heads:            8                   e layers:           2                   
  d layers:           1                   d FF:               2048                
  Moving Avg:         25                  Factor:             1                   
  Distil:             1                   Dropout:            0.001               
  Embed:              timeF               Activation:         gelu                

[1mRun Parameters[0m
  Num Workers:        10                  Itr:                1                   
  Train Epochs:       30                  Batch Size:         256                 
  Patience:           5                   Learning Rate:      0.02                
  Des:                Exp                 Loss:               MSE                 
  Lradj:              type1               Use Amp:            0                   

[1mGPU[0m
  Use GPU:            1                   GPU:                0                   
  Use Multi GPU:      0                   Devices:            0,1,2,3             

[1mDe-stationary Projector Params[0m
  P Hidden Dims:      128, 128            P Hidden Layers:    2                   

Use GPU: cuda:0
[LUMA] period_len=4  rank=10  seg_x=48  seg_y=24  task=long_term_forecast
>>>>>>>start training : long_term_forecast_ETTh2_pred96_L192_p4_r10_LUMA_ETTh2_ftM_sl192_ll48_pl96_dm512_nh8_el2_dl1_df2048_expand2_dc4_fc1_ebtimeF_dtTrue_Exp_0>>>>>>>>>>>>>>>>>>>>>>>>>>
+---------------+------------+
|    Modules    | Parameters |
+---------------+------------+
| conv1d.weight |     5      |
|   lowrank.U   |    240     |
|   lowrank.s   |     10     |
|   lowrank.V   |    480     |
+---------------+------------+
Total Trainable Params: 735
train 8353
val 2785
test 2785
Epoch: 1 cost time: 1.4624342918395996
Epoch: 1, Steps: 33 | Train Loss: 0.4611104 Vali Loss: 0.2158208 Test Loss: 0.2994207
Validation loss decreased (inf --> 0.215821).  Saving model ...
Updating learning rate to 0.02
Epoch: 2 cost time: 0.6038777828216553
Epoch: 2, Steps: 33 | Train Loss: 0.4167837 Vali Loss: 0.2118757 Test Loss: 0.2929325
Validation loss decreased (0.215821 --> 0.211876).  Saving model ...
Updating learning rate to 0.01
Epoch: 3 cost time: 0.6103677749633789
Epoch: 3, Steps: 33 | Train Loss: 0.4112560 Vali Loss: 0.2110137 Test Loss: 0.2938382
Validation loss decreased (0.211876 --> 0.211014).  Saving model ...
Updating learning rate to 0.005
Epoch: 4 cost time: 0.6790978908538818
Epoch: 4, Steps: 33 | Train Loss: 0.4113197 Vali Loss: 0.2089407 Test Loss: 0.2904881
Validation loss decreased (0.211014 --> 0.208941).  Saving model ...
Updating learning rate to 0.0025
Epoch: 5 cost time: 0.6337776184082031
Epoch: 5, Steps: 33 | Train Loss: 0.4097885 Vali Loss: 0.2082282 Test Loss: 0.2902220
Validation loss decreased (0.208941 --> 0.208228).  Saving model ...
Updating learning rate to 0.00125
Epoch: 6 cost time: 0.6738712787628174
Epoch: 6, Steps: 33 | Train Loss: 0.4068591 Vali Loss: 0.2081759 Test Loss: 0.2903035
Validation loss decreased (0.208228 --> 0.208176).  Saving model ...
Updating learning rate to 0.000625
Epoch: 7 cost time: 0.7420575618743896
Epoch: 7, Steps: 33 | Train Loss: 0.4069087 Vali Loss: 0.2083208 Test Loss: 0.2902713
EarlyStopping counter: 1 out of 5
Updating learning rate to 0.0003125
Epoch: 8 cost time: 0.7815659046173096
Epoch: 8, Steps: 33 | Train Loss: 0.4071090 Vali Loss: 0.2083733 Test Loss: 0.2902434
EarlyStopping counter: 2 out of 5
Updating learning rate to 0.00015625
Epoch: 9 cost time: 0.6616182327270508
Epoch: 9, Steps: 33 | Train Loss: 0.4069533 Vali Loss: 0.2082419 Test Loss: 0.2902153
EarlyStopping counter: 3 out of 5
Updating learning rate to 7.8125e-05
Epoch: 10 cost time: 0.6457068920135498
Epoch: 10, Steps: 33 | Train Loss: 0.4081353 Vali Loss: 0.2081993 Test Loss: 0.2901917
EarlyStopping counter: 4 out of 5
Updating learning rate to 3.90625e-05
Epoch: 11 cost time: 0.6939072608947754
Epoch: 11, Steps: 33 | Train Loss: 0.4073481 Vali Loss: 0.2080396 Test Loss: 0.2901828
Validation loss decreased (0.208176 --> 0.208040).  Saving model ...
Updating learning rate to 1.953125e-05
Epoch: 12 cost time: 0.7056167125701904
Epoch: 12, Steps: 33 | Train Loss: 0.4055823 Vali Loss: 0.2081981 Test Loss: 0.2901856
EarlyStopping counter: 1 out of 5
Updating learning rate to 9.765625e-06
Epoch: 13 cost time: 0.674264669418335
Epoch: 13, Steps: 33 | Train Loss: 0.4062182 Vali Loss: 0.2082104 Test Loss: 0.2901813
EarlyStopping counter: 2 out of 5
Updating learning rate to 4.8828125e-06
Epoch: 14 cost time: 0.6300749778747559
Epoch: 14, Steps: 33 | Train Loss: 0.4054166 Vali Loss: 0.2082200 Test Loss: 0.2901825
EarlyStopping counter: 3 out of 5
Updating learning rate to 2.44140625e-06
Epoch: 15 cost time: 0.6158766746520996
Epoch: 15, Steps: 33 | Train Loss: 0.4064966 Vali Loss: 0.2081543 Test Loss: 0.2901824
EarlyStopping counter: 4 out of 5
Updating learning rate to 1.220703125e-06
Epoch: 16 cost time: 0.5849967002868652
Epoch: 16, Steps: 33 | Train Loss: 0.4059560 Vali Loss: 0.2081019 Test Loss: 0.2901814
EarlyStopping counter: 5 out of 5
Early stopping
>>>>>>>testing : long_term_forecast_ETTh2_pred96_L192_p4_r10_LUMA_ETTh2_ftM_sl192_ll48_pl96_dm512_nh8_el2_dl1_df2048_expand2_dc4_fc1_ebtimeF_dtTrue_Exp_0<<<<<<<<<<<<<<<<<<<<<<<<<<<<<<<<<
test 2785
test shape: (2785, 96, 7) (2785, 96, 7)
test shape: (2785, 96, 7) (2785, 96, 7)
mse:0.28852352499961853, mae:0.34194305539131165, dtw:Not calculated
