Using GPU
Args in experiment:
[1mBasic Config[0m
  Task Name:          long_term_forecast  Is Training:        1                   
  Model ID:           ETTh2_pred192_L336_p8_r8Model:              LUMA                

[1mData Loader[0m
  Data:               ETTh2               Root Path:          ./dataset/ETT-small/
  Data Path:          ETTh2.csv           Features:           M                   
  Target:             OT                  Freq:               h                   
  Checkpoints:        ./checkpoints/      

[1mForecasting Task[0m
  Seq Len:            336                 Label Len:          48                  
  Pred Len:           192                 Seasonal Patterns:  Monthly             
  Inverse:            0                   

[1mModel Parameters[0m
  Top k:              5                   Num Kernels:        6                   
  Enc In:             7                   Dec In:             7                   
  C Out:              7                   d model:            512                 
  n heads:            8                   e layers:           2                   
  d layers:           1                   d FF:               2048                
  Moving Avg:         25                  Factor:             1                   
  Distil:             1                   Dropout:            0.001               
  Embed:              timeF               Activation:         gelu                

[1mRun Parameters[0m
  Num Workers:        10                  Itr:                1                   
  Train Epochs:       30                  Batch Size:         256                 
  Patience:           5                   Learning Rate:      0.02                
  Des:                Exp                 Loss:               MSE                 
  Lradj:              type1               Use Amp:            0                   

[1mGPU[0m
  Use GPU:            1                   GPU:                0                   
  Use Multi GPU:      0                   Devices:            0,1,2,3             

[1mDe-stationary Projector Params[0m
  P Hidden Dims:      128, 128            P Hidden Layers:    2                   

Use GPU: cuda:0
[LUMA] period_len=8  rank=8  seg_x=42  seg_y=24  task=long_term_forecast
>>>>>>>start training : long_term_forecast_ETTh2_pred192_L336_p8_r8_LUMA_ETTh2_ftM_sl336_ll48_pl192_dm512_nh8_el2_dl1_df2048_expand2_dc4_fc1_ebtimeF_dtTrue_Exp_0>>>>>>>>>>>>>>>>>>>>>>>>>>
+---------------+------------+
|    Modules    | Parameters |
+---------------+------------+
| conv1d.weight |     9      |
|   lowrank.U   |    192     |
|   lowrank.s   |     8      |
|   lowrank.V   |    336     |
+---------------+------------+
Total Trainable Params: 545
train 8113
val 2689
test 2689
Epoch: 1 cost time: 1.5031943321228027
Epoch: 1, Steps: 32 | Train Loss: 0.5696398 Vali Loss: 0.2911742 Test Loss: 0.3608553
Validation loss decreased (inf --> 0.291174).  Saving model ...
Updating learning rate to 0.02
Epoch: 2 cost time: 0.7875263690948486
Epoch: 2, Steps: 32 | Train Loss: 0.5213440 Vali Loss: 0.2845215 Test Loss: 0.3579175
Validation loss decreased (0.291174 --> 0.284522).  Saving model ...
Updating learning rate to 0.01
Epoch: 3 cost time: 0.6635162830352783
Epoch: 3, Steps: 32 | Train Loss: 0.5138787 Vali Loss: 0.2821715 Test Loss: 0.3588262
Validation loss decreased (0.284522 --> 0.282172).  Saving model ...
Updating learning rate to 0.005
Epoch: 4 cost time: 0.6588857173919678
Epoch: 4, Steps: 32 | Train Loss: 0.5130760 Vali Loss: 0.2770196 Test Loss: 0.3595052
Validation loss decreased (0.282172 --> 0.277020).  Saving model ...
Updating learning rate to 0.0025
Epoch: 5 cost time: 0.6556923389434814
Epoch: 5, Steps: 32 | Train Loss: 0.5115947 Vali Loss: 0.2775952 Test Loss: 0.3575419
EarlyStopping counter: 1 out of 5
Updating learning rate to 0.00125
Epoch: 6 cost time: 0.8119010925292969
Epoch: 6, Steps: 32 | Train Loss: 0.5101943 Vali Loss: 0.2781856 Test Loss: 0.3579813
EarlyStopping counter: 2 out of 5
Updating learning rate to 0.000625
Epoch: 7 cost time: 0.6783120632171631
Epoch: 7, Steps: 32 | Train Loss: 0.5122213 Vali Loss: 0.2798035 Test Loss: 0.3577662
EarlyStopping counter: 3 out of 5
Updating learning rate to 0.0003125
Epoch: 8 cost time: 0.692706823348999
Epoch: 8, Steps: 32 | Train Loss: 0.5106501 Vali Loss: 0.2774751 Test Loss: 0.3578530
EarlyStopping counter: 4 out of 5
Updating learning rate to 0.00015625
Epoch: 9 cost time: 0.68827223777771
Epoch: 9, Steps: 32 | Train Loss: 0.5118966 Vali Loss: 0.2774449 Test Loss: 0.3579406
EarlyStopping counter: 5 out of 5
Early stopping
>>>>>>>testing : long_term_forecast_ETTh2_pred192_L336_p8_r8_LUMA_ETTh2_ftM_sl336_ll48_pl192_dm512_nh8_el2_dl1_df2048_expand2_dc4_fc1_ebtimeF_dtTrue_Exp_0<<<<<<<<<<<<<<<<<<<<<<<<<<<<<<<<<
test 2689
test shape: (2689, 192, 7) (2689, 192, 7)
test shape: (2689, 192, 7) (2689, 192, 7)
mse:0.3402155935764313, mae:0.37732794880867004, dtw:Not calculated
