Using GPU
Args in experiment:
[1mBasic Config[0m
  Task Name:          long_term_forecast  Is Training:        1                   
  Model ID:           ETTh2_pred720_L192_p12_r10Model:              LUMA                

[1mData Loader[0m
  Data:               ETTh2               Root Path:          ./dataset/ETT-small/
  Data Path:          ETTh2.csv           Features:           M                   
  Target:             OT                  Freq:               h                   
  Checkpoints:        ./checkpoints/      

[1mForecasting Task[0m
  Seq Len:            192                 Label Len:          48                  
  Pred Len:           720                 Seasonal Patterns:  Monthly             
  Inverse:            0                   

[1mModel Parameters[0m
  Top k:              5                   Num Kernels:        6                   
  Enc In:             7                   Dec In:             7                   
  C Out:              7                   d model:            512                 
  n heads:            8                   e layers:           2                   
  d layers:           1                   d FF:               2048                
  Moving Avg:         25                  Factor:             1                   
  Distil:             1                   Dropout:            0.001               
  Embed:              timeF               Activation:         gelu                

[1mRun Parameters[0m
  Num Workers:        10                  Itr:                1                   
  Train Epochs:       30                  Batch Size:         256                 
  Patience:           5                   Learning Rate:      0.02                
  Des:                Exp                 Loss:               MSE                 
  Lradj:              type1               Use Amp:            0                   

[1mGPU[0m
  Use GPU:            1                   GPU:                0                   
  Use Multi GPU:      0                   Devices:            0,1,2,3             

[1mDe-stationary Projector Params[0m
  P Hidden Dims:      128, 128            P Hidden Layers:    2                   

Use GPU: cuda:0
[LUMA] period_len=12  rank=10  seg_x=16  seg_y=60  task=long_term_forecast
>>>>>>>start training : long_term_forecast_ETTh2_pred720_L192_p12_r10_LUMA_ETTh2_ftM_sl192_ll48_pl720_dm512_nh8_el2_dl1_df2048_expand2_dc4_fc1_ebtimeF_dtTrue_Exp_0>>>>>>>>>>>>>>>>>>>>>>>>>>
+---------------+------------+
|    Modules    | Parameters |
+---------------+------------+
| conv1d.weight |     13     |
|   lowrank.U   |    600     |
|   lowrank.s   |     10     |
|   lowrank.V   |    160     |
+---------------+------------+
Total Trainable Params: 783
train 7729
val 2161
test 2161
Epoch: 1 cost time: 1.6825520992279053
Epoch: 1, Steps: 31 | Train Loss: 0.8395593 Vali Loss: 0.6307877 Test Loss: 0.4261941
Validation loss decreased (inf --> 0.630788).  Saving model ...
Updating learning rate to 0.02
Epoch: 2 cost time: 0.8402307033538818
Epoch: 2, Steps: 31 | Train Loss: 0.8132647 Vali Loss: 0.6317818 Test Loss: 0.4215731
EarlyStopping counter: 1 out of 5
Updating learning rate to 0.01
Epoch: 3 cost time: 0.9594907760620117
Epoch: 3, Steps: 31 | Train Loss: 0.8174112 Vali Loss: 0.6352147 Test Loss: 0.4196471
EarlyStopping counter: 2 out of 5
Updating learning rate to 0.005
Epoch: 4 cost time: 0.7799801826477051
Epoch: 4, Steps: 31 | Train Loss: 0.8127719 Vali Loss: 0.6307232 Test Loss: 0.4198090
Validation loss decreased (0.630788 --> 0.630723).  Saving model ...
Updating learning rate to 0.0025
Epoch: 5 cost time: 0.864598274230957
Epoch: 5, Steps: 31 | Train Loss: 0.8120563 Vali Loss: 0.6256014 Test Loss: 0.4195368
Validation loss decreased (0.630723 --> 0.625601).  Saving model ...
Updating learning rate to 0.00125
Epoch: 6 cost time: 0.7622034549713135
Epoch: 6, Steps: 31 | Train Loss: 0.8151094 Vali Loss: 0.6303760 Test Loss: 0.4196385
EarlyStopping counter: 1 out of 5
Updating learning rate to 0.000625
Epoch: 7 cost time: 0.7806591987609863
Epoch: 7, Steps: 31 | Train Loss: 0.8133233 Vali Loss: 0.6256576 Test Loss: 0.4195486
EarlyStopping counter: 2 out of 5
Updating learning rate to 0.0003125
Epoch: 8 cost time: 0.8806774616241455
Epoch: 8, Steps: 31 | Train Loss: 0.8163018 Vali Loss: 0.6259987 Test Loss: 0.4195568
EarlyStopping counter: 3 out of 5
Updating learning rate to 0.00015625
Epoch: 9 cost time: 0.8966038227081299
Epoch: 9, Steps: 31 | Train Loss: 0.8176677 Vali Loss: 0.6308124 Test Loss: 0.4195329
EarlyStopping counter: 4 out of 5
Updating learning rate to 7.8125e-05
Epoch: 10 cost time: 0.8457491397857666
Epoch: 10, Steps: 31 | Train Loss: 0.8120451 Vali Loss: 0.6257169 Test Loss: 0.4195347
EarlyStopping counter: 5 out of 5
Early stopping
>>>>>>>testing : long_term_forecast_ETTh2_pred720_L192_p12_r10_LUMA_ETTh2_ftM_sl192_ll48_pl720_dm512_nh8_el2_dl1_df2048_expand2_dc4_fc1_ebtimeF_dtTrue_Exp_0<<<<<<<<<<<<<<<<<<<<<<<<<<<<<<<<<
test 2161
test shape: (2161, 720, 7) (2161, 720, 7)
test shape: (2161, 720, 7) (2161, 720, 7)
mse:0.40378785133361816, mae:0.43015238642692566, dtw:Not calculated
