Using GPU
Args in experiment:
[1mBasic Config[0m
  Task Name:          long_term_forecast  Is Training:        1                   
  Model ID:           ETTh1_pred96_L720_p24_r3Model:              LUMA                

[1mData Loader[0m
  Data:               ETTh1               Root Path:          ./dataset/ETT-small/
  Data Path:          ETTh1.csv           Features:           M                   
  Target:             OT                  Freq:               h                   
  Checkpoints:        ./checkpoints/      

[1mForecasting Task[0m
  Seq Len:            720                 Label Len:          48                  
  Pred Len:           96                  Seasonal Patterns:  Monthly             
  Inverse:            0                   

[1mModel Parameters[0m
  Top k:              5                   Num Kernels:        6                   
  Enc In:             7                   Dec In:             7                   
  C Out:              7                   d model:            512                 
  n heads:            8                   e layers:           2                   
  d layers:           1                   d FF:               2048                
  Moving Avg:         25                  Factor:             1                   
  Distil:             1                   Dropout:            0.001               
  Embed:              timeF               Activation:         gelu                

[1mRun Parameters[0m
  Num Workers:        10                  Itr:                1                   
  Train Epochs:       30                  Batch Size:         256                 
  Patience:           5                   Learning Rate:      0.02                
  Des:                Exp                 Loss:               MSE                 
  Lradj:              type1               Use Amp:            0                   

[1mGPU[0m
  Use GPU:            1                   GPU:                0                   
  Use Multi GPU:      0                   Devices:            0,1,2,3             

[1mDe-stationary Projector Params[0m
  P Hidden Dims:      128, 128            P Hidden Layers:    2                   

Use GPU: cuda:0
[LUMA] period_len=24  rank=3  seg_x=30  seg_y=4  task=long_term_forecast
>>>>>>>start training : long_term_forecast_ETTh1_pred96_L720_p24_r3_LUMA_ETTh1_ftM_sl720_ll48_pl96_dm512_nh8_el2_dl1_df2048_expand2_dc4_fc1_ebtimeF_dtTrue_Exp_0>>>>>>>>>>>>>>>>>>>>>>>>>>
+---------------+------------+
|    Modules    | Parameters |
+---------------+------------+
| conv1d.weight |     25     |
|   lowrank.U   |     12     |
|   lowrank.s   |     3      |
|   lowrank.V   |     90     |
+---------------+------------+
Total Trainable Params: 130
train 7825
val 2785
test 2785
Epoch: 1 cost time: 1.59061861038208
Epoch: 1, Steps: 31 | Train Loss: 0.4457471 Vali Loss: 0.7939174 Test Loss: 0.3717977
Validation loss decreased (inf --> 0.793917).  Saving model ...
Updating learning rate to 0.02
Epoch: 2 cost time: 0.7483866214752197
Epoch: 2, Steps: 31 | Train Loss: 0.3552309 Vali Loss: 0.7182017 Test Loss: 0.3554187
Validation loss decreased (0.793917 --> 0.718202).  Saving model ...
Updating learning rate to 0.01
Epoch: 3 cost time: 0.8640515804290771
Epoch: 3, Steps: 31 | Train Loss: 0.3490837 Vali Loss: 0.7242402 Test Loss: 0.3587225
EarlyStopping counter: 1 out of 5
Updating learning rate to 0.005
Epoch: 4 cost time: 0.9017789363861084
Epoch: 4, Steps: 31 | Train Loss: 0.3483059 Vali Loss: 0.7179390 Test Loss: 0.3564980
Validation loss decreased (0.718202 --> 0.717939).  Saving model ...
Updating learning rate to 0.0025
Epoch: 5 cost time: 0.8505256175994873
Epoch: 5, Steps: 31 | Train Loss: 0.3481646 Vali Loss: 0.7190953 Test Loss: 0.3567964
EarlyStopping counter: 1 out of 5
Updating learning rate to 0.00125
Epoch: 6 cost time: 0.8433692455291748
Epoch: 6, Steps: 31 | Train Loss: 0.3481307 Vali Loss: 0.7166314 Test Loss: 0.3556863
Validation loss decreased (0.717939 --> 0.716631).  Saving model ...
Updating learning rate to 0.000625
Epoch: 7 cost time: 0.8474247455596924
Epoch: 7, Steps: 31 | Train Loss: 0.3479930 Vali Loss: 0.7164700 Test Loss: 0.3556567
Validation loss decreased (0.716631 --> 0.716470).  Saving model ...
Updating learning rate to 0.0003125
Epoch: 8 cost time: 0.7840251922607422
Epoch: 8, Steps: 31 | Train Loss: 0.3478991 Vali Loss: 0.7168983 Test Loss: 0.3557289
EarlyStopping counter: 1 out of 5
Updating learning rate to 0.00015625
Epoch: 9 cost time: 0.783393144607544
Epoch: 9, Steps: 31 | Train Loss: 0.3479635 Vali Loss: 0.7161572 Test Loss: 0.3556709
Validation loss decreased (0.716470 --> 0.716157).  Saving model ...
Updating learning rate to 7.8125e-05
Epoch: 10 cost time: 0.8046176433563232
Epoch: 10, Steps: 31 | Train Loss: 0.3479961 Vali Loss: 0.7160249 Test Loss: 0.3558207
Validation loss decreased (0.716157 --> 0.716025).  Saving model ...
Updating learning rate to 3.90625e-05
Epoch: 11 cost time: 0.8656549453735352
Epoch: 11, Steps: 31 | Train Loss: 0.3476395 Vali Loss: 0.7156332 Test Loss: 0.3557905
Validation loss decreased (0.716025 --> 0.715633).  Saving model ...
Updating learning rate to 1.953125e-05
Epoch: 12 cost time: 0.7943580150604248
Epoch: 12, Steps: 31 | Train Loss: 0.3481825 Vali Loss: 0.7170677 Test Loss: 0.3558080
EarlyStopping counter: 1 out of 5
Updating learning rate to 9.765625e-06
Epoch: 13 cost time: 0.7838263511657715
Epoch: 13, Steps: 31 | Train Loss: 0.3478284 Vali Loss: 0.7162361 Test Loss: 0.3558004
EarlyStopping counter: 2 out of 5
Updating learning rate to 4.8828125e-06
Epoch: 14 cost time: 0.9119067192077637
Epoch: 14, Steps: 31 | Train Loss: 0.3476452 Vali Loss: 0.7159963 Test Loss: 0.3557984
EarlyStopping counter: 3 out of 5
Updating learning rate to 2.44140625e-06
Epoch: 15 cost time: 0.91933274269104
Epoch: 15, Steps: 31 | Train Loss: 0.3480605 Vali Loss: 0.7168272 Test Loss: 0.3557979
EarlyStopping counter: 4 out of 5
Updating learning rate to 1.220703125e-06
Epoch: 16 cost time: 0.7737524509429932
Epoch: 16, Steps: 31 | Train Loss: 0.3483351 Vali Loss: 0.7167518 Test Loss: 0.3557990
EarlyStopping counter: 5 out of 5
Early stopping
>>>>>>>testing : long_term_forecast_ETTh1_pred96_L720_p24_r3_LUMA_ETTh1_ftM_sl720_ll48_pl96_dm512_nh8_el2_dl1_df2048_expand2_dc4_fc1_ebtimeF_dtTrue_Exp_0<<<<<<<<<<<<<<<<<<<<<<<<<<<<<<<<<
test 2785
test shape: (2785, 96, 7) (2785, 96, 7)
test shape: (2785, 96, 7) (2785, 96, 7)
mse:0.3547053039073944, mae:0.3844180107116699, dtw:Not calculated
