Using GPU
Args in experiment:
[1mBasic Config[0m
  Task Name:          long_term_forecast  Is Training:        1                   
  Model ID:           ETTm2_pred192_L96_p2_r10Model:              LUMA                

[1mData Loader[0m
  Data:               ETTm2               Root Path:          ./dataset/ETT-small/
  Data Path:          ETTm2.csv           Features:           M                   
  Target:             OT                  Freq:               t                   
  Checkpoints:        ./checkpoints/      

[1mForecasting Task[0m
  Seq Len:            96                  Label Len:          48                  
  Pred Len:           192                 Seasonal Patterns:  Monthly             
  Inverse:            0                   

[1mModel Parameters[0m
  Top k:              5                   Num Kernels:        6                   
  Enc In:             7                   Dec In:             7                   
  C Out:              7                   d model:            512                 
  n heads:            8                   e layers:           2                   
  d layers:           1                   d FF:               2048                
  Moving Avg:         25                  Factor:             1                   
  Distil:             1                   Dropout:            0.001               
  Embed:              timeF               Activation:         gelu                

[1mRun Parameters[0m
  Num Workers:        10                  Itr:                1                   
  Train Epochs:       30                  Batch Size:         256                 
  Patience:           5                   Learning Rate:      0.02                
  Des:                Exp                 Loss:               MSE                 
  Lradj:              type1               Use Amp:            0                   

[1mGPU[0m
  Use GPU:            1                   GPU:                0                   
  Use Multi GPU:      0                   Devices:            0,1,2,3             

[1mDe-stationary Projector Params[0m
  P Hidden Dims:      128, 128            P Hidden Layers:    2                   

Use GPU: cuda:0
[LUMA] period_len=2  rank=10  seg_x=48  seg_y=96  task=long_term_forecast
>>>>>>>start training : long_term_forecast_ETTm2_pred192_L96_p2_r10_LUMA_ETTm2_ftM_sl96_ll48_pl192_dm512_nh8_el2_dl1_df2048_expand2_dc4_fc1_ebtimeF_dtTrue_Exp_0>>>>>>>>>>>>>>>>>>>>>>>>>>
+---------------+------------+
|    Modules    | Parameters |
+---------------+------------+
| conv1d.weight |     3      |
|   lowrank.U   |    960     |
|   lowrank.s   |     10     |
|   lowrank.V   |    480     |
+---------------+------------+
Total Trainable Params: 1453
train 34273
val 11329
test 11329
	iters: 100, epoch: 1 | loss: 0.3801185
	speed: 0.0315s/iter; left time: 123.5918s
Epoch: 1 cost time: 2.2961997985839844
Epoch: 1, Steps: 134 | Train Loss: 0.3450316 Vali Loss: 0.1757911 Test Loss: 0.2481345
Validation loss decreased (inf --> 0.175791).  Saving model ...
Updating learning rate to 0.02
	iters: 100, epoch: 2 | loss: 0.2632230
	speed: 0.0286s/iter; left time: 108.1425s
Epoch: 2 cost time: 1.4019863605499268
Epoch: 2, Steps: 134 | Train Loss: 0.3396882 Vali Loss: 0.1735855 Test Loss: 0.2455235
Validation loss decreased (0.175791 --> 0.173586).  Saving model ...
Updating learning rate to 0.01
	iters: 100, epoch: 3 | loss: 0.2637230
	speed: 0.0318s/iter; left time: 116.3395s
Epoch: 3 cost time: 1.5497009754180908
Epoch: 3, Steps: 134 | Train Loss: 0.3382299 Vali Loss: 0.1725543 Test Loss: 0.2447085
Validation loss decreased (0.173586 --> 0.172554).  Saving model ...
Updating learning rate to 0.005
	iters: 100, epoch: 4 | loss: 0.2609344
	speed: 0.0308s/iter; left time: 108.3632s
Epoch: 4 cost time: 1.4111764430999756
Epoch: 4, Steps: 134 | Train Loss: 0.3373605 Vali Loss: 0.1733614 Test Loss: 0.2456053
EarlyStopping counter: 1 out of 5
Updating learning rate to 0.0025
	iters: 100, epoch: 5 | loss: 0.3003660
	speed: 0.0348s/iter; left time: 117.7508s
Epoch: 5 cost time: 1.85740327835083
Epoch: 5, Steps: 134 | Train Loss: 0.3369048 Vali Loss: 0.1724617 Test Loss: 0.2449162
Validation loss decreased (0.172554 --> 0.172462).  Saving model ...
Updating learning rate to 0.00125
	iters: 100, epoch: 6 | loss: 0.2994902
	speed: 0.0300s/iter; left time: 97.5606s
Epoch: 6 cost time: 1.4928007125854492
Epoch: 6, Steps: 134 | Train Loss: 0.3366598 Vali Loss: 0.1724263 Test Loss: 0.2445888
Validation loss decreased (0.172462 --> 0.172426).  Saving model ...
Updating learning rate to 0.000625
	iters: 100, epoch: 7 | loss: 0.4679246
	speed: 0.0321s/iter; left time: 99.9182s
Epoch: 7 cost time: 1.5504944324493408
Epoch: 7, Steps: 134 | Train Loss: 0.3367313 Vali Loss: 0.1729770 Test Loss: 0.2451697
EarlyStopping counter: 1 out of 5
Updating learning rate to 0.0003125
	iters: 100, epoch: 8 | loss: 0.2992150
	speed: 0.0329s/iter; left time: 98.0768s
Epoch: 8 cost time: 1.6055424213409424
Epoch: 8, Steps: 134 | Train Loss: 0.3366864 Vali Loss: 0.1727659 Test Loss: 0.2450643
EarlyStopping counter: 2 out of 5
Updating learning rate to 0.00015625
	iters: 100, epoch: 9 | loss: 0.2965872
	speed: 0.0302s/iter; left time: 86.0409s
Epoch: 9 cost time: 1.3199388980865479
Epoch: 9, Steps: 134 | Train Loss: 0.3367051 Vali Loss: 0.1730328 Test Loss: 0.2450545
EarlyStopping counter: 3 out of 5
Updating learning rate to 7.8125e-05
	iters: 100, epoch: 10 | loss: 0.3147891
	speed: 0.0309s/iter; left time: 84.0188s
Epoch: 10 cost time: 1.4630930423736572
Epoch: 10, Steps: 134 | Train Loss: 0.3366630 Vali Loss: 0.1729414 Test Loss: 0.2451003
EarlyStopping counter: 4 out of 5
Updating learning rate to 3.90625e-05
	iters: 100, epoch: 11 | loss: 0.3089530
	speed: 0.0319s/iter; left time: 82.4017s
Epoch: 11 cost time: 1.4695401191711426
Epoch: 11, Steps: 134 | Train Loss: 0.3365685 Vali Loss: 0.1730081 Test Loss: 0.2450836
EarlyStopping counter: 5 out of 5
Early stopping
>>>>>>>testing : long_term_forecast_ETTm2_pred192_L96_p2_r10_LUMA_ETTm2_ftM_sl96_ll48_pl192_dm512_nh8_el2_dl1_df2048_expand2_dc4_fc1_ebtimeF_dtTrue_Exp_0<<<<<<<<<<<<<<<<<<<<<<<<<<<<<<<<<
test 11329
test shape: (11329, 192, 7) (11329, 192, 7)
test shape: (11329, 192, 7) (11329, 192, 7)
mse:0.24705465137958527, mae:0.3049272894859314, dtw:Not calculated
