Using GPU
Args in experiment:
[1mBasic Config[0m
  Task Name:          long_term_forecast  Is Training:        1                   
  Model ID:           ETTm2_pred336_L336_p2_r10Model:              LUMA                

[1mData Loader[0m
  Data:               ETTm2               Root Path:          ./dataset/ETT-small/
  Data Path:          ETTm2.csv           Features:           M                   
  Target:             OT                  Freq:               t                   
  Checkpoints:        ./checkpoints/      

[1mForecasting Task[0m
  Seq Len:            336                 Label Len:          48                  
  Pred Len:           336                 Seasonal Patterns:  Monthly             
  Inverse:            0                   

[1mModel Parameters[0m
  Top k:              5                   Num Kernels:        6                   
  Enc In:             7                   Dec In:             7                   
  C Out:              7                   d model:            512                 
  n heads:            8                   e layers:           2                   
  d layers:           1                   d FF:               2048                
  Moving Avg:         25                  Factor:             1                   
  Distil:             1                   Dropout:            0.001               
  Embed:              timeF               Activation:         gelu                

[1mRun Parameters[0m
  Num Workers:        10                  Itr:                1                   
  Train Epochs:       30                  Batch Size:         256                 
  Patience:           5                   Learning Rate:      0.02                
  Des:                Exp                 Loss:               MSE                 
  Lradj:              type1               Use Amp:            0                   

[1mGPU[0m
  Use GPU:            1                   GPU:                0                   
  Use Multi GPU:      0                   Devices:            0,1,2,3             

[1mDe-stationary Projector Params[0m
  P Hidden Dims:      128, 128            P Hidden Layers:    2                   

Use GPU: cuda:0
[LUMA] period_len=2  rank=10  seg_x=168  seg_y=168  task=long_term_forecast
>>>>>>>start training : long_term_forecast_ETTm2_pred336_L336_p2_r10_LUMA_ETTm2_ftM_sl336_ll48_pl336_dm512_nh8_el2_dl1_df2048_expand2_dc4_fc1_ebtimeF_dtTrue_Exp_0>>>>>>>>>>>>>>>>>>>>>>>>>>
+---------------+------------+
|    Modules    | Parameters |
+---------------+------------+
| conv1d.weight |     3      |
|   lowrank.U   |    1680    |
|   lowrank.s   |     10     |
|   lowrank.V   |    1680    |
+---------------+------------+
Total Trainable Params: 3373
train 33889
val 11185
test 11185
	iters: 100, epoch: 1 | loss: 0.4092554
	speed: 0.0361s/iter; left time: 140.3960s
Epoch: 1 cost time: 2.7873919010162354
Epoch: 1, Steps: 133 | Train Loss: 0.4131774 Vali Loss: 0.2037886 Test Loss: 0.2791107
Validation loss decreased (inf --> 0.203789).  Saving model ...
Updating learning rate to 0.02
	iters: 100, epoch: 2 | loss: 0.3762212
	speed: 0.0407s/iter; left time: 153.0315s
Epoch: 2 cost time: 2.0109126567840576
Epoch: 2, Steps: 133 | Train Loss: 0.4013387 Vali Loss: 0.2049157 Test Loss: 0.2797592
EarlyStopping counter: 1 out of 5
Updating learning rate to 0.01
	iters: 100, epoch: 3 | loss: 0.4316996
	speed: 0.0444s/iter; left time: 160.8866s
Epoch: 3 cost time: 1.927182912826538
Epoch: 3, Steps: 133 | Train Loss: 0.3981164 Vali Loss: 0.2036899 Test Loss: 0.2790193
Validation loss decreased (0.203789 --> 0.203690).  Saving model ...
Updating learning rate to 0.005
	iters: 100, epoch: 4 | loss: 0.5413397
	speed: 0.0421s/iter; left time: 147.1491s
Epoch: 4 cost time: 1.94107985496521
Epoch: 4, Steps: 133 | Train Loss: 0.3963674 Vali Loss: 0.2025611 Test Loss: 0.2746284
Validation loss decreased (0.203690 --> 0.202561).  Saving model ...
Updating learning rate to 0.0025
	iters: 100, epoch: 5 | loss: 0.3423587
	speed: 0.0420s/iter; left time: 141.0974s
Epoch: 5 cost time: 1.765672206878662
Epoch: 5, Steps: 133 | Train Loss: 0.3958694 Vali Loss: 0.2019863 Test Loss: 0.2745916
Validation loss decreased (0.202561 --> 0.201986).  Saving model ...
Updating learning rate to 0.00125
	iters: 100, epoch: 6 | loss: 0.4166467
	speed: 0.0437s/iter; left time: 140.8253s
Epoch: 6 cost time: 2.14768385887146
Epoch: 6, Steps: 133 | Train Loss: 0.3954133 Vali Loss: 0.2022691 Test Loss: 0.2744229
EarlyStopping counter: 1 out of 5
Updating learning rate to 0.000625
	iters: 100, epoch: 7 | loss: 0.2985172
	speed: 0.0430s/iter; left time: 133.1116s
Epoch: 7 cost time: 1.857325553894043
Epoch: 7, Steps: 133 | Train Loss: 0.3942353 Vali Loss: 0.2021430 Test Loss: 0.2745931
EarlyStopping counter: 2 out of 5
Updating learning rate to 0.0003125
	iters: 100, epoch: 8 | loss: 0.3880201
	speed: 0.0463s/iter; left time: 136.9179s
Epoch: 8 cost time: 2.228569746017456
Epoch: 8, Steps: 133 | Train Loss: 0.3946966 Vali Loss: 0.2019013 Test Loss: 0.2746817
Validation loss decreased (0.201986 --> 0.201901).  Saving model ...
Updating learning rate to 0.00015625
	iters: 100, epoch: 9 | loss: 0.5074433
	speed: 0.0420s/iter; left time: 118.7365s
Epoch: 9 cost time: 1.9595112800598145
Epoch: 9, Steps: 133 | Train Loss: 0.3950587 Vali Loss: 0.2020082 Test Loss: 0.2746922
EarlyStopping counter: 1 out of 5
Updating learning rate to 7.8125e-05
	iters: 100, epoch: 10 | loss: 0.3932315
	speed: 0.0419s/iter; left time: 113.0072s
Epoch: 10 cost time: 1.7883808612823486
Epoch: 10, Steps: 133 | Train Loss: 0.3945858 Vali Loss: 0.2019805 Test Loss: 0.2746151
EarlyStopping counter: 2 out of 5
Updating learning rate to 3.90625e-05
	iters: 100, epoch: 11 | loss: 0.4302713
	speed: 0.0438s/iter; left time: 112.1989s
Epoch: 11 cost time: 2.1092593669891357
Epoch: 11, Steps: 133 | Train Loss: 0.3950195 Vali Loss: 0.2019112 Test Loss: 0.2746066
EarlyStopping counter: 3 out of 5
Updating learning rate to 1.953125e-05
	iters: 100, epoch: 12 | loss: 0.4694554
	speed: 0.0418s/iter; left time: 101.4255s
Epoch: 12 cost time: 1.9966931343078613
Epoch: 12, Steps: 133 | Train Loss: 0.3951915 Vali Loss: 0.2020467 Test Loss: 0.2746136
EarlyStopping counter: 4 out of 5
Updating learning rate to 9.765625e-06
	iters: 100, epoch: 13 | loss: 0.3585430
	speed: 0.0410s/iter; left time: 94.1542s
Epoch: 13 cost time: 1.8296682834625244
Epoch: 13, Steps: 133 | Train Loss: 0.3946177 Vali Loss: 0.2020854 Test Loss: 0.2746110
EarlyStopping counter: 5 out of 5
Early stopping
>>>>>>>testing : long_term_forecast_ETTm2_pred336_L336_p2_r10_LUMA_ETTm2_ftM_sl336_ll48_pl336_dm512_nh8_el2_dl1_df2048_expand2_dc4_fc1_ebtimeF_dtTrue_Exp_0<<<<<<<<<<<<<<<<<<<<<<<<<<<<<<<<<
test 11185
test shape: (11185, 336, 7) (11185, 336, 7)
test shape: (11185, 336, 7) (11185, 336, 7)
mse:0.2758919596672058, mae:0.3285163938999176, dtw:Not calculated
