Using GPU
Args in experiment:
[1mBasic Config[0m
  Task Name:          long_term_forecast  Is Training:        1                   
  Model ID:           ETTm2_pred96_L96_p2_r10Model:              LUMA                

[1mData Loader[0m
  Data:               ETTm2               Root Path:          ./dataset/ETT-small/
  Data Path:          ETTm2.csv           Features:           M                   
  Target:             OT                  Freq:               t                   
  Checkpoints:        ./checkpoints/      

[1mForecasting Task[0m
  Seq Len:            96                  Label Len:          48                  
  Pred Len:           96                  Seasonal Patterns:  Monthly             
  Inverse:            0                   

[1mModel Parameters[0m
  Top k:              5                   Num Kernels:        6                   
  Enc In:             7                   Dec In:             7                   
  C Out:              7                   d model:            512                 
  n heads:            8                   e layers:           2                   
  d layers:           1                   d FF:               2048                
  Moving Avg:         25                  Factor:             1                   
  Distil:             1                   Dropout:            0.001               
  Embed:              timeF               Activation:         gelu                

[1mRun Parameters[0m
  Num Workers:        10                  Itr:                1                   
  Train Epochs:       30                  Batch Size:         256                 
  Patience:           5                   Learning Rate:      0.02                
  Des:                Exp                 Loss:               MSE                 
  Lradj:              type1               Use Amp:            0                   

[1mGPU[0m
  Use GPU:            1                   GPU:                0                   
  Use Multi GPU:      0                   Devices:            0,1,2,3             

[1mDe-stationary Projector Params[0m
  P Hidden Dims:      128, 128            P Hidden Layers:    2                   

Use GPU: cuda:0
[LUMA] period_len=2  rank=10  seg_x=48  seg_y=48  task=long_term_forecast
>>>>>>>start training : long_term_forecast_ETTm2_pred96_L96_p2_r10_LUMA_ETTm2_ftM_sl96_ll48_pl96_dm512_nh8_el2_dl1_df2048_expand2_dc4_fc1_ebtimeF_dtTrue_Exp_0>>>>>>>>>>>>>>>>>>>>>>>>>>
+---------------+------------+
|    Modules    | Parameters |
+---------------+------------+
| conv1d.weight |     3      |
|   lowrank.U   |    480     |
|   lowrank.s   |     10     |
|   lowrank.V   |    480     |
+---------------+------------+
Total Trainable Params: 973
train 34369
val 11425
test 11425
	iters: 100, epoch: 1 | loss: 0.2616536
	speed: 0.0289s/iter; left time: 114.0760s
Epoch: 1 cost time: 2.108346462249756
Epoch: 1, Steps: 135 | Train Loss: 0.2505431 Vali Loss: 0.1312868 Test Loss: 0.1859468
Validation loss decreased (inf --> 0.131287).  Saving model ...
Updating learning rate to 0.02
	iters: 100, epoch: 2 | loss: 0.2653773
	speed: 0.0257s/iter; left time: 98.1658s
Epoch: 2 cost time: 1.2403311729431152
Epoch: 2, Steps: 135 | Train Loss: 0.2440559 Vali Loss: 0.1292248 Test Loss: 0.1836490
Validation loss decreased (0.131287 --> 0.129225).  Saving model ...
Updating learning rate to 0.01
	iters: 100, epoch: 3 | loss: 0.2577943
	speed: 0.0259s/iter; left time: 95.3659s
Epoch: 3 cost time: 1.4576079845428467
Epoch: 3, Steps: 135 | Train Loss: 0.2427121 Vali Loss: 0.1295942 Test Loss: 0.1834030
EarlyStopping counter: 1 out of 5
Updating learning rate to 0.005
	iters: 100, epoch: 4 | loss: 0.2980310
	speed: 0.0294s/iter; left time: 104.1318s
Epoch: 4 cost time: 1.438720703125
Epoch: 4, Steps: 135 | Train Loss: 0.2411547 Vali Loss: 0.1282231 Test Loss: 0.1823662
Validation loss decreased (0.129225 --> 0.128223).  Saving model ...
Updating learning rate to 0.0025
	iters: 100, epoch: 5 | loss: 0.2172258
	speed: 0.0278s/iter; left time: 94.7482s
Epoch: 5 cost time: 1.5048153400421143
Epoch: 5, Steps: 135 | Train Loss: 0.2411236 Vali Loss: 0.1297475 Test Loss: 0.1833695
EarlyStopping counter: 1 out of 5
Updating learning rate to 0.00125
	iters: 100, epoch: 6 | loss: 0.2848080
	speed: 0.0300s/iter; left time: 98.4111s
Epoch: 6 cost time: 1.683366060256958
Epoch: 6, Steps: 135 | Train Loss: 0.2411197 Vali Loss: 0.1298949 Test Loss: 0.1833977
EarlyStopping counter: 2 out of 5
Updating learning rate to 0.000625
	iters: 100, epoch: 7 | loss: 0.2459733
	speed: 0.0299s/iter; left time: 93.9879s
Epoch: 7 cost time: 1.5102148056030273
Epoch: 7, Steps: 135 | Train Loss: 0.2409796 Vali Loss: 0.1294981 Test Loss: 0.1831096
EarlyStopping counter: 3 out of 5
Updating learning rate to 0.0003125
	iters: 100, epoch: 8 | loss: 0.2788289
	speed: 0.0270s/iter; left time: 81.2856s
Epoch: 8 cost time: 1.395472526550293
Epoch: 8, Steps: 135 | Train Loss: 0.2417454 Vali Loss: 0.1292953 Test Loss: 0.1829861
EarlyStopping counter: 4 out of 5
Updating learning rate to 0.00015625
	iters: 100, epoch: 9 | loss: 0.2571765
	speed: 0.0269s/iter; left time: 77.2131s
Epoch: 9 cost time: 1.384584665298462
Epoch: 9, Steps: 135 | Train Loss: 0.2408987 Vali Loss: 0.1293528 Test Loss: 0.1830253
EarlyStopping counter: 5 out of 5
Early stopping
>>>>>>>testing : long_term_forecast_ETTm2_pred96_L96_p2_r10_LUMA_ETTm2_ftM_sl96_ll48_pl96_dm512_nh8_el2_dl1_df2048_expand2_dc4_fc1_ebtimeF_dtTrue_Exp_0<<<<<<<<<<<<<<<<<<<<<<<<<<<<<<<<<
test 11425
test shape: (11425, 96, 7) (11425, 96, 7)
test shape: (11425, 96, 7) (11425, 96, 7)
mse:0.18319663405418396, mae:0.26573723554611206, dtw:Not calculated
