Using GPU
Args in experiment:
[1mBasic Config[0m
  Task Name:          long_term_forecast  Is Training:        1                   
  Model ID:           ETTm2_pred720_L720_p8_r9Model:              LUMA                

[1mData Loader[0m
  Data:               ETTm2               Root Path:          ./dataset/ETT-small/
  Data Path:          ETTm2.csv           Features:           M                   
  Target:             OT                  Freq:               t                   
  Checkpoints:        ./checkpoints/      

[1mForecasting Task[0m
  Seq Len:            720                 Label Len:          48                  
  Pred Len:           720                 Seasonal Patterns:  Monthly             
  Inverse:            0                   

[1mModel Parameters[0m
  Top k:              5                   Num Kernels:        6                   
  Enc In:             7                   Dec In:             7                   
  C Out:              7                   d model:            512                 
  n heads:            8                   e layers:           2                   
  d layers:           1                   d FF:               2048                
  Moving Avg:         25                  Factor:             1                   
  Distil:             1                   Dropout:            0.001               
  Embed:              timeF               Activation:         gelu                

[1mRun Parameters[0m
  Num Workers:        10                  Itr:                1                   
  Train Epochs:       30                  Batch Size:         256                 
  Patience:           5                   Learning Rate:      0.02                
  Des:                Exp                 Loss:               MSE                 
  Lradj:              type1               Use Amp:            0                   

[1mGPU[0m
  Use GPU:            1                   GPU:                0                   
  Use Multi GPU:      0                   Devices:            0,1,2,3             

[1mDe-stationary Projector Params[0m
  P Hidden Dims:      128, 128            P Hidden Layers:    2                   

Use GPU: cuda:0
[LUMA] period_len=8  rank=9  seg_x=90  seg_y=90  task=long_term_forecast
>>>>>>>start training : long_term_forecast_ETTm2_pred720_L720_p8_r9_LUMA_ETTm2_ftM_sl720_ll48_pl720_dm512_nh8_el2_dl1_df2048_expand2_dc4_fc1_ebtimeF_dtTrue_Exp_0>>>>>>>>>>>>>>>>>>>>>>>>>>
+---------------+------------+
|    Modules    | Parameters |
+---------------+------------+
| conv1d.weight |     9      |
|   lowrank.U   |    810     |
|   lowrank.s   |     9      |
|   lowrank.V   |    810     |
+---------------+------------+
Total Trainable Params: 1638
train 33121
val 10801
test 10801
	iters: 100, epoch: 1 | loss: 0.4638982
	speed: 0.0459s/iter; left time: 174.4818s
Epoch: 1 cost time: 4.203290700912476
Epoch: 1, Steps: 130 | Train Loss: 0.5170416 Vali Loss: 0.2653682 Test Loss: 0.3641474
Validation loss decreased (inf --> 0.265368).  Saving model ...
Updating learning rate to 0.02
	iters: 100, epoch: 2 | loss: 0.5617748
	speed: 0.0621s/iter; left time: 227.9584s
Epoch: 2 cost time: 3.1349411010742188
Epoch: 2, Steps: 130 | Train Loss: 0.5053865 Vali Loss: 0.2646520 Test Loss: 0.3617005
Validation loss decreased (0.265368 --> 0.264652).  Saving model ...
Updating learning rate to 0.01
	iters: 100, epoch: 3 | loss: 0.3813812
	speed: 0.0652s/iter; left time: 230.8959s
Epoch: 3 cost time: 2.9869189262390137
Epoch: 3, Steps: 130 | Train Loss: 0.5028556 Vali Loss: 0.2648737 Test Loss: 0.3613653
EarlyStopping counter: 1 out of 5
Updating learning rate to 0.005
	iters: 100, epoch: 4 | loss: 0.4237040
	speed: 0.0650s/iter; left time: 221.8311s
Epoch: 4 cost time: 2.9777188301086426
Epoch: 4, Steps: 130 | Train Loss: 0.5018263 Vali Loss: 0.2628297 Test Loss: 0.3602338
Validation loss decreased (0.264652 --> 0.262830).  Saving model ...
Updating learning rate to 0.0025
	iters: 100, epoch: 5 | loss: 0.4521810
	speed: 0.0650s/iter; left time: 213.1757s
Epoch: 5 cost time: 3.0315914154052734
Epoch: 5, Steps: 130 | Train Loss: 0.5002889 Vali Loss: 0.2630441 Test Loss: 0.3597748
EarlyStopping counter: 1 out of 5
Updating learning rate to 0.00125
	iters: 100, epoch: 6 | loss: 0.5195924
	speed: 0.0666s/iter; left time: 209.9009s
Epoch: 6 cost time: 3.3102898597717285
Epoch: 6, Steps: 130 | Train Loss: 0.5002175 Vali Loss: 0.2627972 Test Loss: 0.3600803
Validation loss decreased (0.262830 --> 0.262797).  Saving model ...
Updating learning rate to 0.000625
	iters: 100, epoch: 7 | loss: 0.4402929
	speed: 0.0691s/iter; left time: 208.7508s
Epoch: 7 cost time: 3.145390510559082
Epoch: 7, Steps: 130 | Train Loss: 0.4996569 Vali Loss: 0.2624879 Test Loss: 0.3598557
Validation loss decreased (0.262797 --> 0.262488).  Saving model ...
Updating learning rate to 0.0003125
	iters: 100, epoch: 8 | loss: 0.4595365
	speed: 0.0666s/iter; left time: 192.4329s
Epoch: 8 cost time: 3.2636640071868896
Epoch: 8, Steps: 130 | Train Loss: 0.5000221 Vali Loss: 0.2629976 Test Loss: 0.3599168
EarlyStopping counter: 1 out of 5
Updating learning rate to 0.00015625
	iters: 100, epoch: 9 | loss: 0.4654884
	speed: 0.0670s/iter; left time: 184.9755s
Epoch: 9 cost time: 3.168440580368042
Epoch: 9, Steps: 130 | Train Loss: 0.5002089 Vali Loss: 0.2629115 Test Loss: 0.3599236
EarlyStopping counter: 2 out of 5
Updating learning rate to 7.8125e-05
	iters: 100, epoch: 10 | loss: 0.4971691
	speed: 0.0641s/iter; left time: 168.5314s
Epoch: 10 cost time: 3.0196645259857178
Epoch: 10, Steps: 130 | Train Loss: 0.5003984 Vali Loss: 0.2634679 Test Loss: 0.3599209
EarlyStopping counter: 3 out of 5
Updating learning rate to 3.90625e-05
	iters: 100, epoch: 11 | loss: 0.3921578
	speed: 0.0651s/iter; left time: 162.6982s
Epoch: 11 cost time: 3.179708242416382
Epoch: 11, Steps: 130 | Train Loss: 0.5002264 Vali Loss: 0.2626916 Test Loss: 0.3599160
EarlyStopping counter: 4 out of 5
Updating learning rate to 1.953125e-05
	iters: 100, epoch: 12 | loss: 0.4522893
	speed: 0.0628s/iter; left time: 148.9489s
Epoch: 12 cost time: 2.8602139949798584
Epoch: 12, Steps: 130 | Train Loss: 0.4990461 Vali Loss: 0.2631007 Test Loss: 0.3599127
EarlyStopping counter: 5 out of 5
Early stopping
>>>>>>>testing : long_term_forecast_ETTm2_pred720_L720_p8_r9_LUMA_ETTm2_ftM_sl720_ll48_pl720_dm512_nh8_el2_dl1_df2048_expand2_dc4_fc1_ebtimeF_dtTrue_Exp_0<<<<<<<<<<<<<<<<<<<<<<<<<<<<<<<<<
test 10801
test shape: (10801, 720, 7) (10801, 720, 7)
test shape: (10801, 720, 7) (10801, 720, 7)
mse:0.35146260261535645, mae:0.3792758285999298, dtw:Not calculated
