Using GPU
Args in experiment:
[1mBasic Config[0m
  Task Name:          long_term_forecast  Is Training:        1                   
  Model ID:           ETTm2_pred96_L720_p2_r10Model:              LUMA                

[1mData Loader[0m
  Data:               ETTm2               Root Path:          ./dataset/ETT-small/
  Data Path:          ETTm2.csv           Features:           M                   
  Target:             OT                  Freq:               t                   
  Checkpoints:        ./checkpoints/      

[1mForecasting Task[0m
  Seq Len:            720                 Label Len:          48                  
  Pred Len:           96                  Seasonal Patterns:  Monthly             
  Inverse:            0                   

[1mModel Parameters[0m
  Top k:              5                   Num Kernels:        6                   
  Enc In:             7                   Dec In:             7                   
  C Out:              7                   d model:            512                 
  n heads:            8                   e layers:           2                   
  d layers:           1                   d FF:               2048                
  Moving Avg:         25                  Factor:             1                   
  Distil:             1                   Dropout:            0.001               
  Embed:              timeF               Activation:         gelu                

[1mRun Parameters[0m
  Num Workers:        10                  Itr:                1                   
  Train Epochs:       30                  Batch Size:         256                 
  Patience:           5                   Learning Rate:      0.02                
  Des:                Exp                 Loss:               MSE                 
  Lradj:              type1               Use Amp:            0                   

[1mGPU[0m
  Use GPU:            1                   GPU:                0                   
  Use Multi GPU:      0                   Devices:            0,1,2,3             

[1mDe-stationary Projector Params[0m
  P Hidden Dims:      128, 128            P Hidden Layers:    2                   

Use GPU: cuda:0
[LUMA] period_len=2  rank=10  seg_x=360  seg_y=48  task=long_term_forecast
>>>>>>>start training : long_term_forecast_ETTm2_pred96_L720_p2_r10_LUMA_ETTm2_ftM_sl720_ll48_pl96_dm512_nh8_el2_dl1_df2048_expand2_dc4_fc1_ebtimeF_dtTrue_Exp_0>>>>>>>>>>>>>>>>>>>>>>>>>>
+---------------+------------+
|    Modules    | Parameters |
+---------------+------------+
| conv1d.weight |     3      |
|   lowrank.U   |    480     |
|   lowrank.s   |     10     |
|   lowrank.V   |    3600    |
+---------------+------------+
Total Trainable Params: 4093
train 33745
val 11425
test 11425
	iters: 100, epoch: 1 | loss: 0.2359135
	speed: 0.0368s/iter; left time: 141.9312s
Epoch: 1 cost time: 3.0180506706237793
Epoch: 1, Steps: 132 | Train Loss: 0.2420254 Vali Loss: 0.1210952 Test Loss: 0.1722648
Validation loss decreased (inf --> 0.121095).  Saving model ...
Updating learning rate to 0.02
	iters: 100, epoch: 2 | loss: 0.2147790
	speed: 0.0413s/iter; left time: 153.8972s
Epoch: 2 cost time: 2.2944111824035645
Epoch: 2, Steps: 132 | Train Loss: 0.2206764 Vali Loss: 0.1196473 Test Loss: 0.1653096
Validation loss decreased (0.121095 --> 0.119647).  Saving model ...
Updating learning rate to 0.01
	iters: 100, epoch: 3 | loss: 0.1861146
	speed: 0.0440s/iter; left time: 158.1147s
Epoch: 3 cost time: 2.4661035537719727
Epoch: 3, Steps: 132 | Train Loss: 0.2147490 Vali Loss: 0.1169695 Test Loss: 0.1635499
Validation loss decreased (0.119647 --> 0.116970).  Saving model ...
Updating learning rate to 0.005
	iters: 100, epoch: 4 | loss: 0.1713605
	speed: 0.0401s/iter; left time: 138.9513s
Epoch: 4 cost time: 2.108330488204956
Epoch: 4, Steps: 132 | Train Loss: 0.2120431 Vali Loss: 0.1171773 Test Loss: 0.1647296
EarlyStopping counter: 1 out of 5
Updating learning rate to 0.0025
	iters: 100, epoch: 5 | loss: 0.2256327
	speed: 0.0396s/iter; left time: 132.0343s
Epoch: 5 cost time: 2.057136297225952
Epoch: 5, Steps: 132 | Train Loss: 0.2112912 Vali Loss: 0.1169045 Test Loss: 0.1644560
Validation loss decreased (0.116970 --> 0.116905).  Saving model ...
Updating learning rate to 0.00125
	iters: 100, epoch: 6 | loss: 0.2052096
	speed: 0.0425s/iter; left time: 136.1127s
Epoch: 6 cost time: 2.340576648712158
Epoch: 6, Steps: 132 | Train Loss: 0.2105501 Vali Loss: 0.1169870 Test Loss: 0.1640098
EarlyStopping counter: 1 out of 5
Updating learning rate to 0.000625
	iters: 100, epoch: 7 | loss: 0.1985551
	speed: 0.0427s/iter; left time: 131.0267s
Epoch: 7 cost time: 2.2905399799346924
Epoch: 7, Steps: 132 | Train Loss: 0.2104037 Vali Loss: 0.1167773 Test Loss: 0.1641113
Validation loss decreased (0.116905 --> 0.116777).  Saving model ...
Updating learning rate to 0.0003125
	iters: 100, epoch: 8 | loss: 0.1933849
	speed: 0.0413s/iter; left time: 121.1675s
Epoch: 8 cost time: 2.2120933532714844
Epoch: 8, Steps: 132 | Train Loss: 0.2102918 Vali Loss: 0.1166920 Test Loss: 0.1640062
Validation loss decreased (0.116777 --> 0.116692).  Saving model ...
Updating learning rate to 0.00015625
	iters: 100, epoch: 9 | loss: 0.3128932
	speed: 0.0414s/iter; left time: 116.1916s
Epoch: 9 cost time: 2.254478693008423
Epoch: 9, Steps: 132 | Train Loss: 0.2101321 Vali Loss: 0.1168200 Test Loss: 0.1640452
EarlyStopping counter: 1 out of 5
Updating learning rate to 7.8125e-05
	iters: 100, epoch: 10 | loss: 0.2515171
	speed: 0.0433s/iter; left time: 115.6336s
Epoch: 10 cost time: 2.418558359146118
Epoch: 10, Steps: 132 | Train Loss: 0.2100909 Vali Loss: 0.1166922 Test Loss: 0.1640724
EarlyStopping counter: 2 out of 5
Updating learning rate to 3.90625e-05
	iters: 100, epoch: 11 | loss: 0.1550622
	speed: 0.0436s/iter; left time: 110.7035s
Epoch: 11 cost time: 2.3185536861419678
Epoch: 11, Steps: 132 | Train Loss: 0.2101013 Vali Loss: 0.1168626 Test Loss: 0.1640632
EarlyStopping counter: 3 out of 5
Updating learning rate to 1.953125e-05
	iters: 100, epoch: 12 | loss: 0.2454251
	speed: 0.0446s/iter; left time: 107.3498s
Epoch: 12 cost time: 2.4261462688446045
Epoch: 12, Steps: 132 | Train Loss: 0.2100449 Vali Loss: 0.1166603 Test Loss: 0.1640620
Validation loss decreased (0.116692 --> 0.116660).  Saving model ...
Updating learning rate to 9.765625e-06
	iters: 100, epoch: 13 | loss: 0.1884709
	speed: 0.0446s/iter; left time: 101.5773s
Epoch: 13 cost time: 2.4434492588043213
Epoch: 13, Steps: 132 | Train Loss: 0.2100835 Vali Loss: 0.1167051 Test Loss: 0.1640479
EarlyStopping counter: 1 out of 5
Updating learning rate to 4.8828125e-06
	iters: 100, epoch: 14 | loss: 0.1967515
	speed: 0.0422s/iter; left time: 90.5691s
Epoch: 14 cost time: 2.360969305038452
Epoch: 14, Steps: 132 | Train Loss: 0.2100702 Vali Loss: 0.1168736 Test Loss: 0.1640462
EarlyStopping counter: 2 out of 5
Updating learning rate to 2.44140625e-06
	iters: 100, epoch: 15 | loss: 0.1912080
	speed: 0.0430s/iter; left time: 86.5541s
Epoch: 15 cost time: 2.3249573707580566
Epoch: 15, Steps: 132 | Train Loss: 0.2100405 Vali Loss: 0.1167951 Test Loss: 0.1640449
EarlyStopping counter: 3 out of 5
Updating learning rate to 1.220703125e-06
	iters: 100, epoch: 16 | loss: 0.2266221
	speed: 0.0421s/iter; left time: 79.1007s
Epoch: 16 cost time: 2.3238818645477295
Epoch: 16, Steps: 132 | Train Loss: 0.2101046 Vali Loss: 0.1167510 Test Loss: 0.1640441
EarlyStopping counter: 4 out of 5
Updating learning rate to 6.103515625e-07
	iters: 100, epoch: 17 | loss: 0.1966821
	speed: 0.0402s/iter; left time: 70.2577s
Epoch: 17 cost time: 2.0522258281707764
Epoch: 17, Steps: 132 | Train Loss: 0.2100826 Vali Loss: 0.1167661 Test Loss: 0.1640445
EarlyStopping counter: 5 out of 5
Early stopping
>>>>>>>testing : long_term_forecast_ETTm2_pred96_L720_p2_r10_LUMA_ETTm2_ftM_sl720_ll48_pl96_dm512_nh8_el2_dl1_df2048_expand2_dc4_fc1_ebtimeF_dtTrue_Exp_0<<<<<<<<<<<<<<<<<<<<<<<<<<<<<<<<<
test 11425
test shape: (11425, 96, 7) (11425, 96, 7)
test shape: (11425, 96, 7) (11425, 96, 7)
mse:0.16467761993408203, mae:0.25533193349838257, dtw:Not calculated
