Using GPU
Args in experiment:
[1mBasic Config[0m
  Task Name:          long_term_forecast  Is Training:        1                   
  Model ID:           ETTm2_pred96_L192_p2_r10Model:              LUMA                

[1mData Loader[0m
  Data:               ETTm2               Root Path:          ./dataset/ETT-small/
  Data Path:          ETTm2.csv           Features:           M                   
  Target:             OT                  Freq:               t                   
  Checkpoints:        ./checkpoints/      

[1mForecasting Task[0m
  Seq Len:            192                 Label Len:          48                  
  Pred Len:           96                  Seasonal Patterns:  Monthly             
  Inverse:            0                   

[1mModel Parameters[0m
  Top k:              5                   Num Kernels:        6                   
  Enc In:             7                   Dec In:             7                   
  C Out:              7                   d model:            512                 
  n heads:            8                   e layers:           2                   
  d layers:           1                   d FF:               2048                
  Moving Avg:         25                  Factor:             1                   
  Distil:             1                   Dropout:            0.001               
  Embed:              timeF               Activation:         gelu                

[1mRun Parameters[0m
  Num Workers:        10                  Itr:                1                   
  Train Epochs:       30                  Batch Size:         256                 
  Patience:           5                   Learning Rate:      0.02                
  Des:                Exp                 Loss:               MSE                 
  Lradj:              type1               Use Amp:            0                   

[1mGPU[0m
  Use GPU:            1                   GPU:                0                   
  Use Multi GPU:      0                   Devices:            0,1,2,3             

[1mDe-stationary Projector Params[0m
  P Hidden Dims:      128, 128            P Hidden Layers:    2                   

Use GPU: cuda:0
[LUMA] period_len=2  rank=10  seg_x=96  seg_y=48  task=long_term_forecast
>>>>>>>start training : long_term_forecast_ETTm2_pred96_L192_p2_r10_LUMA_ETTm2_ftM_sl192_ll48_pl96_dm512_nh8_el2_dl1_df2048_expand2_dc4_fc1_ebtimeF_dtTrue_Exp_0>>>>>>>>>>>>>>>>>>>>>>>>>>
+---------------+------------+
|    Modules    | Parameters |
+---------------+------------+
| conv1d.weight |     3      |
|   lowrank.U   |    480     |
|   lowrank.s   |     10     |
|   lowrank.V   |    960     |
+---------------+------------+
Total Trainable Params: 1453
train 34273
val 11425
test 11425
	iters: 100, epoch: 1 | loss: 0.2950967
	speed: 0.0308s/iter; left time: 120.9466s
Epoch: 1 cost time: 2.362943172454834
Epoch: 1, Steps: 134 | Train Loss: 0.2455848 Vali Loss: 0.1262535 Test Loss: 0.1753782
Validation loss decreased (inf --> 0.126254).  Saving model ...
Updating learning rate to 0.02
	iters: 100, epoch: 2 | loss: 0.1903673
	speed: 0.0274s/iter; left time: 103.6850s
Epoch: 2 cost time: 1.3924610614776611
Epoch: 2, Steps: 134 | Train Loss: 0.2346271 Vali Loss: 0.1249891 Test Loss: 0.1741424
Validation loss decreased (0.126254 --> 0.124989).  Saving model ...
Updating learning rate to 0.01
	iters: 100, epoch: 3 | loss: 0.2017237
	speed: 0.0281s/iter; left time: 102.4700s
Epoch: 3 cost time: 1.3537302017211914
Epoch: 3, Steps: 134 | Train Loss: 0.2316384 Vali Loss: 0.1241760 Test Loss: 0.1726471
Validation loss decreased (0.124989 --> 0.124176).  Saving model ...
Updating learning rate to 0.005
	iters: 100, epoch: 4 | loss: 0.1793101
	speed: 0.0305s/iter; left time: 107.2952s
Epoch: 4 cost time: 1.744877815246582
Epoch: 4, Steps: 134 | Train Loss: 0.2307199 Vali Loss: 0.1243037 Test Loss: 0.1731339
EarlyStopping counter: 1 out of 5
Updating learning rate to 0.0025
	iters: 100, epoch: 5 | loss: 0.1865405
	speed: 0.0297s/iter; left time: 100.3910s
Epoch: 5 cost time: 1.4148516654968262
Epoch: 5, Steps: 134 | Train Loss: 0.2299443 Vali Loss: 0.1240435 Test Loss: 0.1726577
Validation loss decreased (0.124176 --> 0.124043).  Saving model ...
Updating learning rate to 0.00125
	iters: 100, epoch: 6 | loss: 0.2139473
	speed: 0.0293s/iter; left time: 95.2495s
Epoch: 6 cost time: 1.4523048400878906
Epoch: 6, Steps: 134 | Train Loss: 0.2298203 Vali Loss: 0.1237521 Test Loss: 0.1724250
Validation loss decreased (0.124043 --> 0.123752).  Saving model ...
Updating learning rate to 0.000625
	iters: 100, epoch: 7 | loss: 0.3647254
	speed: 0.0305s/iter; left time: 95.2182s
Epoch: 7 cost time: 1.6144740581512451
Epoch: 7, Steps: 134 | Train Loss: 0.2296581 Vali Loss: 0.1238291 Test Loss: 0.1726826
EarlyStopping counter: 1 out of 5
Updating learning rate to 0.0003125
	iters: 100, epoch: 8 | loss: 0.2520348
	speed: 0.0290s/iter; left time: 86.4253s
Epoch: 8 cost time: 1.4298670291900635
Epoch: 8, Steps: 134 | Train Loss: 0.2296870 Vali Loss: 0.1239290 Test Loss: 0.1727271
EarlyStopping counter: 2 out of 5
Updating learning rate to 0.00015625
	iters: 100, epoch: 9 | loss: 0.1957094
	speed: 0.0273s/iter; left time: 77.6834s
Epoch: 9 cost time: 1.2691700458526611
Epoch: 9, Steps: 134 | Train Loss: 0.2295261 Vali Loss: 0.1237316 Test Loss: 0.1726469
Validation loss decreased (0.123752 --> 0.123732).  Saving model ...
Updating learning rate to 7.8125e-05
	iters: 100, epoch: 10 | loss: 0.3240919
	speed: 0.0297s/iter; left time: 80.7268s
Epoch: 10 cost time: 1.6030597686767578
Epoch: 10, Steps: 134 | Train Loss: 0.2295326 Vali Loss: 0.1238244 Test Loss: 0.1727516
EarlyStopping counter: 1 out of 5
Updating learning rate to 3.90625e-05
	iters: 100, epoch: 11 | loss: 0.1937101
	speed: 0.0319s/iter; left time: 82.3759s
Epoch: 11 cost time: 1.6398441791534424
Epoch: 11, Steps: 134 | Train Loss: 0.2294959 Vali Loss: 0.1238014 Test Loss: 0.1727702
EarlyStopping counter: 2 out of 5
Updating learning rate to 1.953125e-05
	iters: 100, epoch: 12 | loss: 0.2186269
	speed: 0.0287s/iter; left time: 70.3093s
Epoch: 12 cost time: 1.4568853378295898
Epoch: 12, Steps: 134 | Train Loss: 0.2294860 Vali Loss: 0.1238518 Test Loss: 0.1727805
EarlyStopping counter: 3 out of 5
Updating learning rate to 9.765625e-06
	iters: 100, epoch: 13 | loss: 0.2422883
	speed: 0.0287s/iter; left time: 66.3760s
Epoch: 13 cost time: 1.4053616523742676
Epoch: 13, Steps: 134 | Train Loss: 0.2294790 Vali Loss: 0.1238135 Test Loss: 0.1727842
EarlyStopping counter: 4 out of 5
Updating learning rate to 4.8828125e-06
	iters: 100, epoch: 14 | loss: 0.2667713
	speed: 0.0286s/iter; left time: 62.2798s
Epoch: 14 cost time: 1.4239826202392578
Epoch: 14, Steps: 134 | Train Loss: 0.2294783 Vali Loss: 0.1238292 Test Loss: 0.1727827
EarlyStopping counter: 5 out of 5
Early stopping
>>>>>>>testing : long_term_forecast_ETTm2_pred96_L192_p2_r10_LUMA_ETTm2_ftM_sl192_ll48_pl96_dm512_nh8_el2_dl1_df2048_expand2_dc4_fc1_ebtimeF_dtTrue_Exp_0<<<<<<<<<<<<<<<<<<<<<<<<<<<<<<<<<
test 11425
test shape: (11425, 96, 7) (11425, 96, 7)
test shape: (11425, 96, 7) (11425, 96, 7)
mse:0.17339539527893066, mae:0.2582193613052368, dtw:Not calculated
