Using GPU
Args in experiment:
[1mBasic Config[0m
  Task Name:          long_term_forecast  Is Training:        1                   
  Model ID:           ETTm2_pred336_L96_p2_r10Model:              LUMA                

[1mData Loader[0m
  Data:               ETTm2               Root Path:          ./dataset/ETT-small/
  Data Path:          ETTm2.csv           Features:           M                   
  Target:             OT                  Freq:               t                   
  Checkpoints:        ./checkpoints/      

[1mForecasting Task[0m
  Seq Len:            96                  Label Len:          48                  
  Pred Len:           336                 Seasonal Patterns:  Monthly             
  Inverse:            0                   

[1mModel Parameters[0m
  Top k:              5                   Num Kernels:        6                   
  Enc In:             7                   Dec In:             7                   
  C Out:              7                   d model:            512                 
  n heads:            8                   e layers:           2                   
  d layers:           1                   d FF:               2048                
  Moving Avg:         25                  Factor:             1                   
  Distil:             1                   Dropout:            0.001               
  Embed:              timeF               Activation:         gelu                

[1mRun Parameters[0m
  Num Workers:        10                  Itr:                1                   
  Train Epochs:       30                  Batch Size:         256                 
  Patience:           5                   Learning Rate:      0.02                
  Des:                Exp                 Loss:               MSE                 
  Lradj:              type1               Use Amp:            0                   

[1mGPU[0m
  Use GPU:            1                   GPU:                0                   
  Use Multi GPU:      0                   Devices:            0,1,2,3             

[1mDe-stationary Projector Params[0m
  P Hidden Dims:      128, 128            P Hidden Layers:    2                   

Use GPU: cuda:0
[LUMA] period_len=2  rank=10  seg_x=48  seg_y=168  task=long_term_forecast
>>>>>>>start training : long_term_forecast_ETTm2_pred336_L96_p2_r10_LUMA_ETTm2_ftM_sl96_ll48_pl336_dm512_nh8_el2_dl1_df2048_expand2_dc4_fc1_ebtimeF_dtTrue_Exp_0>>>>>>>>>>>>>>>>>>>>>>>>>>
+---------------+------------+
|    Modules    | Parameters |
+---------------+------------+
| conv1d.weight |     3      |
|   lowrank.U   |    1680    |
|   lowrank.s   |     10     |
|   lowrank.V   |    480     |
+---------------+------------+
Total Trainable Params: 2173
train 34129
val 11185
test 11185
	iters: 100, epoch: 1 | loss: 0.4385520
	speed: 0.0298s/iter; left time: 116.8284s
Epoch: 1 cost time: 2.575489044189453
Epoch: 1, Steps: 134 | Train Loss: 0.4490268 Vali Loss: 0.2193854 Test Loss: 0.3080231
Validation loss decreased (inf --> 0.219385).  Saving model ...
Updating learning rate to 0.02
	iters: 100, epoch: 2 | loss: 0.4758498
	speed: 0.0369s/iter; left time: 139.6061s
Epoch: 2 cost time: 1.7271239757537842
Epoch: 2, Steps: 134 | Train Loss: 0.4438130 Vali Loss: 0.2187184 Test Loss: 0.3070638
Validation loss decreased (0.219385 --> 0.218718).  Saving model ...
Updating learning rate to 0.01
	iters: 100, epoch: 3 | loss: 0.3591309
	speed: 0.0415s/iter; left time: 151.6175s
Epoch: 3 cost time: 1.6487786769866943
Epoch: 3, Steps: 134 | Train Loss: 0.4417731 Vali Loss: 0.2189316 Test Loss: 0.3067569
EarlyStopping counter: 1 out of 5
Updating learning rate to 0.005
	iters: 100, epoch: 4 | loss: 0.4682987
	speed: 0.0393s/iter; left time: 138.3586s
Epoch: 4 cost time: 1.7690370082855225
Epoch: 4, Steps: 134 | Train Loss: 0.4434467 Vali Loss: 0.2180033 Test Loss: 0.3061087
Validation loss decreased (0.218718 --> 0.218003).  Saving model ...
Updating learning rate to 0.0025
	iters: 100, epoch: 5 | loss: 0.4255872
	speed: 0.0419s/iter; left time: 141.9363s
Epoch: 5 cost time: 2.0080454349517822
Epoch: 5, Steps: 134 | Train Loss: 0.4415832 Vali Loss: 0.2176704 Test Loss: 0.3057878
Validation loss decreased (0.218003 --> 0.217670).  Saving model ...
Updating learning rate to 0.00125
	iters: 100, epoch: 6 | loss: 0.5196655
	speed: 0.0392s/iter; left time: 127.3325s
Epoch: 6 cost time: 1.70235276222229
Epoch: 6, Steps: 134 | Train Loss: 0.4404956 Vali Loss: 0.2180706 Test Loss: 0.3061553
EarlyStopping counter: 1 out of 5
Updating learning rate to 0.000625
	iters: 100, epoch: 7 | loss: 0.3634234
	speed: 0.0443s/iter; left time: 138.0832s
Epoch: 7 cost time: 1.96579909324646
Epoch: 7, Steps: 134 | Train Loss: 0.4418212 Vali Loss: 0.2184555 Test Loss: 0.3063222
EarlyStopping counter: 2 out of 5
Updating learning rate to 0.0003125
	iters: 100, epoch: 8 | loss: 0.4745141
	speed: 0.0457s/iter; left time: 136.1971s
Epoch: 8 cost time: 2.0461537837982178
Epoch: 8, Steps: 134 | Train Loss: 0.4404340 Vali Loss: 0.2184797 Test Loss: 0.3062880
EarlyStopping counter: 3 out of 5
Updating learning rate to 0.00015625
	iters: 100, epoch: 9 | loss: 0.4650550
	speed: 0.0395s/iter; left time: 112.5073s
Epoch: 9 cost time: 1.5754704475402832
Epoch: 9, Steps: 134 | Train Loss: 0.4402457 Vali Loss: 0.2183274 Test Loss: 0.3062964
EarlyStopping counter: 4 out of 5
Updating learning rate to 7.8125e-05
	iters: 100, epoch: 10 | loss: 0.4165054
	speed: 0.0391s/iter; left time: 106.2464s
Epoch: 10 cost time: 1.7235808372497559
Epoch: 10, Steps: 134 | Train Loss: 0.4406466 Vali Loss: 0.2183725 Test Loss: 0.3062815
EarlyStopping counter: 5 out of 5
Early stopping
>>>>>>>testing : long_term_forecast_ETTm2_pred336_L96_p2_r10_LUMA_ETTm2_ftM_sl96_ll48_pl336_dm512_nh8_el2_dl1_df2048_expand2_dc4_fc1_ebtimeF_dtTrue_Exp_0<<<<<<<<<<<<<<<<<<<<<<<<<<<<<<<<<
test 11185
test shape: (11185, 336, 7) (11185, 336, 7)
test shape: (11185, 336, 7) (11185, 336, 7)
mse:0.3072812855243683, mae:0.34236234426498413, dtw:Not calculated
