Using GPU
Args in experiment:
[1mBasic Config[0m
  Task Name:          long_term_forecast  Is Training:        1                   
  Model ID:           ETTm2_pred192_L192_p2_r10Model:              LUMA                

[1mData Loader[0m
  Data:               ETTm2               Root Path:          ./dataset/ETT-small/
  Data Path:          ETTm2.csv           Features:           M                   
  Target:             OT                  Freq:               t                   
  Checkpoints:        ./checkpoints/      

[1mForecasting Task[0m
  Seq Len:            192                 Label Len:          48                  
  Pred Len:           192                 Seasonal Patterns:  Monthly             
  Inverse:            0                   

[1mModel Parameters[0m
  Top k:              5                   Num Kernels:        6                   
  Enc In:             7                   Dec In:             7                   
  C Out:              7                   d model:            512                 
  n heads:            8                   e layers:           2                   
  d layers:           1                   d FF:               2048                
  Moving Avg:         25                  Factor:             1                   
  Distil:             1                   Dropout:            0.001               
  Embed:              timeF               Activation:         gelu                

[1mRun Parameters[0m
  Num Workers:        10                  Itr:                1                   
  Train Epochs:       30                  Batch Size:         256                 
  Patience:           5                   Learning Rate:      0.02                
  Des:                Exp                 Loss:               MSE                 
  Lradj:              type1               Use Amp:            0                   

[1mGPU[0m
  Use GPU:            1                   GPU:                0                   
  Use Multi GPU:      0                   Devices:            0,1,2,3             

[1mDe-stationary Projector Params[0m
  P Hidden Dims:      128, 128            P Hidden Layers:    2                   

Use GPU: cuda:0
[LUMA] period_len=2  rank=10  seg_x=96  seg_y=96  task=long_term_forecast
>>>>>>>start training : long_term_forecast_ETTm2_pred192_L192_p2_r10_LUMA_ETTm2_ftM_sl192_ll48_pl192_dm512_nh8_el2_dl1_df2048_expand2_dc4_fc1_ebtimeF_dtTrue_Exp_0>>>>>>>>>>>>>>>>>>>>>>>>>>
+---------------+------------+
|    Modules    | Parameters |
+---------------+------------+
| conv1d.weight |     3      |
|   lowrank.U   |    960     |
|   lowrank.s   |     10     |
|   lowrank.V   |    960     |
+---------------+------------+
Total Trainable Params: 1933
train 34177
val 11329
test 11329
	iters: 100, epoch: 1 | loss: 0.3087757
	speed: 0.0346s/iter; left time: 135.6444s
Epoch: 1 cost time: 2.4314002990722656
Epoch: 1, Steps: 134 | Train Loss: 0.3395665 Vali Loss: 0.1670230 Test Loss: 0.2334328
Validation loss decreased (inf --> 0.167023).  Saving model ...
Updating learning rate to 0.02
	iters: 100, epoch: 2 | loss: 0.4665235
	speed: 0.0340s/iter; left time: 128.6560s
Epoch: 2 cost time: 1.6226716041564941
Epoch: 2, Steps: 134 | Train Loss: 0.3268553 Vali Loss: 0.1660659 Test Loss: 0.2337933
Validation loss decreased (0.167023 --> 0.166066).  Saving model ...
Updating learning rate to 0.01
	iters: 100, epoch: 3 | loss: 0.3310144
	speed: 0.0350s/iter; left time: 127.9125s
Epoch: 3 cost time: 1.7112741470336914
Epoch: 3, Steps: 134 | Train Loss: 0.3246733 Vali Loss: 0.1658067 Test Loss: 0.2321712
Validation loss decreased (0.166066 --> 0.165807).  Saving model ...
Updating learning rate to 0.005
	iters: 100, epoch: 4 | loss: 0.3339165
	speed: 0.0389s/iter; left time: 137.0183s
Epoch: 4 cost time: 1.9034156799316406
Epoch: 4, Steps: 134 | Train Loss: 0.3232039 Vali Loss: 0.1655446 Test Loss: 0.2337224
Validation loss decreased (0.165807 --> 0.165545).  Saving model ...
Updating learning rate to 0.0025
	iters: 100, epoch: 5 | loss: 0.2621757
	speed: 0.0347s/iter; left time: 117.5741s
Epoch: 5 cost time: 1.5844168663024902
Epoch: 5, Steps: 134 | Train Loss: 0.3227183 Vali Loss: 0.1654056 Test Loss: 0.2307724
Validation loss decreased (0.165545 --> 0.165406).  Saving model ...
Updating learning rate to 0.00125
	iters: 100, epoch: 6 | loss: 0.2858946
	speed: 0.0358s/iter; left time: 116.3242s
Epoch: 6 cost time: 1.5875787734985352
Epoch: 6, Steps: 134 | Train Loss: 0.3218462 Vali Loss: 0.1651023 Test Loss: 0.2310608
Validation loss decreased (0.165406 --> 0.165102).  Saving model ...
Updating learning rate to 0.000625
	iters: 100, epoch: 7 | loss: 0.4826672
	speed: 0.0362s/iter; left time: 112.9754s
Epoch: 7 cost time: 1.763855218887329
Epoch: 7, Steps: 134 | Train Loss: 0.3219537 Vali Loss: 0.1649472 Test Loss: 0.2306964
Validation loss decreased (0.165102 --> 0.164947).  Saving model ...
Updating learning rate to 0.0003125
	iters: 100, epoch: 8 | loss: 0.3343562
	speed: 0.0365s/iter; left time: 108.9215s
Epoch: 8 cost time: 1.6555747985839844
Epoch: 8, Steps: 134 | Train Loss: 0.3222284 Vali Loss: 0.1650091 Test Loss: 0.2306895
EarlyStopping counter: 1 out of 5
Updating learning rate to 0.00015625
	iters: 100, epoch: 9 | loss: 0.2344806
	speed: 0.0361s/iter; left time: 102.8897s
Epoch: 9 cost time: 1.7994859218597412
Epoch: 9, Steps: 134 | Train Loss: 0.3217757 Vali Loss: 0.1652569 Test Loss: 0.2310251
EarlyStopping counter: 2 out of 5
Updating learning rate to 7.8125e-05
	iters: 100, epoch: 10 | loss: 0.2376078
	speed: 0.0337s/iter; left time: 91.4267s
Epoch: 10 cost time: 1.5731115341186523
Epoch: 10, Steps: 134 | Train Loss: 0.3217116 Vali Loss: 0.1650342 Test Loss: 0.2309478
EarlyStopping counter: 3 out of 5
Updating learning rate to 3.90625e-05
	iters: 100, epoch: 11 | loss: 0.2975306
	speed: 0.0333s/iter; left time: 86.0696s
Epoch: 11 cost time: 1.524064540863037
Epoch: 11, Steps: 134 | Train Loss: 0.3227272 Vali Loss: 0.1648409 Test Loss: 0.2309310
Validation loss decreased (0.164947 --> 0.164841).  Saving model ...
Updating learning rate to 1.953125e-05
	iters: 100, epoch: 12 | loss: 0.4417648
	speed: 0.0368s/iter; left time: 89.9628s
Epoch: 12 cost time: 1.8894312381744385
Epoch: 12, Steps: 134 | Train Loss: 0.3218375 Vali Loss: 0.1650868 Test Loss: 0.2309495
EarlyStopping counter: 1 out of 5
Updating learning rate to 9.765625e-06
	iters: 100, epoch: 13 | loss: 0.3182058
	speed: 0.0363s/iter; left time: 83.8812s
Epoch: 13 cost time: 1.7943568229675293
Epoch: 13, Steps: 134 | Train Loss: 0.3217909 Vali Loss: 0.1649732 Test Loss: 0.2309379
EarlyStopping counter: 2 out of 5
Updating learning rate to 4.8828125e-06
	iters: 100, epoch: 14 | loss: 0.3403749
	speed: 0.0352s/iter; left time: 76.7300s
Epoch: 14 cost time: 1.6645350456237793
Epoch: 14, Steps: 134 | Train Loss: 0.3219409 Vali Loss: 0.1651068 Test Loss: 0.2309415
EarlyStopping counter: 3 out of 5
Updating learning rate to 2.44140625e-06
	iters: 100, epoch: 15 | loss: 0.2659432
	speed: 0.0379s/iter; left time: 77.4480s
Epoch: 15 cost time: 1.9788908958435059
Epoch: 15, Steps: 134 | Train Loss: 0.3217725 Vali Loss: 0.1652251 Test Loss: 0.2309404
EarlyStopping counter: 4 out of 5
Updating learning rate to 1.220703125e-06
	iters: 100, epoch: 16 | loss: 0.3154944
	speed: 0.0338s/iter; left time: 64.6536s
Epoch: 16 cost time: 1.6420679092407227
Epoch: 16, Steps: 134 | Train Loss: 0.3218043 Vali Loss: 0.1652871 Test Loss: 0.2309399
EarlyStopping counter: 5 out of 5
Early stopping
>>>>>>>testing : long_term_forecast_ETTm2_pred192_L192_p2_r10_LUMA_ETTm2_ftM_sl192_ll48_pl192_dm512_nh8_el2_dl1_df2048_expand2_dc4_fc1_ebtimeF_dtTrue_Exp_0<<<<<<<<<<<<<<<<<<<<<<<<<<<<<<<<<
test 11329
test shape: (11329, 192, 7) (11329, 192, 7)
test shape: (11329, 192, 7) (11329, 192, 7)
mse:0.23328110575675964, mae:0.2970471978187561, dtw:Not calculated
