Using GPU
Args in experiment:
[1mBasic Config[0m
  Task Name:          long_term_forecast  Is Training:        1                   
  Model ID:           ETTm2_pred336_L720_p2_r10Model:              LUMA                

[1mData Loader[0m
  Data:               ETTm2               Root Path:          ./dataset/ETT-small/
  Data Path:          ETTm2.csv           Features:           M                   
  Target:             OT                  Freq:               t                   
  Checkpoints:        ./checkpoints/      

[1mForecasting Task[0m
  Seq Len:            720                 Label Len:          48                  
  Pred Len:           336                 Seasonal Patterns:  Monthly             
  Inverse:            0                   

[1mModel Parameters[0m
  Top k:              5                   Num Kernels:        6                   
  Enc In:             7                   Dec In:             7                   
  C Out:              7                   d model:            512                 
  n heads:            8                   e layers:           2                   
  d layers:           1                   d FF:               2048                
  Moving Avg:         25                  Factor:             1                   
  Distil:             1                   Dropout:            0.001               
  Embed:              timeF               Activation:         gelu                

[1mRun Parameters[0m
  Num Workers:        10                  Itr:                1                   
  Train Epochs:       30                  Batch Size:         256                 
  Patience:           5                   Learning Rate:      0.02                
  Des:                Exp                 Loss:               MSE                 
  Lradj:              type1               Use Amp:            0                   

[1mGPU[0m
  Use GPU:            1                   GPU:                0                   
  Use Multi GPU:      0                   Devices:            0,1,2,3             

[1mDe-stationary Projector Params[0m
  P Hidden Dims:      128, 128            P Hidden Layers:    2                   

Use GPU: cuda:0
[LUMA] period_len=2  rank=10  seg_x=360  seg_y=168  task=long_term_forecast
>>>>>>>start training : long_term_forecast_ETTm2_pred336_L720_p2_r10_LUMA_ETTm2_ftM_sl720_ll48_pl336_dm512_nh8_el2_dl1_df2048_expand2_dc4_fc1_ebtimeF_dtTrue_Exp_0>>>>>>>>>>>>>>>>>>>>>>>>>>
+---------------+------------+
|    Modules    | Parameters |
+---------------+------------+
| conv1d.weight |     3      |
|   lowrank.U   |    1680    |
|   lowrank.s   |     10     |
|   lowrank.V   |    3600    |
+---------------+------------+
Total Trainable Params: 5293
train 33505
val 11185
test 11185
	iters: 100, epoch: 1 | loss: 0.4027846
	speed: 0.0372s/iter; left time: 142.6558s
Epoch: 1 cost time: 3.3387413024902344
Epoch: 1, Steps: 131 | Train Loss: 0.4049700 Vali Loss: 0.1979452 Test Loss: 0.2754059
Validation loss decreased (inf --> 0.197945).  Saving model ...
Updating learning rate to 0.02
	iters: 100, epoch: 2 | loss: 0.3955142
	speed: 0.0498s/iter; left time: 184.2730s
Epoch: 2 cost time: 2.547297239303589
Epoch: 2, Steps: 131 | Train Loss: 0.3906042 Vali Loss: 0.2011022 Test Loss: 0.2739106
EarlyStopping counter: 1 out of 5
Updating learning rate to 0.01
	iters: 100, epoch: 3 | loss: 0.4349202
	speed: 0.0511s/iter; left time: 182.4056s
Epoch: 3 cost time: 2.5721189975738525
Epoch: 3, Steps: 131 | Train Loss: 0.3840904 Vali Loss: 0.1978814 Test Loss: 0.2718979
Validation loss decreased (0.197945 --> 0.197881).  Saving model ...
Updating learning rate to 0.005
	iters: 100, epoch: 4 | loss: 0.3492201
	speed: 0.0530s/iter; left time: 182.3393s
Epoch: 4 cost time: 2.567094087600708
Epoch: 4, Steps: 131 | Train Loss: 0.3817793 Vali Loss: 0.1971583 Test Loss: 0.2713366
Validation loss decreased (0.197881 --> 0.197158).  Saving model ...
Updating learning rate to 0.0025
	iters: 100, epoch: 5 | loss: 0.3948435
	speed: 0.0502s/iter; left time: 166.1095s
Epoch: 5 cost time: 2.440524101257324
Epoch: 5, Steps: 131 | Train Loss: 0.3811376 Vali Loss: 0.1968130 Test Loss: 0.2708664
Validation loss decreased (0.197158 --> 0.196813).  Saving model ...
Updating learning rate to 0.00125
	iters: 100, epoch: 6 | loss: 0.3755744
	speed: 0.0547s/iter; left time: 173.6742s
Epoch: 6 cost time: 2.5468125343322754
Epoch: 6, Steps: 131 | Train Loss: 0.3801427 Vali Loss: 0.1963875 Test Loss: 0.2705216
Validation loss decreased (0.196813 --> 0.196388).  Saving model ...
Updating learning rate to 0.000625
	iters: 100, epoch: 7 | loss: 0.3776073
	speed: 0.0558s/iter; left time: 169.8357s
Epoch: 7 cost time: 2.786759376525879
Epoch: 7, Steps: 131 | Train Loss: 0.3799267 Vali Loss: 0.1962000 Test Loss: 0.2701642
Validation loss decreased (0.196388 --> 0.196200).  Saving model ...
Updating learning rate to 0.0003125
	iters: 100, epoch: 8 | loss: 0.4402829
	speed: 0.0495s/iter; left time: 144.3841s
Epoch: 8 cost time: 2.382317304611206
Epoch: 8, Steps: 131 | Train Loss: 0.3796708 Vali Loss: 0.1960535 Test Loss: 0.2701875
Validation loss decreased (0.196200 --> 0.196054).  Saving model ...
Updating learning rate to 0.00015625
	iters: 100, epoch: 9 | loss: 0.3648166
	speed: 0.0508s/iter; left time: 141.3207s
Epoch: 9 cost time: 2.4216794967651367
Epoch: 9, Steps: 131 | Train Loss: 0.3795835 Vali Loss: 0.1961607 Test Loss: 0.2701540
EarlyStopping counter: 1 out of 5
Updating learning rate to 7.8125e-05
	iters: 100, epoch: 10 | loss: 0.3919145
	speed: 0.0533s/iter; left time: 141.3728s
Epoch: 10 cost time: 2.685950756072998
Epoch: 10, Steps: 131 | Train Loss: 0.3795480 Vali Loss: 0.1960344 Test Loss: 0.2701862
Validation loss decreased (0.196054 --> 0.196034).  Saving model ...
Updating learning rate to 3.90625e-05
	iters: 100, epoch: 11 | loss: 0.3035560
	speed: 0.0533s/iter; left time: 134.4853s
Epoch: 11 cost time: 2.617325782775879
Epoch: 11, Steps: 131 | Train Loss: 0.3795152 Vali Loss: 0.1960048 Test Loss: 0.2701761
Validation loss decreased (0.196034 --> 0.196005).  Saving model ...
Updating learning rate to 1.953125e-05
	iters: 100, epoch: 12 | loss: 0.3410326
	speed: 0.0518s/iter; left time: 123.8512s
Epoch: 12 cost time: 2.6390199661254883
Epoch: 12, Steps: 131 | Train Loss: 0.3794773 Vali Loss: 0.1961113 Test Loss: 0.2701831
EarlyStopping counter: 1 out of 5
Updating learning rate to 9.765625e-06
	iters: 100, epoch: 13 | loss: 0.3489957
	speed: 0.0523s/iter; left time: 118.0560s
Epoch: 13 cost time: 2.723702907562256
Epoch: 13, Steps: 131 | Train Loss: 0.3795328 Vali Loss: 0.1961472 Test Loss: 0.2701788
EarlyStopping counter: 2 out of 5
Updating learning rate to 4.8828125e-06
	iters: 100, epoch: 14 | loss: 0.4049191
	speed: 0.0540s/iter; left time: 114.9527s
Epoch: 14 cost time: 2.7330381870269775
Epoch: 14, Steps: 131 | Train Loss: 0.3795269 Vali Loss: 0.1960964 Test Loss: 0.2701800
EarlyStopping counter: 3 out of 5
Updating learning rate to 2.44140625e-06
	iters: 100, epoch: 15 | loss: 0.3830162
	speed: 0.0542s/iter; left time: 108.2416s
Epoch: 15 cost time: 2.4530246257781982
Epoch: 15, Steps: 131 | Train Loss: 0.3795886 Vali Loss: 0.1960848 Test Loss: 0.2701808
EarlyStopping counter: 4 out of 5
Updating learning rate to 1.220703125e-06
	iters: 100, epoch: 16 | loss: 0.3804789
	speed: 0.0503s/iter; left time: 93.8892s
Epoch: 16 cost time: 2.4757065773010254
Epoch: 16, Steps: 131 | Train Loss: 0.3796405 Vali Loss: 0.1960733 Test Loss: 0.2701802
EarlyStopping counter: 5 out of 5
Early stopping
>>>>>>>testing : long_term_forecast_ETTm2_pred336_L720_p2_r10_LUMA_ETTm2_ftM_sl720_ll48_pl336_dm512_nh8_el2_dl1_df2048_expand2_dc4_fc1_ebtimeF_dtTrue_Exp_0<<<<<<<<<<<<<<<<<<<<<<<<<<<<<<<<<
test 11185
test shape: (11185, 336, 7) (11185, 336, 7)
test shape: (11185, 336, 7) (11185, 336, 7)
mse:0.27086788415908813, mae:0.3281617760658264, dtw:Not calculated
