Using GPU
Args in experiment:
[1mBasic Config[0m
  Task Name:          long_term_forecast  Is Training:        1                   
  Model ID:           ETTm2_pred336_L192_p2_r10Model:              LUMA                

[1mData Loader[0m
  Data:               ETTm2               Root Path:          ./dataset/ETT-small/
  Data Path:          ETTm2.csv           Features:           M                   
  Target:             OT                  Freq:               t                   
  Checkpoints:        ./checkpoints/      

[1mForecasting Task[0m
  Seq Len:            192                 Label Len:          48                  
  Pred Len:           336                 Seasonal Patterns:  Monthly             
  Inverse:            0                   

[1mModel Parameters[0m
  Top k:              5                   Num Kernels:        6                   
  Enc In:             7                   Dec In:             7                   
  C Out:              7                   d model:            512                 
  n heads:            8                   e layers:           2                   
  d layers:           1                   d FF:               2048                
  Moving Avg:         25                  Factor:             1                   
  Distil:             1                   Dropout:            0.001               
  Embed:              timeF               Activation:         gelu                

[1mRun Parameters[0m
  Num Workers:        10                  Itr:                1                   
  Train Epochs:       30                  Batch Size:         256                 
  Patience:           5                   Learning Rate:      0.02                
  Des:                Exp                 Loss:               MSE                 
  Lradj:              type1               Use Amp:            0                   

[1mGPU[0m
  Use GPU:            1                   GPU:                0                   
  Use Multi GPU:      0                   Devices:            0,1,2,3             

[1mDe-stationary Projector Params[0m
  P Hidden Dims:      128, 128            P Hidden Layers:    2                   

Use GPU: cuda:0
[LUMA] period_len=2  rank=10  seg_x=96  seg_y=168  task=long_term_forecast
>>>>>>>start training : long_term_forecast_ETTm2_pred336_L192_p2_r10_LUMA_ETTm2_ftM_sl192_ll48_pl336_dm512_nh8_el2_dl1_df2048_expand2_dc4_fc1_ebtimeF_dtTrue_Exp_0>>>>>>>>>>>>>>>>>>>>>>>>>>
+---------------+------------+
|    Modules    | Parameters |
+---------------+------------+
| conv1d.weight |     3      |
|   lowrank.U   |    1680    |
|   lowrank.s   |     10     |
|   lowrank.V   |    960     |
+---------------+------------+
Total Trainable Params: 2653
train 34033
val 11185
test 11185
	iters: 100, epoch: 1 | loss: 0.3847470
	speed: 0.0315s/iter; left time: 122.5551s
Epoch: 1 cost time: 2.7126033306121826
Epoch: 1, Steps: 133 | Train Loss: 0.4325540 Vali Loss: 0.2123143 Test Loss: 0.2901505
Validation loss decreased (inf --> 0.212314).  Saving model ...
Updating learning rate to 0.02
	iters: 100, epoch: 2 | loss: 0.3731942
	speed: 0.0363s/iter; left time: 136.2902s
Epoch: 2 cost time: 1.6680312156677246
Epoch: 2, Steps: 133 | Train Loss: 0.4234724 Vali Loss: 0.2109363 Test Loss: 0.2892985
Validation loss decreased (0.212314 --> 0.210936).  Saving model ...
Updating learning rate to 0.01
	iters: 100, epoch: 3 | loss: 0.4036669
	speed: 0.0397s/iter; left time: 143.9785s
Epoch: 3 cost time: 1.7024333477020264
Epoch: 3, Steps: 133 | Train Loss: 0.4205137 Vali Loss: 0.2092985 Test Loss: 0.2876308
Validation loss decreased (0.210936 --> 0.209298).  Saving model ...
Updating learning rate to 0.005
	iters: 100, epoch: 4 | loss: 0.4165620
	speed: 0.0391s/iter; left time: 136.4744s
Epoch: 4 cost time: 1.8147225379943848
Epoch: 4, Steps: 133 | Train Loss: 0.4191667 Vali Loss: 0.2094557 Test Loss: 0.2862820
EarlyStopping counter: 1 out of 5
Updating learning rate to 0.0025
	iters: 100, epoch: 5 | loss: 0.3068177
	speed: 0.0392s/iter; left time: 131.6257s
Epoch: 5 cost time: 1.7683227062225342
Epoch: 5, Steps: 133 | Train Loss: 0.4182810 Vali Loss: 0.2089801 Test Loss: 0.2849842
Validation loss decreased (0.209298 --> 0.208980).  Saving model ...
Updating learning rate to 0.00125
	iters: 100, epoch: 6 | loss: 0.5068415
	speed: 0.0405s/iter; left time: 130.6034s
Epoch: 6 cost time: 1.93986177444458
Epoch: 6, Steps: 133 | Train Loss: 0.4178364 Vali Loss: 0.2090045 Test Loss: 0.2850110
EarlyStopping counter: 1 out of 5
Updating learning rate to 0.000625
	iters: 100, epoch: 7 | loss: 0.4422446
	speed: 0.0437s/iter; left time: 135.2862s
Epoch: 7 cost time: 2.090938091278076
Epoch: 7, Steps: 133 | Train Loss: 0.4176835 Vali Loss: 0.2087339 Test Loss: 0.2848743
Validation loss decreased (0.208980 --> 0.208734).  Saving model ...
Updating learning rate to 0.0003125
	iters: 100, epoch: 8 | loss: 0.3407645
	speed: 0.0437s/iter; left time: 129.4582s
Epoch: 8 cost time: 1.9547131061553955
Epoch: 8, Steps: 133 | Train Loss: 0.4175053 Vali Loss: 0.2085751 Test Loss: 0.2850046
Validation loss decreased (0.208734 --> 0.208575).  Saving model ...
Updating learning rate to 0.00015625
	iters: 100, epoch: 9 | loss: 0.3358086
	speed: 0.0425s/iter; left time: 120.0747s
Epoch: 9 cost time: 1.8516912460327148
Epoch: 9, Steps: 133 | Train Loss: 0.4174729 Vali Loss: 0.2087526 Test Loss: 0.2848995
EarlyStopping counter: 1 out of 5
Updating learning rate to 7.8125e-05
	iters: 100, epoch: 10 | loss: 0.4524401
	speed: 0.0436s/iter; left time: 117.3954s
Epoch: 10 cost time: 2.084036111831665
Epoch: 10, Steps: 133 | Train Loss: 0.4174527 Vali Loss: 0.2086383 Test Loss: 0.2848729
EarlyStopping counter: 2 out of 5
Updating learning rate to 3.90625e-05
	iters: 100, epoch: 11 | loss: 0.3565635
	speed: 0.0430s/iter; left time: 110.1722s
Epoch: 11 cost time: 2.016843557357788
Epoch: 11, Steps: 133 | Train Loss: 0.4173881 Vali Loss: 0.2086561 Test Loss: 0.2848568
EarlyStopping counter: 3 out of 5
Updating learning rate to 1.953125e-05
	iters: 100, epoch: 12 | loss: 0.3846603
	speed: 0.0440s/iter; left time: 106.8242s
Epoch: 12 cost time: 1.8574635982513428
Epoch: 12, Steps: 133 | Train Loss: 0.4174115 Vali Loss: 0.2085832 Test Loss: 0.2848439
EarlyStopping counter: 4 out of 5
Updating learning rate to 9.765625e-06
	iters: 100, epoch: 13 | loss: 0.3153570
	speed: 0.0389s/iter; left time: 89.3375s
Epoch: 13 cost time: 1.69923996925354
Epoch: 13, Steps: 133 | Train Loss: 0.4174158 Vali Loss: 0.2085856 Test Loss: 0.2848430
EarlyStopping counter: 5 out of 5
Early stopping
>>>>>>>testing : long_term_forecast_ETTm2_pred336_L192_p2_r10_LUMA_ETTm2_ftM_sl192_ll48_pl336_dm512_nh8_el2_dl1_df2048_expand2_dc4_fc1_ebtimeF_dtTrue_Exp_0<<<<<<<<<<<<<<<<<<<<<<<<<<<<<<<<<
test 11185
test shape: (11185, 336, 7) (11185, 336, 7)
test shape: (11185, 336, 7) (11185, 336, 7)
mse:0.28645139932632446, mae:0.3325825035572052, dtw:Not calculated
