Using GPU
Args in experiment:
[1mBasic Config[0m
  Task Name:          long_term_forecast  Is Training:        1                   
  Model ID:           ETTm2_pred192_L336_p2_r10Model:              LUMA                

[1mData Loader[0m
  Data:               ETTm2               Root Path:          ./dataset/ETT-small/
  Data Path:          ETTm2.csv           Features:           M                   
  Target:             OT                  Freq:               t                   
  Checkpoints:        ./checkpoints/      

[1mForecasting Task[0m
  Seq Len:            336                 Label Len:          48                  
  Pred Len:           192                 Seasonal Patterns:  Monthly             
  Inverse:            0                   

[1mModel Parameters[0m
  Top k:              5                   Num Kernels:        6                   
  Enc In:             7                   Dec In:             7                   
  C Out:              7                   d model:            512                 
  n heads:            8                   e layers:           2                   
  d layers:           1                   d FF:               2048                
  Moving Avg:         25                  Factor:             1                   
  Distil:             1                   Dropout:            0.001               
  Embed:              timeF               Activation:         gelu                

[1mRun Parameters[0m
  Num Workers:        10                  Itr:                1                   
  Train Epochs:       30                  Batch Size:         256                 
  Patience:           5                   Learning Rate:      0.02                
  Des:                Exp                 Loss:               MSE                 
  Lradj:              type1               Use Amp:            0                   

[1mGPU[0m
  Use GPU:            1                   GPU:                0                   
  Use Multi GPU:      0                   Devices:            0,1,2,3             

[1mDe-stationary Projector Params[0m
  P Hidden Dims:      128, 128            P Hidden Layers:    2                   

Use GPU: cuda:0
[LUMA] period_len=2  rank=10  seg_x=168  seg_y=96  task=long_term_forecast
>>>>>>>start training : long_term_forecast_ETTm2_pred192_L336_p2_r10_LUMA_ETTm2_ftM_sl336_ll48_pl192_dm512_nh8_el2_dl1_df2048_expand2_dc4_fc1_ebtimeF_dtTrue_Exp_0>>>>>>>>>>>>>>>>>>>>>>>>>>
+---------------+------------+
|    Modules    | Parameters |
+---------------+------------+
| conv1d.weight |     3      |
|   lowrank.U   |    960     |
|   lowrank.s   |     10     |
|   lowrank.V   |    1680    |
+---------------+------------+
Total Trainable Params: 2653
train 34033
val 11329
test 11329
	iters: 100, epoch: 1 | loss: 0.2546711
	speed: 0.0328s/iter; left time: 127.7813s
Epoch: 1 cost time: 2.9153168201446533
Epoch: 1, Steps: 133 | Train Loss: 0.3250454 Vali Loss: 0.1628174 Test Loss: 0.2239062
Validation loss decreased (inf --> 0.162817).  Saving model ...
Updating learning rate to 0.02
	iters: 100, epoch: 2 | loss: 0.3168928
	speed: 0.0387s/iter; left time: 145.4386s
Epoch: 2 cost time: 1.7898235321044922
Epoch: 2, Steps: 133 | Train Loss: 0.3112722 Vali Loss: 0.1613020 Test Loss: 0.2219698
Validation loss decreased (0.162817 --> 0.161302).  Saving model ...
Updating learning rate to 0.01
	iters: 100, epoch: 3 | loss: 0.2852394
	speed: 0.0377s/iter; left time: 136.6461s
Epoch: 3 cost time: 1.9192345142364502
Epoch: 3, Steps: 133 | Train Loss: 0.3052409 Vali Loss: 0.1596987 Test Loss: 0.2217484
Validation loss decreased (0.161302 --> 0.159699).  Saving model ...
Updating learning rate to 0.005
	iters: 100, epoch: 4 | loss: 0.2162845
	speed: 0.0403s/iter; left time: 140.8778s
Epoch: 4 cost time: 1.9532928466796875
Epoch: 4, Steps: 133 | Train Loss: 0.3044120 Vali Loss: 0.1599958 Test Loss: 0.2219959
EarlyStopping counter: 1 out of 5
Updating learning rate to 0.0025
	iters: 100, epoch: 5 | loss: 0.2717488
	speed: 0.0372s/iter; left time: 125.0118s
Epoch: 5 cost time: 1.9246206283569336
Epoch: 5, Steps: 133 | Train Loss: 0.3035099 Vali Loss: 0.1592375 Test Loss: 0.2203426
Validation loss decreased (0.159699 --> 0.159238).  Saving model ...
Updating learning rate to 0.00125
	iters: 100, epoch: 6 | loss: 0.3395209
	speed: 0.0398s/iter; left time: 128.3108s
Epoch: 6 cost time: 1.9702017307281494
Epoch: 6, Steps: 133 | Train Loss: 0.3028053 Vali Loss: 0.1590493 Test Loss: 0.2213980
Validation loss decreased (0.159238 --> 0.159049).  Saving model ...
Updating learning rate to 0.000625
	iters: 100, epoch: 7 | loss: 0.3442135
	speed: 0.0382s/iter; left time: 118.1472s
Epoch: 7 cost time: 2.1456639766693115
Epoch: 7, Steps: 133 | Train Loss: 0.3026962 Vali Loss: 0.1589220 Test Loss: 0.2200160
Validation loss decreased (0.159049 --> 0.158922).  Saving model ...
Updating learning rate to 0.0003125
	iters: 100, epoch: 8 | loss: 0.2652190
	speed: 0.0433s/iter; left time: 128.2416s
Epoch: 8 cost time: 2.0488147735595703
Epoch: 8, Steps: 133 | Train Loss: 0.3024723 Vali Loss: 0.1593167 Test Loss: 0.2205438
EarlyStopping counter: 1 out of 5
Updating learning rate to 0.00015625
	iters: 100, epoch: 9 | loss: 0.2600771
	speed: 0.0400s/iter; left time: 113.1735s
Epoch: 9 cost time: 2.0752651691436768
Epoch: 9, Steps: 133 | Train Loss: 0.3024430 Vali Loss: 0.1584873 Test Loss: 0.2201293
Validation loss decreased (0.158922 --> 0.158487).  Saving model ...
Updating learning rate to 7.8125e-05
	iters: 100, epoch: 10 | loss: 0.3161273
	speed: 0.0382s/iter; left time: 103.0272s
Epoch: 10 cost time: 1.9655158519744873
Epoch: 10, Steps: 133 | Train Loss: 0.3024173 Vali Loss: 0.1592362 Test Loss: 0.2202075
EarlyStopping counter: 1 out of 5
Updating learning rate to 3.90625e-05
	iters: 100, epoch: 11 | loss: 0.2921375
	speed: 0.0399s/iter; left time: 102.1252s
Epoch: 11 cost time: 1.9875507354736328
Epoch: 11, Steps: 133 | Train Loss: 0.3023430 Vali Loss: 0.1590326 Test Loss: 0.2202143
EarlyStopping counter: 2 out of 5
Updating learning rate to 1.953125e-05
	iters: 100, epoch: 12 | loss: 0.2865149
	speed: 0.0390s/iter; left time: 94.6695s
Epoch: 12 cost time: 1.8275668621063232
Epoch: 12, Steps: 133 | Train Loss: 0.3023393 Vali Loss: 0.1590277 Test Loss: 0.2201789
EarlyStopping counter: 3 out of 5
Updating learning rate to 9.765625e-06
	iters: 100, epoch: 13 | loss: 0.2353407
	speed: 0.0352s/iter; left time: 80.6917s
Epoch: 13 cost time: 1.7797448635101318
Epoch: 13, Steps: 133 | Train Loss: 0.3023501 Vali Loss: 0.1594593 Test Loss: 0.2201817
EarlyStopping counter: 4 out of 5
Updating learning rate to 4.8828125e-06
	iters: 100, epoch: 14 | loss: 0.3936464
	speed: 0.0407s/iter; left time: 87.8947s
Epoch: 14 cost time: 1.9092309474945068
Epoch: 14, Steps: 133 | Train Loss: 0.3023506 Vali Loss: 0.1589702 Test Loss: 0.2201784
EarlyStopping counter: 5 out of 5
Early stopping
>>>>>>>testing : long_term_forecast_ETTm2_pred192_L336_p2_r10_LUMA_ETTm2_ftM_sl336_ll48_pl192_dm512_nh8_el2_dl1_df2048_expand2_dc4_fc1_ebtimeF_dtTrue_Exp_0<<<<<<<<<<<<<<<<<<<<<<<<<<<<<<<<<
test 11329
test shape: (11329, 192, 7) (11329, 192, 7)
test shape: (11329, 192, 7) (11329, 192, 7)
mse:0.22233664989471436, mae:0.29379698634147644, dtw:Not calculated
