Using GPU
Args in experiment:
[1mBasic Config[0m
  Task Name:          long_term_forecast  Is Training:        1                   
  Model ID:           ETTm1_pred96_L96_p2_r10Model:              LUMA                

[1mData Loader[0m
  Data:               ETTm1               Root Path:          ./dataset/ETT-small/
  Data Path:          ETTm1.csv           Features:           M                   
  Target:             OT                  Freq:               t                   
  Checkpoints:        ./checkpoints/      

[1mForecasting Task[0m
  Seq Len:            96                  Label Len:          48                  
  Pred Len:           96                  Seasonal Patterns:  Monthly             
  Inverse:            0                   

[1mModel Parameters[0m
  Top k:              5                   Num Kernels:        6                   
  Enc In:             7                   Dec In:             7                   
  C Out:              7                   d model:            512                 
  n heads:            8                   e layers:           2                   
  d layers:           1                   d FF:               2048                
  Moving Avg:         25                  Factor:             1                   
  Distil:             1                   Dropout:            0.001               
  Embed:              timeF               Activation:         gelu                

[1mRun Parameters[0m
  Num Workers:        10                  Itr:                1                   
  Train Epochs:       30                  Batch Size:         256                 
  Patience:           5                   Learning Rate:      0.02                
  Des:                Exp                 Loss:               MSE                 
  Lradj:              type1               Use Amp:            0                   

[1mGPU[0m
  Use GPU:            1                   GPU:                0                   
  Use Multi GPU:      0                   Devices:            0,1,2,3             

[1mDe-stationary Projector Params[0m
  P Hidden Dims:      128, 128            P Hidden Layers:    2                   

Use GPU: cuda:0
[LUMA] period_len=2  rank=10  seg_x=48  seg_y=48  task=long_term_forecast
>>>>>>>start training : long_term_forecast_ETTm1_pred96_L96_p2_r10_LUMA_ETTm1_ftM_sl96_ll48_pl96_dm512_nh8_el2_dl1_df2048_expand2_dc4_fc1_ebtimeF_dtTrue_Exp_0>>>>>>>>>>>>>>>>>>>>>>>>>>
+---------------+------------+
|    Modules    | Parameters |
+---------------+------------+
| conv1d.weight |     3      |
|   lowrank.U   |    480     |
|   lowrank.s   |     10     |
|   lowrank.V   |    480     |
+---------------+------------+
Total Trainable Params: 973
train 34369
val 11425
test 11425
	iters: 100, epoch: 1 | loss: 0.3697945
	speed: 0.0278s/iter; left time: 109.7231s
Epoch: 1 cost time: 2.1572043895721436
Epoch: 1, Steps: 135 | Train Loss: 0.3616875 Vali Loss: 0.4184702 Test Loss: 0.3620599
Validation loss decreased (inf --> 0.418470).  Saving model ...
Updating learning rate to 0.02
	iters: 100, epoch: 2 | loss: 0.3391854
	speed: 0.0236s/iter; left time: 89.9228s
Epoch: 2 cost time: 1.1648170948028564
